Archive member included to satisfy reference by file (symbol)

../../DaisyExamples/libdaisy/build/libdaisy.a(daisy_seed.o)
                              build/KnobValueLED.o (daisy::DaisySeed::SetLed(bool))
../../DaisyExamples/libdaisy/build/libdaisy.a(daisy_patch.o)
                              build/KnobValueLED.o (daisy::DaisyPatch::StartAdc())
../../DaisyExamples/libdaisy/build/libdaisy.a(per_adc.o)
                              ../../DaisyExamples/libdaisy/build/libdaisy.a(daisy_patch.o) (daisy::AdcChannelConfig::InitSingle(dsy_gpio_pin))
../../DaisyExamples/libdaisy/build/libdaisy.a(hid_audio.o)
                              ../../DaisyExamples/libdaisy/build/libdaisy.a(daisy_seed.o) (dsy_audio_init)
../../DaisyExamples/libdaisy/build/libdaisy.a(per_qspi.o)
                              ../../DaisyExamples/libdaisy/build/libdaisy.a(daisy_seed.o) (dsy_qspi_init)
../../DaisyExamples/libdaisy/build/libdaisy.a(dev_sdram.o)
                              ../../DaisyExamples/libdaisy/build/libdaisy.a(daisy_seed.o) (dsy_sdram_init)
../../DaisyExamples/libdaisy/build/libdaisy.a(sys_system.o)
                              ../../DaisyExamples/libdaisy/build/libdaisy.a(daisy_seed.o) (dsy_system_init)
../../DaisyExamples/libdaisy/build/libdaisy.a(per_i2c.o)
                              ../../DaisyExamples/libdaisy/build/libdaisy.a(hid_audio.o) (dsy_i2c_init)
../../DaisyExamples/libdaisy/build/libdaisy.a(per_sai.o)
                              ../../DaisyExamples/libdaisy/build/libdaisy.a(hid_audio.o) (hsai_BlockA1)
../../DaisyExamples/libdaisy/build/libdaisy.a(per_gpio.o)
                              ../../DaisyExamples/libdaisy/build/libdaisy.a(daisy_seed.o) (dsy_gpio_init)
../../DaisyExamples/libdaisy/build/libdaisy.a(per_dac.o)
                              ../../DaisyExamples/libdaisy/build/libdaisy.a(daisy_patch.o) (dsy_dac_init)
../../DaisyExamples/libdaisy/build/libdaisy.a(per_tim.o)
                              ../../DaisyExamples/libdaisy/build/libdaisy.a(daisy_seed.o) (dsy_tim_init)
../../DaisyExamples/libdaisy/build/libdaisy.a(hid_ctrl.o)
                              ../../DaisyExamples/libdaisy/build/libdaisy.a(daisy_patch.o) (daisy::AnalogControl::Init(unsigned short*, float, bool, bool, float))
../../DaisyExamples/libdaisy/build/libdaisy.a(hid_encoder.o)
                              ../../DaisyExamples/libdaisy/build/libdaisy.a(daisy_patch.o) (daisy::Encoder::Init(dsy_gpio_pin, dsy_gpio_pin, dsy_gpio_pin, float))
../../DaisyExamples/libdaisy/build/libdaisy.a(hid_gatein.o)
                              ../../DaisyExamples/libdaisy/build/libdaisy.a(daisy_patch.o) (daisy::GateIn::Init(dsy_gpio_pin*))
../../DaisyExamples/libdaisy/build/libdaisy.a(hid_midi.o)
                              ../../DaisyExamples/libdaisy/build/libdaisy.a(daisy_patch.o) (daisy::MidiHandler::Init(daisy::MidiHandler::MidiInputMode, daisy::MidiHandler::MidiOutputMode))
../../DaisyExamples/libdaisy/build/libdaisy.a(hid_oled_display.o)
                              build/KnobValueLED.o (daisy::OledDisplay::Fill(bool))
../../DaisyExamples/libdaisy/build/libdaisy.a(hid_parameter.o)
                              build/KnobValueLED.o (daisy::Parameter::Init(daisy::AnalogControl, float, float, daisy::Parameter::Curve))
../../DaisyExamples/libdaisy/build/libdaisy.a(hid_switch.o)
                              ../../DaisyExamples/libdaisy/build/libdaisy.a(hid_encoder.o) (daisy::Switch::Init(dsy_gpio_pin, float))
../../DaisyExamples/libdaisy/build/libdaisy.a(util_hal_map.o)
                              ../../DaisyExamples/libdaisy/build/libdaisy.a(per_qspi.o) (dsy_hal_map_get_port)
../../DaisyExamples/libdaisy/build/libdaisy.a(util_oled_fonts.o)
                              build/KnobValueLED.o (Font_16x26)
../../DaisyExamples/libdaisy/build/libdaisy.a(stm32h7xx_hal_adc.o)
                              ../../DaisyExamples/libdaisy/build/libdaisy.a(per_adc.o) (HAL_ADC_ConfigChannel)
../../DaisyExamples/libdaisy/build/libdaisy.a(stm32h7xx_hal_adc_ex.o)
                              ../../DaisyExamples/libdaisy/build/libdaisy.a(per_adc.o) (HAL_ADCEx_Calibration_Start)
../../DaisyExamples/libdaisy/build/libdaisy.a(stm32h7xx_hal_cortex.o)
                              ../../DaisyExamples/libdaisy/build/libdaisy.a(per_qspi.o) (HAL_NVIC_SetPriority)
../../DaisyExamples/libdaisy/build/libdaisy.a(stm32h7xx_hal_dac.o)
                              ../../DaisyExamples/libdaisy/build/libdaisy.a(per_dac.o) (HAL_DAC_Init)
../../DaisyExamples/libdaisy/build/libdaisy.a(stm32h7xx_hal_dac_ex.o)
                              ../../DaisyExamples/libdaisy/build/libdaisy.a(stm32h7xx_hal_dac.o) (HAL_DACEx_DMAUnderrunCallbackCh2)
../../DaisyExamples/libdaisy/build/libdaisy.a(stm32h7xx_hal_sdram.o)
                              ../../DaisyExamples/libdaisy/build/libdaisy.a(dev_sdram.o) (HAL_SDRAM_Init)
../../DaisyExamples/libdaisy/build/libdaisy.a(stm32h7xx_hal_i2c.o)
[...]
Memory Configuration

Name             Origin             Length             Attributes
FLASH            0x0000000008000000 0x0000000000020000 xr
DTCMRAM          0x0000000020000000 0x0000000000020000 xrw
SRAM             0x0000000024000000 0x0000000000080000 xrw
RAM_D2           0x0000000030000000 0x0000000000048000 xrw
RAM_D3           0x0000000038000000 0x0000000000010000 xrw
ITCMRAM          0x0000000000000000 0x0000000000010000 xrw
SDRAM            0x00000000c0000000 0x0000000004000000 xrw
QSPIFLASH        0x0000000090000000 0x0000000000800000 xr
*default*        0x0000000000000000 0xffffffffffffffff

Linker script and memory map

LOAD /usr/local/Cellar/arm-none-eabi-gcc/9-2019-q4-major/gcc/bin/../lib/gcc/arm-none-eabi/9.2.1/thumb/v7e-m+dp/hard/crti.o
LOAD /usr/local/Cellar/arm-none-eabi-gcc/9-2019-q4-major/gcc/bin/../lib/gcc/arm-none-eabi/9.2.1/thumb/v7e-m+dp/hard/crtbegin.o
LOAD /usr/local/Cellar/arm-none-eabi-gcc/9-2019-q4-major/gcc/bin/../lib/gcc/arm-none-eabi/9.2.1/../../../../arm-none-eabi/lib/thumb/v7e-m+dp/hard/crt0.o
LOAD build/system_stm32h7xx.o
LOAD build/KnobValueLED.o
LOAD build/startup_stm32h750xx.o
LOAD ../../DaisyExamples/libdaisy/build/libdaisy.a
LOAD /usr/local/Cellar/arm-none-eabi-gcc/9-2019-q4-major/gcc/bin/../lib/gcc/arm-none-eabi/9.2.1/../../../../arm-none-eabi/lib/thumb/v7e-m+dp/hard/libnosys.a
LOAD ../../DaisyExamples/DaisySP/build/libdaisysp.a
LOAD /usr/local/Cellar/arm-none-eabi-gcc/9-2019-q4-major/gcc/bin/../lib/gcc/arm-none-eabi/9.2.1/../../../../arm-none-eabi/lib/thumb/v7e-m+dp/hard/libstdc++_nano.a
LOAD /usr/local/Cellar/arm-none-eabi-gcc/9-2019-q4-major/gcc/bin/../lib/gcc/arm-none-eabi/9.2.1/../../../../arm-none-eabi/lib/thumb/v7e-m+dp/hard/libm.a
LOAD /usr/local/Cellar/arm-none-eabi-gcc/9-2019-q4-major/gcc/bin/../lib/gcc/arm-none-eabi/9.2.1/../../../../arm-none-eabi/lib/thumb/v7e-m+dp/hard/libc_nano.a
START GROUP
LOAD /usr/local/Cellar/arm-none-eabi-gcc/9-2019-q4-major/gcc/bin/../lib/gcc/arm-none-eabi/9.2.1/thumb/v7e-m+dp/hard/libgcc.a
LOAD /usr/local/Cellar/arm-none-eabi-gcc/9-2019-q4-major/gcc/bin/../lib/gcc/arm-none-eabi/9.2.1/../../../../arm-none-eabi/lib/thumb/v7e-m+dp/hard/libc_nano.a
END GROUP
START GROUP
LOAD /usr/local/Cellar/arm-none-eabi-gcc/9-2019-q4-major/gcc/bin/../lib/gcc/arm-none-eabi/9.2.1/thumb/v7e-m+dp/hard/libgcc.a
LOAD /usr/local/Cellar/arm-none-eabi-gcc/9-2019-q4-major/gcc/bin/../lib/gcc/arm-none-eabi/9.2.1/../../../../arm-none-eabi/lib/thumb/v7e-m+dp/hard/libc_nano.a
LOAD /usr/local/Cellar/arm-none-eabi-gcc/9-2019-q4-major/gcc/bin/../lib/gcc/arm-none-eabi/9.2.1/../../../../arm-none-eabi/lib/thumb/v7e-m+dp/hard/libnosys.a
END GROUP
START GROUP
LOAD /usr/local/Cellar/arm-none-eabi-gcc/9-2019-q4-major/gcc/bin/../lib/gcc/arm-none-eabi/9.2.1/thumb/v7e-m+dp/hard/libgcc.a
LOAD /usr/local/Cellar/arm-none-eabi-gcc/9-2019-q4-major/gcc/bin/../lib/gcc/arm-none-eabi/9.2.1/../../../../arm-none-eabi/lib/thumb/v7e-m+dp/hard/libc_nano.a
LOAD /usr/local/Cellar/arm-none-eabi-gcc/9-2019-q4-major/gcc/bin/../lib/gcc/arm-none-eabi/9.2.1/../../../../arm-none-eabi/lib/thumb/v7e-m+dp/hard/libnosys.a
END GROUP
LOAD /usr/local/Cellar/arm-none-eabi-gcc/9-2019-q4-major/gcc/bin/../lib/gcc/arm-none-eabi/9.2.1/thumb/v7e-m+dp/hard/crtend.o
LOAD /usr/local/Cellar/arm-none-eabi-gcc/9-2019-q4-major/gcc/bin/../lib/gcc/arm-none-eabi/9.2.1/thumb/v7e-m+dp/hard/crtn.o
                0x0000000020020000                _estack = 0x20020000

.isr_vector     0x0000000008000000      0x298
                0x0000000008000000                . = ALIGN (0x4)
 *(.isr_vector)
 .isr_vector    0x0000000008000000      0x298 build/startup_stm32h750xx.o
                0x0000000008000000                g_pfnVectors
                0x0000000008000298                . = ALIGN (0x4)

.eh_frame       0x0000000008000298        0x0
 .eh_frame      0x0000000008000298        0x0 /usr/local/Cellar/arm-none-eabi-gcc/9-2019-q4-major/gcc/bin/../lib/gcc/arm-none-eabi/9.2.1/thumb/v7e-m+dp/hard/crtbegin.o

.text           0x00000000080002a0     0xdaac
                0x00000000080002a0                . = ALIGN (0x4)
                0x00000000080002a0                _stext = .
 *(.text)
 .text          0x00000000080002a0       0x40 /usr/local/Cellar/arm-none-eabi-gcc/9-2019-q4-major/gcc/bin/../lib/gcc/arm-none-eabi/9.2.1/thumb/v7e-m+dp/hard/crtbegin.o
 .text          0x00000000080002e0       0xa0 /usr/local/Cellar/arm-none-eabi-gcc/9-2019-q4-major/gcc/bin/../lib/gcc/arm-none-eabi/9.2.1/../../../../arm-none-eabi/lib/thumb/v7e-m+dp/hard/libc_nano.a(lib_a-memchr.o)
                0x00000000080002e0                memchr
 .text          0x0000000008000380       0x30 /usr/local/Cellar/arm-none-eabi-gcc/9-2019-q4-major/gcc/bin/../lib/gcc/arm-none-eabi/9.2.1/thumb/v7e-m+dp/hard/libgcc.a(_aeabi_uldivmod.o)
                0x0000000008000380                __aeabi_uldivmod
 .text          0x00000000080003b0      0x2c4 /usr/local/Cellar/arm-none-eabi-gcc/9-2019-q4-major/gcc/bin/../lib/gcc/arm-none-eabi/9.2.1/thumb/v7e-m+dp/hard/libgcc.a(_udivmoddi4.o)
                0x00000000080003b0                __udivmoddi4
 .text          0x0000000008000674        0x4 /usr/local/Cellar/arm-none-eabi-gcc/9-2019-q4-major/gcc/bin/../lib/gcc/arm-none-eabi/9.2.1/thumb/v7e-m+dp/hard/libgcc.a(_dvmd_tls.o)
                0x0000000008000674                __aeabi_ldiv0
                0x0000000008000674                __aeabi_idiv0
 *(.text*)
 .text.SystemInit
                0x0000000008000678       0x80 build/system_stm32h7xx.o
                0x0000000008000678                SystemInit
 .text._ZN5daisy9ParameterD2Ev
                0x00000000080006f8        0x4 build/KnobValueLED.o
                0x00000000080006f8                daisy::Parameter::~Parameter()
                0x00000000080006f8                daisy::Parameter::~Parameter()
 .text._ZN5daisy10DaisyPatchD2Ev
                0x00000000080006fc        0x4 build/KnobValueLED.o
                0x00000000080006fc                daisy::DaisyPatch::~DaisyPatch()
                0x00000000080006fc                daisy::DaisyPatch::~DaisyPatch()
 .text.startup.main
                0x0000000008000700      0x138 build/KnobValueLED.o
                0x0000000008000700                main
 .text.startup._GLOBAL__sub_I_patch
                0x0000000008000838       0x30 build/KnobValueLED.o
 .text.Reset_Handler
                0x0000000008000868       0x50 build/startup_stm32h750xx.o
                0x0000000008000868                Reset_Handler
 .text.Default_Handler
                0x00000000080008b8        0x2 build/startup_stm32h750xx.o
                0x00000000080008b8                SAI1_IRQHandler
                0x00000000080008b8                HASH_RNG_IRQHandler
                0x00000000080008b8                EXTI2_IRQHandler
                0x00000000080008b8                TIM8_CC_IRQHandler
                0x00000000080008b8                HRTIM1_Master_IRQHandler
                0x00000000080008b8                DebugMon_Handler
                0x00000000080008b8                UART8_IRQHandler
                0x00000000080008b8                SPI4_IRQHandler
                0x00000000080008b8                TIM1_CC_IRQHandler
                0x00000000080008b8                BDMA_Channel6_IRQHandler
                0x00000000080008b8                DMA2_Stream5_IRQHandler
                0x00000000080008b8                HRTIM1_FLT_IRQHandler
                0x00000000080008b8                JPEG_IRQHandler
                0x00000000080008b8                BDMA_Channel1_IRQHandler
                0x00000000080008b8                HRTIM1_TIMD_IRQHandler
                0x00000000080008b8                TAMP_STAMP_IRQHandler
                0x00000000080008b8                PendSV_Handler
                0x00000000080008b8                NMI_Handler
                0x00000000080008b8                EXTI3_IRQHandler
                0x00000000080008b8                LPTIM4_IRQHandler
                0x00000000080008b8                TIM8_TRG_COM_TIM14_IRQHandler
                0x00000000080008b8                LPTIM2_IRQHandler
                0x00000000080008b8                DFSDM1_FLT1_IRQHandler
                0x00000000080008b8                DMAMUX2_OVR_IRQHandler
                0x00000000080008b8                TIM8_UP_TIM13_IRQHandler
                0x00000000080008b8                I2C3_ER_IRQHandler
                0x00000000080008b8                DFSDM1_FLT2_IRQHandler
                0x00000000080008b8                MDMA_IRQHandler
                0x00000000080008b8                LPTIM3_IRQHandler
                0x00000000080008b8                HSEM1_IRQHandler
                0x00000000080008b8                EXTI0_IRQHandler
                0x00000000080008b8                I2C2_EV_IRQHandler
                0x00000000080008b8                FPU_IRQHandler
                0x00000000080008b8                OTG_HS_WKUP_IRQHandler
                0x00000000080008b8                FDCAN1_IT1_IRQHandler
                0x00000000080008b8                UsageFault_Handler
                0x00000000080008b8                LTDC_ER_IRQHandler
                0x00000000080008b8                DMA2_Stream2_IRQHandler
                0x00000000080008b8                HRTIM1_TIME_IRQHandler
                0x00000000080008b8                SPI1_IRQHandler
                0x00000000080008b8                TIM6_DAC_IRQHandler
                0x00000000080008b8                DCMI_IRQHandler
                0x00000000080008b8                HRTIM1_TIMC_IRQHandler
                0x00000000080008b8                DMA2_Stream3_IRQHandler
                0x00000000080008b8                SAI2_IRQHandler
                0x00000000080008b8                DFSDM1_FLT3_IRQHandler
                0x00000000080008b8                USART6_IRQHandler
                0x00000000080008b8                TIM17_IRQHandler
                0x00000000080008b8                USART3_IRQHandler
                0x00000000080008b8                BDMA_Channel7_IRQHandler
                0x00000000080008b8                CRYP_IRQHandler
                0x00000000080008b8                LPTIM5_IRQHandler
                0x00000000080008b8                UART5_IRQHandler
                0x00000000080008b8                ADC3_IRQHandler
                0x00000000080008b8                DMA2_Stream0_IRQHandler
                0x00000000080008b8                TIM4_IRQHandler
                0x00000000080008b8                BDMA_Channel2_IRQHandler
                0x00000000080008b8                I2C1_EV_IRQHandler
                0x00000000080008b8                DMA1_Stream6_IRQHandler
                0x00000000080008b8                DMAMUX1_OVR_IRQHandler
                0x00000000080008b8                TIM16_IRQHandler
                0x00000000080008b8                UART4_IRQHandler
                0x00000000080008b8                BDMA_Channel5_IRQHandler
                0x00000000080008b8                TIM3_IRQHandler
                0x00000000080008b8                RCC_IRQHandler
                0x00000000080008b8                TIM8_BRK_TIM12_IRQHandler
                0x00000000080008b8                TIM1_TRG_COM_IRQHandler
                0x00000000080008b8                Default_Handler
                0x00000000080008b8                ECC_IRQHandler
                0x00000000080008b8                CEC_IRQHandler
                0x00000000080008b8                EXTI15_10_IRQHandler
                0x00000000080008b8                BDMA_Channel0_IRQHandler
                0x00000000080008b8                ADC_IRQHandler
                0x00000000080008b8                DMA1_Stream7_IRQHandler
                0x00000000080008b8                HRTIM1_TIMA_IRQHandler
                0x00000000080008b8                SPI5_IRQHandler
                0x00000000080008b8                TIM7_IRQHandler
                0x00000000080008b8                SDMMC1_IRQHandler
                0x00000000080008b8                TIM5_IRQHandler
                0x00000000080008b8                DMA2_Stream7_IRQHandler
                0x00000000080008b8                TIM15_IRQHandler
                0x00000000080008b8                PVD_AVD_IRQHandler
                0x00000000080008b8                I2C3_EV_IRQHandler
                0x00000000080008b8                EXTI9_5_IRQHandler
                0x00000000080008b8                RTC_WKUP_IRQHandler
                0x00000000080008b8                LTDC_IRQHandler
                0x00000000080008b8                SAI3_IRQHandler
                0x00000000080008b8                ETH_WKUP_IRQHandler
                0x00000000080008b8                SPDIF_RX_IRQHandler
                0x00000000080008b8                SPI2_IRQHandler
                0x00000000080008b8                OTG_HS_EP1_IN_IRQHandler
                0x00000000080008b8                MemManage_Handler
                0x00000000080008b8                SVC_Handler
                0x00000000080008b8                CRS_IRQHandler
                0x00000000080008b8                EXTI4_IRQHandler
                0x00000000080008b8                HRTIM1_TIMB_IRQHandler
                0x00000000080008b8                FDCAN2_IT1_IRQHandler
                0x00000000080008b8                ETH_IRQHandler
                0x00000000080008b8                TIM1_UP_IRQHandler
                0x00000000080008b8                BDMA_Channel4_IRQHandler
                0x00000000080008b8                OTG_HS_EP1_OUT_IRQHandler
                0x00000000080008b8                WWDG_IRQHandler
                0x00000000080008b8                SPI6_IRQHandler
                0x00000000080008b8                MDIOS_IRQHandler
                0x00000000080008b8                I2C4_EV_IRQHandler
                0x00000000080008b8                FDCAN2_IT0_IRQHandler
                0x00000000080008b8                LPUART1_IRQHandler
                0x00000000080008b8                FDCAN1_IT0_IRQHandler
                0x00000000080008b8                TIM2_IRQHandler
                0x00000000080008b8                OTG_FS_WKUP_IRQHandler
                0x00000000080008b8                OTG_HS_IRQHandler
                0x00000000080008b8                DMA2D_IRQHandler
                0x00000000080008b8                TIM1_BRK_IRQHandler
                0x00000000080008b8                EXTI1_IRQHandler
                0x00000000080008b8                SDMMC2_IRQHandler
                0x00000000080008b8                OTG_FS_EP1_OUT_IRQHandler
                0x00000000080008b8                BDMA_Channel3_IRQHandler
                0x00000000080008b8                UART7_IRQHandler
                0x00000000080008b8                MDIOS_WKUP_IRQHandler
                0x00000000080008b8                USART2_IRQHandler
                0x00000000080008b8                DFSDM1_FLT0_IRQHandler
                0x00000000080008b8                SAI4_IRQHandler
                0x00000000080008b8                I2C2_ER_IRQHandler
                0x00000000080008b8                DMA2_Stream1_IRQHandler
                0x00000000080008b8                FLASH_IRQHandler
                0x00000000080008b8                DMA2_Stream4_IRQHandler
                0x00000000080008b8                BusFault_Handler
                0x00000000080008b8                OTG_FS_IRQHandler
                0x00000000080008b8                SPI3_IRQHandler
                0x00000000080008b8                WAKEUP_PIN_IRQHandler
                0x00000000080008b8                OTG_FS_EP1_IN_IRQHandler
                0x00000000080008b8                I2C1_ER_IRQHandler
                0x00000000080008b8                FMC_IRQHandler
                0x00000000080008b8                FDCAN_CAL_IRQHandler
                0x00000000080008b8                SWPMI1_IRQHandler
                0x00000000080008b8                COMP1_IRQHandler
                0x00000000080008b8                LPTIM1_IRQHandler
                0x00000000080008b8                I2C4_ER_IRQHandler
                0x00000000080008b8                DMA2_Stream6_IRQHandler
                0x00000000080008b8                RTC_Alarm_IRQHandler
 *fill*         0x00000000080008ba        0x2 
 .text._ZN5daisy9DaisySeed9ConfigureEv
                0x00000000080008bc       0xe0 ../../DaisyExamples/libdaisy/build/libdaisy.a(daisy_seed.o)
                0x00000000080008bc                daisy::DaisySeed::Configure()
 .text._ZN5daisy9DaisySeed4InitEv
                0x000000000800099c       0x34 ../../DaisyExamples/libdaisy/build/libdaisy.a(daisy_seed.o)
                0x000000000800099c                daisy::DaisySeed::Init()
 .text._ZN5daisy9DaisySeed6GetPinEh
                0x00000000080009d0       0x2c ../../DaisyExamples/libdaisy/build/libdaisy.a(daisy_seed.o)
                0x00000000080009d0                daisy::DaisySeed::GetPin(unsigned char)
 .text._ZN5daisy9DaisySeed6SetLedEb
                0x00000000080009fc        0x8 ../../DaisyExamples/libdaisy/build/libdaisy.a(daisy_seed.o)
                0x00000000080009fc                daisy::DaisySeed::SetLed(bool)
 .text._ZN5daisy10DaisyPatch8StartAdcEv
                0x0000000008000a04        0x8 ../../DaisyExamples/libdaisy/build/libdaisy.a(daisy_patch.o)
                0x0000000008000a04                daisy::DaisyPatch::StartAdc()
 .text._ZN5daisy10DaisyPatch12GetCtrlValueENS0_4CtrlE
                0x0000000008000a0c       0x10 ../../DaisyExamples/libdaisy/build/libdaisy.a(daisy_patch.o)
                0x0000000008000a0c                daisy::DaisyPatch::GetCtrlValue(daisy::DaisyPatch::Ctrl)
 .text._ZN5daisy10DaisyPatch12InitControlsEv
                0x0000000008000a1c       0xc0 ../../DaisyExamples/libdaisy/build/libdaisy.a(daisy_patch.o)
                0x0000000008000a1c                daisy::DaisyPatch::InitControls()
 .text._ZN5daisy10DaisyPatch4InitEv
                0x0000000008000adc      0x1b4 ../../DaisyExamples/libdaisy/build/libdaisy.a(daisy_patch.o)
                0x0000000008000adc                daisy::DaisyPatch::Init()
 .text._ZN5daisy16AdcChannelConfig10InitSingleE12dsy_gpio_pin
                0x0000000008000c90       0x24 ../../DaisyExamples/libdaisy/build/libdaisy.a(per_adc.o)
                0x0000000008000c90                daisy::AdcChannelConfig::InitSingle(dsy_gpio_pin)
 .text._ZN5daisy9AdcHandle4InitEPNS_16AdcChannelConfigEjNS0_12OverSamplingE
                0x0000000008000cb4      0x54c ../../DaisyExamples/libdaisy/build/libdaisy.a(per_adc.o)
                0x0000000008000cb4                daisy::AdcHandle::Init(daisy::AdcChannelConfig*, unsigned int, daisy::AdcHandle::OverSampling)
 .text._ZN5daisy9AdcHandle5StartEv
                0x0000000008001200       0x2c ../../DaisyExamples/libdaisy/build/libdaisy.a(per_adc.o)
                0x0000000008001200                daisy::AdcHandle::Start()
 .text._ZN5daisy9AdcHandle6GetPtrEh
                0x000000000800122c       0x14 ../../DaisyExamples/libdaisy/build/libdaisy.a(per_adc.o)
                0x000000000800122c                daisy::AdcHandle::GetPtr(unsigned char)
 .text.HAL_ADC_MspInit
                0x0000000008001240       0x88 ../../DaisyExamples/libdaisy/build/libdaisy.a(per_adc.o)
                0x0000000008001240                HAL_ADC_MspInit
 .text.DMA1_Stream2_IRQHandler
                0x00000000080012c8        0xc ../../DaisyExamples/libdaisy/build/libdaisy.a(per_adc.o)
                0x00000000080012c8                DMA1_Stream2_IRQHandler
 .text.HAL_ADC_ConvCpltCallback
                0x00000000080012d4       0xa8 ../../DaisyExamples/libdaisy/build/libdaisy.a(per_adc.o)
                0x00000000080012d4                HAL_ADC_ConvCpltCallback
 .text.dsy_audio_passthru
                0x000000000800137c        0xc ../../DaisyExamples/libdaisy/build/libdaisy.a(hid_audio.o)
                0x000000000800137c                dsy_audio_passthru
 .text.DMA1_Stream0_IRQHandler
                0x0000000008001388        0xc ../../DaisyExamples/libdaisy/build/libdaisy.a(hid_audio.o)
                0x0000000008001388                DMA1_Stream0_IRQHandler
 .text.DMA1_Stream1_IRQHandler
                0x0000000008001394        0xc ../../DaisyExamples/libdaisy/build/libdaisy.a(hid_audio.o)
                0x0000000008001394                DMA1_Stream1_IRQHandler
 .text.DMA1_Stream3_IRQHandler
                0x00000000080013a0        0xc ../../DaisyExamples/libdaisy/build/libdaisy.a(hid_audio.o)
                0x00000000080013a0                DMA1_Stream3_IRQHandler
 .text.DMA1_Stream4_IRQHandler
                0x00000000080013ac        0xc ../../DaisyExamples/libdaisy/build/libdaisy.a(hid_audio.o)
                0x00000000080013ac                DMA1_Stream4_IRQHandler
 .text.dsy_audio_init
                0x00000000080013b8      0x238 ../../DaisyExamples/libdaisy/build/libdaisy.a(hid_audio.o)
                0x00000000080013b8                dsy_audio_init
 .text.dsy_audio_set_blocksize
                0x00000000080015f0       0x2c ../../DaisyExamples/libdaisy/build/libdaisy.a(hid_audio.o)
                0x00000000080015f0                dsy_audio_set_blocksize
 .text.dsy_qspi_init
                0x000000000800161c      0x390 ../../DaisyExamples/libdaisy/build/libdaisy.a(per_qspi.o)
                0x000000000800161c                dsy_qspi_init
 .text.HAL_QSPI_MspInit
                0x00000000080019ac      0x10c ../../DaisyExamples/libdaisy/build/libdaisy.a(per_qspi.o)
                0x00000000080019ac                HAL_QSPI_MspInit
 .text.HAL_QSPI_MspDeInit
                0x0000000008001ab8       0x58 ../../DaisyExamples/libdaisy/build/libdaisy.a(per_qspi.o)
                0x0000000008001ab8                HAL_QSPI_MspDeInit
 .text.QUADSPI_IRQHandler
                0x0000000008001b10        0xc ../../DaisyExamples/libdaisy/build/libdaisy.a(per_qspi.o)
                0x0000000008001b10                QUADSPI_IRQHandler
 .text.dsy_sdram_init
                0x0000000008001b1c      0x120 ../../DaisyExamples/libdaisy/build/libdaisy.a(dev_sdram.o)
                0x0000000008001b1c                dsy_sdram_init
 .text.HAL_SDRAM_MspInit
                0x0000000008001c3c      0x1cc ../../DaisyExamples/libdaisy/build/libdaisy.a(dev_sdram.o)
                0x0000000008001c3c                HAL_SDRAM_MspInit
 .text.SystemClock_Config
                0x0000000008001e08      0x17c ../../DaisyExamples/libdaisy/build/libdaisy.a(sys_system.o)
 .text.SysTick_Handler
                0x0000000008001f84       0x10 ../../DaisyExamples/libdaisy/build/libdaisy.a(sys_system.o)
                0x0000000008001f84                SysTick_Handler
 .text.HardFault_Handler
                0x0000000008001f94        0x4 ../../DaisyExamples/libdaisy/build/libdaisy.a(sys_system.o)
                0x0000000008001f94                HardFault_Handler
 .text.dsy_system_init
                0x0000000008001f98       0xdc ../../DaisyExamples/libdaisy/build/libdaisy.a(sys_system.o)
                0x0000000008001f98                dsy_system_init
 .text.dsy_system_getnow
                0x0000000008002074        0x4 ../../DaisyExamples/libdaisy/build/libdaisy.a(sys_system.o)
                0x0000000008002074                dsy_system_getnow
 .text.dsy_system_delay
                0x0000000008002078        0x4 ../../DaisyExamples/libdaisy/build/libdaisy.a(sys_system.o)
                0x0000000008002078                dsy_system_delay
 .text.dsy_i2c_init
                0x000000000800207c       0xcc ../../DaisyExamples/libdaisy/build/libdaisy.a(per_i2c.o)
                0x000000000800207c                dsy_i2c_init
 .text.HAL_I2C_MspInit
                0x0000000008002148      0x2a8 ../../DaisyExamples/libdaisy/build/libdaisy.a(per_i2c.o)
                0x0000000008002148                HAL_I2C_MspInit
 .text.dsy_sai2_init
                0x00000000080023f0       0x78 ../../DaisyExamples/libdaisy/build/libdaisy.a(per_sai.o)
 .text.dsy_sai_blocks_init.constprop.0
                0x0000000008002468       0xa4 ../../DaisyExamples/libdaisy/build/libdaisy.a(per_sai.o)
 .text.dsy_sai_init_from_handle
                0x000000000800250c       0x88 ../../DaisyExamples/libdaisy/build/libdaisy.a(per_sai.o)
                0x000000000800250c                dsy_sai_init_from_handle
 .text.HAL_SAI_MspInit
                0x0000000008002594      0x41c ../../DaisyExamples/libdaisy/build/libdaisy.a(per_sai.o)
                0x0000000008002594                HAL_SAI_MspInit
 .text.dsy_gpio_init
                0x00000000080029b0       0x58 ../../DaisyExamples/libdaisy/build/libdaisy.a(per_gpio.o)
                0x00000000080029b0                dsy_gpio_init
 .text.dsy_gpio_write
                0x0000000008002a08       0x24 ../../DaisyExamples/libdaisy/build/libdaisy.a(per_gpio.o)
                0x0000000008002a08                dsy_gpio_write
 .text.dsy_dac_init
                0x0000000008002a2c       0x6c ../../DaisyExamples/libdaisy/build/libdaisy.a(per_dac.o)
                0x0000000008002a2c                dsy_dac_init
 .text.dsy_dac_write
                0x0000000008002a98       0x80 ../../DaisyExamples/libdaisy/build/libdaisy.a(per_dac.o)
                0x0000000008002a98                dsy_dac_write
 .text.HAL_DAC_MspInit
                0x0000000008002b18       0xb0 ../../DaisyExamples/libdaisy/build/libdaisy.a(per_dac.o)
                0x0000000008002b18                HAL_DAC_MspInit
 .text.dsy_tim_init
                0x0000000008002bc8       0x70 ../../DaisyExamples/libdaisy/build/libdaisy.a(per_tim.o)
                0x0000000008002bc8                dsy_tim_init
 .text.HAL_TIM_Base_MspInit
                0x0000000008002c38       0x30 ../../DaisyExamples/libdaisy/build/libdaisy.a(per_tim.o)
                0x0000000008002c38                HAL_TIM_Base_MspInit
 .text._ZN5daisy13AnalogControl4InitEPtfbbf
                0x0000000008002c68       0x34 ../../DaisyExamples/libdaisy/build/libdaisy.a(hid_ctrl.o)
                0x0000000008002c68                daisy::AnalogControl::Init(unsigned short*, float, bool, bool, float)
 .text._ZN5daisy13AnalogControl7ProcessEv
                0x0000000008002c9c       0x48 ../../DaisyExamples/libdaisy/build/libdaisy.a(hid_ctrl.o)
                0x0000000008002c9c                daisy::AnalogControl::Process()
 .text._ZN5daisy7Encoder4InitE12dsy_gpio_pinS1_S1_f
                0x0000000008002ce4       0x4c ../../DaisyExamples/libdaisy/build/libdaisy.a(hid_encoder.o)
                0x0000000008002ce4                daisy::Encoder::Init(dsy_gpio_pin, dsy_gpio_pin, dsy_gpio_pin, float)
 .text._ZN5daisy6GateIn4InitEP12dsy_gpio_pin
                0x0000000008002d30       0x10 ../../DaisyExamples/libdaisy/build/libdaisy.a(hid_gatein.o)
                0x0000000008002d30                daisy::GateIn::Init(dsy_gpio_pin*)
 .text._ZN5daisy11MidiHandler4InitENS0_13MidiInputModeENS0_14MidiOutputModeE
                0x0000000008002d40       0x1c ../../DaisyExamples/libdaisy/build/libdaisy.a(hid_midi.o)
                0x0000000008002d40                daisy::MidiHandler::Init(daisy::MidiHandler::MidiInputMode, daisy::MidiHandler::MidiOutputMode)
 .text._ZN5daisy9SpiHandleD2Ev
                0x0000000008002d5c        0x4 ../../DaisyExamples/libdaisy/build/libdaisy.a(hid_oled_display.o)
                0x0000000008002d5c                daisy::SpiHandle::~SpiHandle()
                0x0000000008002d5c                daisy::SpiHandle::~SpiHandle()
 .text._ZN5daisy11OledDisplay4FillEb
                0x0000000008002d60       0x14 ../../DaisyExamples/libdaisy/build/libdaisy.a(hid_oled_display.o)
                0x0000000008002d60                daisy::OledDisplay::Fill(bool)
 .text._ZN5daisy11OledDisplay6UpdateEv
                0x0000000008002d74       0x8c ../../DaisyExamples/libdaisy/build/libdaisy.a(hid_oled_display.o)
                0x0000000008002d74                daisy::OledDisplay::Update()
 .text._ZN5daisy11OledDisplay4InitEP12dsy_gpio_pin
                0x0000000008002e00      0x328 ../../DaisyExamples/libdaisy/build/libdaisy.a(hid_oled_display.o)
                0x0000000008002e00                daisy::OledDisplay::Init(dsy_gpio_pin*)
 .text._ZN5daisy11OledDisplay9WriteCharEc7FontDefb
                0x0000000008003128      0x1c8 ../../DaisyExamples/libdaisy/build/libdaisy.a(hid_oled_display.o)
                0x0000000008003128                daisy::OledDisplay::WriteChar(char, FontDef, bool)
 .text._ZN5daisy11OledDisplay11WriteStringEPc7FontDefb
                0x00000000080032f0       0x40 ../../DaisyExamples/libdaisy/build/libdaisy.a(hid_oled_display.o)
                0x00000000080032f0                daisy::OledDisplay::WriteString(char*, FontDef, bool)
 .text._ZN5daisy11OledDisplay9SetCursorEhh
                0x0000000008003330        0xc ../../DaisyExamples/libdaisy/build/libdaisy.a(hid_oled_display.o)
                0x0000000008003330                daisy::OledDisplay::SetCursor(unsigned char, unsigned char)
 .text.startup._GLOBAL__sub_I__ZN5daisy11OledDisplay4InitEP12dsy_gpio_pin
                0x000000000800333c       0x18 ../../DaisyExamples/libdaisy/build/libdaisy.a(hid_oled_display.o)
 .text._ZN5daisy9Parameter4InitENS_13AnalogControlEffNS0_5CurveE
                0x0000000008003354       0x6c ../../DaisyExamples/libdaisy/build/libdaisy.a(hid_parameter.o)
                0x0000000008003354                daisy::Parameter::Init(daisy::AnalogControl, float, float, daisy::Parameter::Curve)
 .text._ZN5daisy9Parameter7ProcessEv
                0x00000000080033c0       0xa4 ../../DaisyExamples/libdaisy/build/libdaisy.a(hid_parameter.o)
                0x00000000080033c0                daisy::Parameter::Process()
 .text._ZN5daisy6Switch4InitE12dsy_gpio_pinf
                0x0000000008003464       0x38 ../../DaisyExamples/libdaisy/build/libdaisy.a(hid_switch.o)
                0x0000000008003464                daisy::Switch::Init(dsy_gpio_pin, float)
 .text.dsy_hal_map_get_port
                0x000000000800349c       0x10 ../../DaisyExamples/libdaisy/build/libdaisy.a(util_hal_map.o)
                0x000000000800349c                dsy_hal_map_get_port
 .text.dsy_hal_map_get_pin
                0x00000000080034ac       0x10 ../../DaisyExamples/libdaisy/build/libdaisy.a(util_hal_map.o)
                0x00000000080034ac                dsy_hal_map_get_pin
 .text.dsy_hal_map_get_i2c
                0x00000000080034bc       0x28 ../../DaisyExamples/libdaisy/build/libdaisy.a(util_hal_map.o)
                0x00000000080034bc                dsy_hal_map_get_i2c
 .text.HAL_ADC_ConvHalfCpltCallback
                0x00000000080034e4        0x4 ../../DaisyExamples/libdaisy/build/libdaisy.a(stm32h7xx_hal_adc.o)
                0x00000000080034e4                HAL_ADC_ConvHalfCpltCallback
 .text.ADC_DMAHalfConvCplt
                0x00000000080034e8        0xc ../../DaisyExamples/libdaisy/build/libdaisy.a(stm32h7xx_hal_adc.o)
                0x00000000080034e8                ADC_DMAHalfConvCplt
 .text.HAL_ADC_ErrorCallback
                0x00000000080034f4        0x4 ../../DaisyExamples/libdaisy/build/libdaisy.a(stm32h7xx_hal_adc.o)
                0x00000000080034f4                HAL_ADC_ErrorCallback
 .text.ADC_DMAConvCplt
                0x00000000080034f8       0x6c ../../DaisyExamples/libdaisy/build/libdaisy.a(stm32h7xx_hal_adc.o)
                0x00000000080034f8                ADC_DMAConvCplt
 .text.ADC_DMAError
                0x0000000008003564       0x1c ../../DaisyExamples/libdaisy/build/libdaisy.a(stm32h7xx_hal_adc.o)
                0x0000000008003564                ADC_DMAError
 .text.HAL_ADC_ConfigChannel
                0x0000000008003580      0x3fc ../../DaisyExamples/libdaisy/build/libdaisy.a(stm32h7xx_hal_adc.o)
                0x0000000008003580                HAL_ADC_ConfigChannel
 .text.ADC_Enable
                0x000000000800397c       0xac ../../DaisyExamples/libdaisy/build/libdaisy.a(stm32h7xx_hal_adc.o)
                0x000000000800397c                ADC_Enable
 .text.HAL_ADC_Start_DMA
                0x0000000008003a28      0x118 ../../DaisyExamples/libdaisy/build/libdaisy.a(stm32h7xx_hal_adc.o)
                0x0000000008003a28                HAL_ADC_Start_DMA
 .text.ADC_Disable
                0x0000000008003b40       0x68 ../../DaisyExamples/libdaisy/build/libdaisy.a(stm32h7xx_hal_adc.o)
                0x0000000008003b40                ADC_Disable
 .text.ADC_ConfigureBoostMode
                0x0000000008003ba8      0x190 ../../DaisyExamples/libdaisy/build/libdaisy.a(stm32h7xx_hal_adc.o)
                0x0000000008003ba8                ADC_ConfigureBoostMode
 .text.HAL_ADC_Init
                0x0000000008003d38      0x214 ../../DaisyExamples/libdaisy/build/libdaisy.a(stm32h7xx_hal_adc.o)
                0x0000000008003d38                HAL_ADC_Init
 .text.HAL_ADCEx_Calibration_Start
                0x0000000008003f4c       0xa4 ../../DaisyExamples/libdaisy/build/libdaisy.a(stm32h7xx_hal_adc_ex.o)
                0x0000000008003f4c                HAL_ADCEx_Calibration_Start
 .text.HAL_ADCEx_MultiModeConfigChannel
                0x0000000008003ff0       0xc4 ../../DaisyExamples/libdaisy/build/libdaisy.a(stm32h7xx_hal_adc_ex.o)
                0x0000000008003ff0                HAL_ADCEx_MultiModeConfigChannel
 .text.HAL_NVIC_SetPriorityGrouping
                0x00000000080040b4       0x28 ../../DaisyExamples/libdaisy/build/libdaisy.a(stm32h7xx_hal_cortex.o)
                0x00000000080040b4                HAL_NVIC_SetPriorityGrouping
 .text.HAL_NVIC_SetPriority
                0x00000000080040dc       0x74 ../../DaisyExamples/libdaisy/build/libdaisy.a(stm32h7xx_hal_cortex.o)
                0x00000000080040dc                HAL_NVIC_SetPriority
 .text.HAL_NVIC_EnableIRQ
                0x0000000008004150       0x1c ../../DaisyExamples/libdaisy/build/libdaisy.a(stm32h7xx_hal_cortex.o)
                0x0000000008004150                HAL_NVIC_EnableIRQ
 .text.HAL_NVIC_DisableIRQ
                0x000000000800416c       0x28 ../../DaisyExamples/libdaisy/build/libdaisy.a(stm32h7xx_hal_cortex.o)
                0x000000000800416c                HAL_NVIC_DisableIRQ
 .text.HAL_SYSTICK_Config
                0x0000000008004194       0x30 ../../DaisyExamples/libdaisy/build/libdaisy.a(stm32h7xx_hal_cortex.o)
                0x0000000008004194                HAL_SYSTICK_Config
 .text.HAL_MPU_Disable
                0x00000000080041c4       0x20 ../../DaisyExamples/libdaisy/build/libdaisy.a(stm32h7xx_hal_cortex.o)
                0x00000000080041c4                HAL_MPU_Disable
 .text.HAL_MPU_Enable
                0x00000000080041e4       0x24 ../../DaisyExamples/libdaisy/build/libdaisy.a(stm32h7xx_hal_cortex.o)
                0x00000000080041e4                HAL_MPU_Enable
 .text.HAL_MPU_ConfigRegion
                0x0000000008004208       0x50 ../../DaisyExamples/libdaisy/build/libdaisy.a(stm32h7xx_hal_cortex.o)
                0x0000000008004208                HAL_MPU_ConfigRegion
 .text.HAL_SYSTICK_Callback
                0x0000000008004258        0x4 ../../DaisyExamples/libdaisy/build/libdaisy.a(stm32h7xx_hal_cortex.o)
                0x0000000008004258                HAL_SYSTICK_Callback
 .text.HAL_SYSTICK_IRQHandler
                0x000000000800425c        0x8 ../../DaisyExamples/libdaisy/build/libdaisy.a(stm32h7xx_hal_cortex.o)
                0x000000000800425c                HAL_SYSTICK_IRQHandler
 .text.HAL_DAC_Init
                0x0000000008004264       0x2c ../../DaisyExamples/libdaisy/build/libdaisy.a(stm32h7xx_hal_dac.o)
                0x0000000008004264                HAL_DAC_Init
 .text.HAL_DAC_Start
                0x0000000008004290       0x58 ../../DaisyExamples/libdaisy/build/libdaisy.a(stm32h7xx_hal_dac.o)
                0x0000000008004290                HAL_DAC_Start
 .text.HAL_DAC_SetValue
                0x00000000080042e8       0x30 ../../DaisyExamples/libdaisy/build/libdaisy.a(stm32h7xx_hal_dac.o)
                0x00000000080042e8                HAL_DAC_SetValue
 .text.HAL_DAC_ConfigChannel
                0x0000000008004318      0x140 ../../DaisyExamples/libdaisy/build/libdaisy.a(stm32h7xx_hal_dac.o)
                0x0000000008004318                HAL_DAC_ConfigChannel
 .text.HAL_SDRAM_Init
                0x0000000008004458       0x54 ../../DaisyExamples/libdaisy/build/libdaisy.a(stm32h7xx_hal_sdram.o)
                0x0000000008004458                HAL_SDRAM_Init
 .text.HAL_SDRAM_SendCommand
                0x00000000080044ac       0x40 ../../DaisyExamples/libdaisy/build/libdaisy.a(stm32h7xx_hal_sdram.o)
                0x00000000080044ac                HAL_SDRAM_SendCommand
 .text.HAL_SDRAM_ProgramRefreshRate
                0x00000000080044ec       0x30 ../../DaisyExamples/libdaisy/build/libdaisy.a(stm32h7xx_hal_sdram.o)
                0x00000000080044ec                HAL_SDRAM_ProgramRefreshRate
 .text.I2C_WaitOnTXISFlagUntilTimeout
                0x000000000800451c       0xb8 ../../DaisyExamples/libdaisy/build/libdaisy.a(stm32h7xx_hal_i2c.o)
 .text.I2C_WaitOnSTOPFlagUntilTimeout
                0x00000000080045d4       0xac ../../DaisyExamples/libdaisy/build/libdaisy.a(stm32h7xx_hal_i2c.o)
 .text.HAL_I2C_Init
                0x0000000008004680       0xa8 ../../DaisyExamples/libdaisy/build/libdaisy.a(stm32h7xx_hal_i2c.o)
                0x0000000008004680                HAL_I2C_Init
 .text.HAL_I2C_Master_Transmit
                0x0000000008004728      0x1b4 ../../DaisyExamples/libdaisy/build/libdaisy.a(stm32h7xx_hal_i2c.o)
                0x0000000008004728                HAL_I2C_Master_Transmit
 .text.HAL_I2CEx_ConfigAnalogFilter
                0x00000000080048dc       0x58 ../../DaisyExamples/libdaisy/build/libdaisy.a(stm32h7xx_hal_i2c_ex.o)
                0x00000000080048dc                HAL_I2CEx_ConfigAnalogFilter
 .text.HAL_I2CEx_ConfigDigitalFilter
                0x0000000008004934       0x54 ../../DaisyExamples/libdaisy/build/libdaisy.a(stm32h7xx_hal_i2c_ex.o)
                0x0000000008004934                HAL_I2CEx_ConfigDigitalFilter
 .text.QSPI_Config
                0x0000000008004988      0x1d4 ../../DaisyExamples/libdaisy/build/libdaisy.a(stm32h7xx_hal_qspi.o)
 .text.HAL_QSPI_Init
                0x0000000008004b5c       0xd8 ../../DaisyExamples/libdaisy/build/libdaisy.a(stm32h7xx_hal_qspi.o)
                0x0000000008004b5c                HAL_QSPI_Init
 .text.HAL_QSPI_DeInit
                0x0000000008004c34       0x3c ../../DaisyExamples/libdaisy/build/libdaisy.a(stm32h7xx_hal_qspi.o)
                0x0000000008004c34                HAL_QSPI_DeInit
 .text.HAL_QSPI_Command
                0x0000000008004c70       0xd4 ../../DaisyExamples/libdaisy/build/libdaisy.a(stm32h7xx_hal_qspi.o)
                0x0000000008004c70                HAL_QSPI_Command
 .text.HAL_QSPI_Transmit
                0x0000000008004d44       0xfc ../../DaisyExamples/libdaisy/build/libdaisy.a(stm32h7xx_hal_qspi.o)
                0x0000000008004d44                HAL_QSPI_Transmit
 .text.HAL_QSPI_Receive
                0x0000000008004e40      0x108 ../../DaisyExamples/libdaisy/build/libdaisy.a(stm32h7xx_hal_qspi.o)
                0x0000000008004e40                HAL_QSPI_Receive
 .text.HAL_QSPI_AutoPolling
                0x0000000008004f48       0xe8 ../../DaisyExamples/libdaisy/build/libdaisy.a(stm32h7xx_hal_qspi.o)
                0x0000000008004f48                HAL_QSPI_AutoPolling
 .text.HAL_QSPI_MemoryMapped
                0x0000000008005030       0xb8 ../../DaisyExamples/libdaisy/build/libdaisy.a(stm32h7xx_hal_qspi.o)
                0x0000000008005030                HAL_QSPI_MemoryMapped
 .text.HAL_QSPI_ErrorCallback
                0x00000000080050e8        0x4 ../../DaisyExamples/libdaisy/build/libdaisy.a(stm32h7xx_hal_qspi.o)
                0x00000000080050e8                HAL_QSPI_ErrorCallback
 .text.QSPI_DMAAbortCplt
                0x00000000080050ec       0x38 ../../DaisyExamples/libdaisy/build/libdaisy.a(stm32h7xx_hal_qspi.o)
 .text.HAL_QSPI_AbortCpltCallback
                0x0000000008005124        0x4 ../../DaisyExamples/libdaisy/build/libdaisy.a(stm32h7xx_hal_qspi.o)
                0x0000000008005124                HAL_QSPI_AbortCpltCallback
 .text.HAL_QSPI_CmdCpltCallback
                0x0000000008005128        0x4 ../../DaisyExamples/libdaisy/build/libdaisy.a(stm32h7xx_hal_qspi.o)
                0x0000000008005128                HAL_QSPI_CmdCpltCallback
 .text.HAL_QSPI_RxCpltCallback
                0x000000000800512c        0x4 ../../DaisyExamples/libdaisy/build/libdaisy.a(stm32h7xx_hal_qspi.o)
                0x000000000800512c                HAL_QSPI_RxCpltCallback
 .text.HAL_QSPI_TxCpltCallback
                0x0000000008005130        0x4 ../../DaisyExamples/libdaisy/build/libdaisy.a(stm32h7xx_hal_qspi.o)
                0x0000000008005130                HAL_QSPI_TxCpltCallback
 .text.HAL_QSPI_FifoThresholdCallback
                0x0000000008005134        0x4 ../../DaisyExamples/libdaisy/build/libdaisy.a(stm32h7xx_hal_qspi.o)
                0x0000000008005134                HAL_QSPI_FifoThresholdCallback
 .text.HAL_QSPI_StatusMatchCallback
                0x0000000008005138        0x4 ../../DaisyExamples/libdaisy/build/libdaisy.a(stm32h7xx_hal_qspi.o)
                0x0000000008005138                HAL_QSPI_StatusMatchCallback
 .text.HAL_QSPI_TimeOutCallback
                0x000000000800513c        0x4 ../../DaisyExamples/libdaisy/build/libdaisy.a(stm32h7xx_hal_qspi.o)
                0x000000000800513c                HAL_QSPI_TimeOutCallback
 .text.HAL_QSPI_IRQHandler
                0x0000000008005140      0x210 ../../DaisyExamples/libdaisy/build/libdaisy.a(stm32h7xx_hal_qspi.o)
                0x0000000008005140                HAL_QSPI_IRQHandler
 .text.HAL_SAI_Init.part.0
                0x0000000008005350      0x364 ../../DaisyExamples/libdaisy/build/libdaisy.a(stm32h7xx_hal_sai.o)
 .text.HAL_SAI_InitProtocol
                0x00000000080056b4      0x184 ../../DaisyExamples/libdaisy/build/libdaisy.a(stm32h7xx_hal_sai.o)
                0x00000000080056b4                HAL_SAI_InitProtocol
 .text.HAL_TIM_Base_Init
                0x0000000008005838      0x130 ../../DaisyExamples/libdaisy/build/libdaisy.a(stm32h7xx_hal_tim.o)
                0x0000000008005838                HAL_TIM_Base_Init
 .text.HAL_TIM_ConfigClockSource
                0x0000000008005968      0x17c ../../DaisyExamples/libdaisy/build/libdaisy.a(stm32h7xx_hal_tim.o)
                0x0000000008005968                HAL_TIM_ConfigClockSource
 .text.HAL_TIMEx_MasterConfigSynchronization
                0x0000000008005ae4       0x60 ../../DaisyExamples/libdaisy/build/libdaisy.a(stm32h7xx_hal_tim_ex.o)
                0x0000000008005ae4                HAL_TIMEx_MasterConfigSynchronization
 .text.HAL_RCC_OscConfig
                0x0000000008005b44      0x538 ../../DaisyExamples/libdaisy/build/libdaisy.a(stm32h7xx_hal_rcc.o)
                0x0000000008005b44                HAL_RCC_OscConfig
 .text.HAL_RCC_GetSysClockFreq
                0x000000000800607c      0x140 ../../DaisyExamples/libdaisy/build/libdaisy.a(stm32h7xx_hal_rcc.o)
                0x000000000800607c                HAL_RCC_GetSysClockFreq
 .text.HAL_RCC_ClockConfig
                0x00000000080061bc      0x234 ../../DaisyExamples/libdaisy/build/libdaisy.a(stm32h7xx_hal_rcc.o)
                0x00000000080061bc                HAL_RCC_ClockConfig
 .text.HAL_RCC_GetHCLKFreq
                0x00000000080063f0       0x2c ../../DaisyExamples/libdaisy/build/libdaisy.a(stm32h7xx_hal_rcc.o)
                0x00000000080063f0                HAL_RCC_GetHCLKFreq
 .text.HAL_RCC_GetPCLK1Freq
                0x000000000800641c       0x38 ../../DaisyExamples/libdaisy/build/libdaisy.a(stm32h7xx_hal_rcc.o)
                0x000000000800641c                HAL_RCC_GetPCLK1Freq
 .text.HAL_RCC_GetPCLK2Freq
                0x0000000008006454       0x38 ../../DaisyExamples/libdaisy/build/libdaisy.a(stm32h7xx_hal_rcc.o)
                0x0000000008006454                HAL_RCC_GetPCLK2Freq
 .text.RCCEx_PLL2_Config
                0x000000000800648c       0xf8 ../../DaisyExamples/libdaisy/build/libdaisy.a(stm32h7xx_hal_rcc_ex.o)
 .text.RCCEx_PLL3_Config
                0x0000000008006584       0xf8 ../../DaisyExamples/libdaisy/build/libdaisy.a(stm32h7xx_hal_rcc_ex.o)
 .text.HAL_RCCEx_PeriphCLKConfig
                0x000000000800667c      0xa7c ../../DaisyExamples/libdaisy/build/libdaisy.a(stm32h7xx_hal_rcc_ex.o)
                0x000000000800667c                HAL_RCCEx_PeriphCLKConfig
 .text.HAL_RCCEx_GetD3PCLK1Freq
                0x00000000080070f8       0x24 ../../DaisyExamples/libdaisy/build/libdaisy.a(stm32h7xx_hal_rcc_ex.o)
                0x00000000080070f8                HAL_RCCEx_GetD3PCLK1Freq
 .text.HAL_RCCEx_GetPLL2ClockFreq
                0x000000000800711c      0x17c ../../DaisyExamples/libdaisy/build/libdaisy.a(stm32h7xx_hal_rcc_ex.o)
                0x000000000800711c                HAL_RCCEx_GetPLL2ClockFreq
 .text.HAL_RCCEx_GetPLL3ClockFreq
                0x0000000008007298      0x17c ../../DaisyExamples/libdaisy/build/libdaisy.a(stm32h7xx_hal_rcc_ex.o)
                0x0000000008007298                HAL_RCCEx_GetPLL3ClockFreq
 .text.HAL_RCCEx_GetPLL1ClockFreq
                0x0000000008007414      0x17c ../../DaisyExamples/libdaisy/build/libdaisy.a(stm32h7xx_hal_rcc_ex.o)
                0x0000000008007414                HAL_RCCEx_GetPLL1ClockFreq
 .text.HAL_RCCEx_GetPeriphCLKFreq
                0x0000000008007590      0x198 ../../DaisyExamples/libdaisy/build/libdaisy.a(stm32h7xx_hal_rcc_ex.o)
                0x0000000008007590                HAL_RCCEx_GetPeriphCLKFreq
 .text.HAL_RCCEx_GetD1SysClockFreq
                0x0000000008007728       0x2c ../../DaisyExamples/libdaisy/build/libdaisy.a(stm32h7xx_hal_rcc_ex.o)
                0x0000000008007728                HAL_RCCEx_GetD1SysClockFreq
 .text.HAL_GPIO_Init
                0x0000000008007754      0x248 ../../DaisyExamples/libdaisy/build/libdaisy.a(stm32h7xx_hal_gpio.o)
                0x0000000008007754                HAL_GPIO_Init
 .text.HAL_GPIO_DeInit
                0x000000000800799c      0x19c ../../DaisyExamples/libdaisy/build/libdaisy.a(stm32h7xx_hal_gpio.o)
                0x000000000800799c                HAL_GPIO_DeInit
 .text.HAL_GPIO_WritePin
                0x0000000008007b38        0x8 ../../DaisyExamples/libdaisy/build/libdaisy.a(stm32h7xx_hal_gpio.o)
                0x0000000008007b38                HAL_GPIO_WritePin
 .text.DMA_CalcBaseAndBitshift
                0x0000000008007b40       0xf8 ../../DaisyExamples/libdaisy/build/libdaisy.a(stm32h7xx_hal_dma.o)
 .text.DMA_CalcDMAMUXChannelBaseAndMask
                0x0000000008007c38       0xd8 ../../DaisyExamples/libdaisy/build/libdaisy.a(stm32h7xx_hal_dma.o)
 .text.HAL_DMA_Init
                0x0000000008007d10      0x394 ../../DaisyExamples/libdaisy/build/libdaisy.a(stm32h7xx_hal_dma.o)
                0x0000000008007d10                HAL_DMA_Init
 .text.HAL_DMA_Start_IT
                0x00000000080080a4      0x250 ../../DaisyExamples/libdaisy/build/libdaisy.a(stm32h7xx_hal_dma.o)
                0x00000000080080a4                HAL_DMA_Start_IT
 .text.HAL_DMA_Abort_IT
                0x00000000080082f4      0x13c ../../DaisyExamples/libdaisy/build/libdaisy.a(stm32h7xx_hal_dma.o)
                0x00000000080082f4                HAL_DMA_Abort_IT
 .text.HAL_DMA_IRQHandler
                0x0000000008008430      0x6bc ../../DaisyExamples/libdaisy/build/libdaisy.a(stm32h7xx_hal_dma.o)
                0x0000000008008430                HAL_DMA_IRQHandler
 .text.HAL_MDMA_Abort_IT
                0x0000000008008aec       0x2c ../../DaisyExamples/libdaisy/build/libdaisy.a(stm32h7xx_hal_mdma.o)
                0x0000000008008aec                HAL_MDMA_Abort_IT
 .text.HAL_PWREx_ConfigSupply
                0x0000000008008b18       0x4c ../../DaisyExamples/libdaisy/build/libdaisy.a(stm32h7xx_hal_pwr_ex.o)
                0x0000000008008b18                HAL_PWREx_ConfigSupply
 .text.HAL_PWREx_EnableUSBVoltageDetector
                0x0000000008008b64       0x10 ../../DaisyExamples/libdaisy/build/libdaisy.a(stm32h7xx_hal_pwr_ex.o)
                0x0000000008008b64                HAL_PWREx_EnableUSBVoltageDetector
 .text.HAL_MspInit
                0x0000000008008b74        0x4 ../../DaisyExamples/libdaisy/build/libdaisy.a(stm32h7xx_hal.o)
                0x0000000008008b74                HAL_MspInit
 .text.HAL_InitTick
                0x0000000008008b78       0x4c ../../DaisyExamples/libdaisy/build/libdaisy.a(stm32h7xx_hal.o)
                0x0000000008008b78                HAL_InitTick
 .text.HAL_Init
                0x0000000008008bc4       0x5c ../../DaisyExamples/libdaisy/build/libdaisy.a(stm32h7xx_hal.o)
                0x0000000008008bc4                HAL_Init
 .text.HAL_IncTick
                0x0000000008008c20       0x18 ../../DaisyExamples/libdaisy/build/libdaisy.a(stm32h7xx_hal.o)
                0x0000000008008c20                HAL_IncTick
 .text.HAL_GetTick
                0x0000000008008c38        0xc ../../DaisyExamples/libdaisy/build/libdaisy.a(stm32h7xx_hal.o)
                0x0000000008008c38                HAL_GetTick
 .text.HAL_Delay
                0x0000000008008c44       0x24 ../../DaisyExamples/libdaisy/build/libdaisy.a(stm32h7xx_hal.o)
                0x0000000008008c44                HAL_Delay
 .text.HAL_GetREVID
                0x0000000008008c68        0xc ../../DaisyExamples/libdaisy/build/libdaisy.a(stm32h7xx_hal.o)
                0x0000000008008c68                HAL_GetREVID
 .text.codec_pcm3060_init
                0x0000000008008c74       0x80 ../../DaisyExamples/libdaisy/build/libdaisy.a(dev_codec_pcm3060.o)
                0x0000000008008c74                codec_pcm3060_init
 .text.codec_wm8731_init
                0x0000000008008cf4      0x20c ../../DaisyExamples/libdaisy/build/libdaisy.a(dev_codec_wm8731.o)
                0x0000000008008cf4                codec_wm8731_init
 .text.codec_ak4556_init
                0x0000000008008f00       0x34 ../../DaisyExamples/libdaisy/build/libdaisy.a(dev_codec_ak4556.o)
                0x0000000008008f00                codec_ak4556_init
 .text.dsy_dma_init
                0x0000000008008f34       0x88 ../../DaisyExamples/libdaisy/build/libdaisy.a(sys_dma.o)
                0x0000000008008f34                dsy_dma_init
 .text._ZN5daisy9SpiHandle4InitEv
                0x0000000008008fbc       0x58 ../../DaisyExamples/libdaisy/build/libdaisy.a(per_spi.o)
                0x0000000008008fbc                daisy::SpiHandle::Init()
 .text._ZN5daisy9SpiHandle16BlockingTransmitEPhj
                0x0000000008009014       0x10 ../../DaisyExamples/libdaisy/build/libdaisy.a(per_spi.o)
                0x0000000008009014                daisy::SpiHandle::BlockingTransmit(unsigned char*, unsigned int)
 .text.HAL_SPI_MspInit
                0x0000000008009024       0xdc ../../DaisyExamples/libdaisy/build/libdaisy.a(per_spi.o)
                0x0000000008009024                HAL_SPI_MspInit
 .text._ZN5daisy11UartHandler4InitEv
                0x0000000008009100       0x74 ../../DaisyExamples/libdaisy/build/libdaisy.a(per_uart.o)
                0x0000000008009100                daisy::UartHandler::Init()
 .text.HAL_UART_ErrorCallback
                0x0000000008009174       0x14 ../../DaisyExamples/libdaisy/build/libdaisy.a(per_uart.o)
                0x0000000008009174                HAL_UART_ErrorCallback
 .text.HAL_UART_MspInit
                0x0000000008009188       0xe4 ../../DaisyExamples/libdaisy/build/libdaisy.a(per_uart.o)
                0x0000000008009188                HAL_UART_MspInit
 .text.USART1_IRQHandler
                0x000000000800926c        0xc ../../DaisyExamples/libdaisy/build/libdaisy.a(per_uart.o)
                0x000000000800926c                USART1_IRQHandler
 .text.DMA1_Stream5_IRQHandler
                0x0000000008009278        0xc ../../DaisyExamples/libdaisy/build/libdaisy.a(per_uart.o)
                0x0000000008009278                DMA1_Stream5_IRQHandler
 .text.FMC_SDRAM_Init
                0x0000000008009284       0x78 ../../DaisyExamples/libdaisy/build/libdaisy.a(stm32h7xx_ll_fmc.o)
                0x0000000008009284                FMC_SDRAM_Init
 .text.FMC_SDRAM_Timing_Init
                0x00000000080092fc       0x98 ../../DaisyExamples/libdaisy/build/libdaisy.a(stm32h7xx_ll_fmc.o)
                0x00000000080092fc                FMC_SDRAM_Timing_Init
 .text.FMC_SDRAM_SendCommand
                0x0000000008009394       0x24 ../../DaisyExamples/libdaisy/build/libdaisy.a(stm32h7xx_ll_fmc.o)
                0x0000000008009394                FMC_SDRAM_SendCommand
 .text.FMC_SDRAM_ProgramRefreshRate
                0x00000000080093b8       0x1c ../../DaisyExamples/libdaisy/build/libdaisy.a(stm32h7xx_ll_fmc.o)
                0x00000000080093b8                FMC_SDRAM_ProgramRefreshRate
 .text.SPI_CloseTransfer
                0x00000000080093d4       0xb8 ../../DaisyExamples/libdaisy/build/libdaisy.a(stm32h7xx_hal_spi.o)
 .text.HAL_SPI_Init
                0x000000000800948c      0x168 ../../DaisyExamples/libdaisy/build/libdaisy.a(stm32h7xx_hal_spi.o)
                0x000000000800948c                HAL_SPI_Init
 .text.HAL_SPI_Transmit
                0x00000000080095f4      0x32c ../../DaisyExamples/libdaisy/build/libdaisy.a(stm32h7xx_hal_spi.o)
                0x00000000080095f4                HAL_SPI_Transmit
 .text.HAL_UART_TxCpltCallback
                0x0000000008009920        0x4 ../../DaisyExamples/libdaisy/build/libdaisy.a(stm32h7xx_hal_uart.o)
                0x0000000008009920                HAL_UART_TxCpltCallback
 .text.HAL_UART_IRQHandler
                0x0000000008009924      0x1cc ../../DaisyExamples/libdaisy/build/libdaisy.a(stm32h7xx_hal_uart.o)
                0x0000000008009924                HAL_UART_IRQHandler
 .text.UART_DMAAbortOnError
                0x0000000008009af0       0x14 ../../DaisyExamples/libdaisy/build/libdaisy.a(stm32h7xx_hal_uart.o)
 *fill*         0x0000000008009b04        0x4 
 .text.UART_SetConfig
                0x0000000008009b08     0x14dc ../../DaisyExamples/libdaisy/build/libdaisy.a(stm32h7xx_hal_uart.o)
                0x0000000008009b08                UART_SetConfig
 .text.UART_AdvFeatureConfig
                0x000000000800afe4       0xb0 ../../DaisyExamples/libdaisy/build/libdaisy.a(stm32h7xx_hal_uart.o)
                0x000000000800afe4                UART_AdvFeatureConfig
 .text.UART_CheckIdleState
                0x000000000800b094       0x84 ../../DaisyExamples/libdaisy/build/libdaisy.a(stm32h7xx_hal_uart.o)
                0x000000000800b094                UART_CheckIdleState
 .text.HAL_UART_Init
                0x000000000800b118       0x68 ../../DaisyExamples/libdaisy/build/libdaisy.a(stm32h7xx_hal_uart.o)
                0x000000000800b118                HAL_UART_Init
 .text.HAL_UARTEx_WakeupCallback
                0x000000000800b180        0x4 ../../DaisyExamples/libdaisy/build/libdaisy.a(stm32h7xx_hal_uart_ex.o)
                0x000000000800b180                HAL_UARTEx_WakeupCallback
 .text.HAL_UARTEx_RxFifoFullCallback
                0x000000000800b184        0x4 ../../DaisyExamples/libdaisy/build/libdaisy.a(stm32h7xx_hal_uart_ex.o)
                0x000000000800b184                HAL_UARTEx_RxFifoFullCallback
 .text.HAL_UARTEx_TxFifoEmptyCallback
                0x000000000800b188        0x4 ../../DaisyExamples/libdaisy/build/libdaisy.a(stm32h7xx_hal_uart_ex.o)
                0x000000000800b188                HAL_UARTEx_TxFifoEmptyCallback
 .text.HAL_UARTEx_DisableFifoMode
                0x000000000800b18c       0x3c ../../DaisyExamples/libdaisy/build/libdaisy.a(stm32h7xx_hal_uart_ex.o)
                0x000000000800b18c                HAL_UARTEx_DisableFifoMode
 .text.HAL_UARTEx_SetTxFifoThreshold
                0x000000000800b1c8       0xac ../../DaisyExamples/libdaisy/build/libdaisy.a(stm32h7xx_hal_uart_ex.o)
                0x000000000800b1c8                HAL_UARTEx_SetTxFifoThreshold
 .text.HAL_UARTEx_SetRxFifoThreshold
                0x000000000800b274       0xac ../../DaisyExamples/libdaisy/build/libdaisy.a(stm32h7xx_hal_uart_ex.o)
                0x000000000800b274                HAL_UARTEx_SetRxFifoThreshold
 .text.__aeabi_atexit
                0x000000000800b320        0xa /usr/local/Cellar/arm-none-eabi-gcc/9-2019-q4-major/gcc/bin/../lib/gcc/arm-none-eabi/9.2.1/../../../../arm-none-eabi/lib/thumb/v7e-m+dp/hard/libstdc++_nano.a(atexit_arm.o)
                0x000000000800b320                __aeabi_atexit
 *fill*         0x000000000800b32a        0x2 
 .text.expf     0x000000000800b32c       0xe4 /usr/local/Cellar/arm-none-eabi-gcc/9-2019-q4-major/gcc/bin/../lib/gcc/arm-none-eabi/9.2.1/../../../../arm-none-eabi/lib/thumb/v7e-m+dp/hard/libm.a(lib_a-sf_exp.o)
                0x000000000800b32c                expf
 .text.logf     0x000000000800b410       0xd0 /usr/local/Cellar/arm-none-eabi-gcc/9-2019-q4-major/gcc/bin/../lib/gcc/arm-none-eabi/9.2.1/../../../../arm-none-eabi/lib/thumb/v7e-m+dp/hard/libm.a(lib_a-sf_log.o)
                0x000000000800b410                logf
 .text.with_errnof
                0x000000000800b4e0       0x18 /usr/local/Cellar/arm-none-eabi-gcc/9-2019-q4-major/gcc/bin/../lib/gcc/arm-none-eabi/9.2.1/../../../../arm-none-eabi/lib/thumb/v7e-m+dp/hard/libm.a(lib_a-math_errf.o)
 .text.xflowf   0x000000000800b4f8       0x20 /usr/local/Cellar/arm-none-eabi-gcc/9-2019-q4-major/gcc/bin/../lib/gcc/arm-none-eabi/9.2.1/../../../../arm-none-eabi/lib/thumb/v7e-m+dp/hard/libm.a(lib_a-math_errf.o)
 .text.__math_uflowf
                0x000000000800b518        0xc /usr/local/Cellar/arm-none-eabi-gcc/9-2019-q4-major/gcc/bin/../lib/gcc/arm-none-eabi/9.2.1/../../../../arm-none-eabi/lib/thumb/v7e-m+dp/hard/libm.a(lib_a-math_errf.o)
                0x000000000800b518                __math_uflowf
 .text.__math_may_uflowf
                0x000000000800b524        0xc /usr/local/Cellar/arm-none-eabi-gcc/9-2019-q4-major/gcc/bin/../lib/gcc/arm-none-eabi/9.2.1/../../../../arm-none-eabi/lib/thumb/v7e-m+dp/hard/libm.a(lib_a-math_errf.o)
                0x000000000800b524                __math_may_uflowf
 .text.__math_oflowf
                0x000000000800b530        0xc /usr/local/Cellar/arm-none-eabi-gcc/9-2019-q4-major/gcc/bin/../lib/gcc/arm-none-eabi/9.2.1/../../../../arm-none-eabi/lib/thumb/v7e-m+dp/hard/libm.a(lib_a-math_errf.o)
                0x000000000800b530                __math_oflowf
 .text.__math_divzerof
                0x000000000800b53c       0x24 /usr/local/Cellar/arm-none-eabi-gcc/9-2019-q4-major/gcc/bin/../lib/gcc/arm-none-eabi/9.2.1/../../../../arm-none-eabi/lib/thumb/v7e-m+dp/hard/libm.a(lib_a-math_errf.o)
                0x000000000800b53c                __math_divzerof
 .text.__math_invalidf
                0x000000000800b560       0x20 /usr/local/Cellar/arm-none-eabi-gcc/9-2019-q4-major/gcc/bin/../lib/gcc/arm-none-eabi/9.2.1/../../../../arm-none-eabi/lib/thumb/v7e-m+dp/hard/libm.a(lib_a-math_errf.o)
                0x000000000800b560                __math_invalidf
 .text.__cxa_atexit
                0x000000000800b580       0x1c /usr/local/Cellar/arm-none-eabi-gcc/9-2019-q4-major/gcc/bin/../lib/gcc/arm-none-eabi/9.2.1/../../../../arm-none-eabi/lib/thumb/v7e-m+dp/hard/libc_nano.a(lib_a-cxa_atexit.o)
                0x000000000800b580                __cxa_atexit
 .text.__errno  0x000000000800b59c        0xc /usr/local/Cellar/arm-none-eabi-gcc/9-2019-q4-major/gcc/bin/../lib/gcc/arm-none-eabi/9.2.1/../../../../arm-none-eabi/lib/thumb/v7e-m+dp/hard/libc_nano.a(lib_a-errno.o)
                0x000000000800b59c                __errno
 .text.__libc_init_array
                0x000000000800b5a8       0x48 /usr/local/Cellar/arm-none-eabi-gcc/9-2019-q4-major/gcc/bin/../lib/gcc/arm-none-eabi/9.2.1/../../../../arm-none-eabi/lib/thumb/v7e-m+dp/hard/libc_nano.a(lib_a-init.o)
                0x000000000800b5a8                __libc_init_array
 .text.memcpy   0x000000000800b5f0       0x1c /usr/local/Cellar/arm-none-eabi-gcc/9-2019-q4-major/gcc/bin/../lib/gcc/arm-none-eabi/9.2.1/../../../../arm-none-eabi/lib/thumb/v7e-m+dp/hard/libc_nano.a(lib_a-memcpy-stub.o)
                0x000000000800b5f0                memcpy
 .text.memset   0x000000000800b60c       0x10 /usr/local/Cellar/arm-none-eabi-gcc/9-2019-q4-major/gcc/bin/../lib/gcc/arm-none-eabi/9.2.1/../../../../arm-none-eabi/lib/thumb/v7e-m+dp/hard/libc_nano.a(lib_a-memset.o)
                0x000000000800b60c                memset
 .text.sprintf  0x000000000800b61c       0x40 /usr/local/Cellar/arm-none-eabi-gcc/9-2019-q4-major/gcc/bin/../lib/gcc/arm-none-eabi/9.2.1/../../../../arm-none-eabi/lib/thumb/v7e-m+dp/hard/libc_nano.a(lib_a-sprintf.o)
                0x000000000800b61c                sprintf
                0x000000000800b61c                siprintf
 .text.__ssputs_r
                0x000000000800b65c       0xb6 /usr/local/Cellar/arm-none-eabi-gcc/9-2019-q4-major/gcc/bin/../lib/gcc/arm-none-eabi/9.2.1/../../../../arm-none-eabi/lib/thumb/v7e-m+dp/hard/libc_nano.a(lib_a-nano-svfprintf.o)
                0x000000000800b65c                __ssputs_r
 *fill*         0x000000000800b712        0x2 
 .text._svfprintf_r
                0x000000000800b714      0x200 /usr/local/Cellar/arm-none-eabi-gcc/9-2019-q4-major/gcc/bin/../lib/gcc/arm-none-eabi/9.2.1/../../../../arm-none-eabi/lib/thumb/v7e-m+dp/hard/libc_nano.a(lib_a-nano-svfprintf.o)
                0x000000000800b714                _svfprintf_r
                0x000000000800b714                _svfiprintf_r
 .text._printf_common
                0x000000000800b914       0xda /usr/local/Cellar/arm-none-eabi-gcc/9-2019-q4-major/gcc/bin/../lib/gcc/arm-none-eabi/9.2.1/../../../../arm-none-eabi/lib/thumb/v7e-m+dp/hard/libc_nano.a(lib_a-nano-vfprintf_i.o)
                0x000000000800b914                _printf_common
 *fill*         0x000000000800b9ee        0x2 
 .text._printf_i
                0x000000000800b9f0      0x24c /usr/local/Cellar/arm-none-eabi-gcc/9-2019-q4-major/gcc/bin/../lib/gcc/arm-none-eabi/9.2.1/../../../../arm-none-eabi/lib/thumb/v7e-m+dp/hard/libc_nano.a(lib_a-nano-vfprintf_i.o)
                0x000000000800b9f0                _printf_i
 .text.memmove  0x000000000800bc3c       0x34 /usr/local/Cellar/arm-none-eabi-gcc/9-2019-q4-major/gcc/bin/../lib/gcc/arm-none-eabi/9.2.1/../../../../arm-none-eabi/lib/thumb/v7e-m+dp/hard/libc_nano.a(lib_a-memmove.o)
                0x000000000800bc3c                memmove
 .text._free_r  0x000000000800bc70       0xa0 /usr/local/Cellar/arm-none-eabi-gcc/9-2019-q4-major/gcc/bin/../lib/gcc/arm-none-eabi/9.2.1/../../../../arm-none-eabi/lib/thumb/v7e-m+dp/hard/libc_nano.a(lib_a-nano-freer.o)
                0x000000000800bc70                _free_r
 .text._malloc_r
                0x000000000800bd10       0xb4 /usr/local/Cellar/arm-none-eabi-gcc/9-2019-q4-major/gcc/bin/../lib/gcc/arm-none-eabi/9.2.1/../../../../arm-none-eabi/lib/thumb/v7e-m+dp/hard/libc_nano.a(lib_a-nano-mallocr.o)
                0x000000000800bd10                _malloc_r
 .text._realloc_r
                0x000000000800bdc4       0x4c /usr/local/Cellar/arm-none-eabi-gcc/9-2019-q4-major/gcc/bin/../lib/gcc/arm-none-eabi/9.2.1/../../../../arm-none-eabi/lib/thumb/v7e-m+dp/hard/libc_nano.a(lib_a-nano-reallocr.o)
                0x000000000800bdc4                _realloc_r
 .text._sbrk_r  0x000000000800be10       0x20 /usr/local/Cellar/arm-none-eabi-gcc/9-2019-q4-major/gcc/bin/../lib/gcc/arm-none-eabi/9.2.1/../../../../arm-none-eabi/lib/thumb/v7e-m+dp/hard/libc_nano.a(lib_a-sbrkr.o)
                0x000000000800be10                _sbrk_r
 .text.__malloc_lock
                0x000000000800be30        0xc /usr/local/Cellar/arm-none-eabi-gcc/9-2019-q4-major/gcc/bin/../lib/gcc/arm-none-eabi/9.2.1/../../../../arm-none-eabi/lib/thumb/v7e-m+dp/hard/libc_nano.a(lib_a-mlock.o)
                0x000000000800be30                __malloc_lock
 .text.__malloc_unlock
                0x000000000800be3c        0xc /usr/local/Cellar/arm-none-eabi-gcc/9-2019-q4-major/gcc/bin/../lib/gcc/arm-none-eabi/9.2.1/../../../../arm-none-eabi/lib/thumb/v7e-m+dp/hard/libc_nano.a(lib_a-mlock.o)
                0x000000000800be3c                __malloc_unlock
 .text._malloc_usable_size_r
                0x000000000800be48       0x10 /usr/local/Cellar/arm-none-eabi-gcc/9-2019-q4-major/gcc/bin/../lib/gcc/arm-none-eabi/9.2.1/../../../../arm-none-eabi/lib/thumb/v7e-m+dp/hard/libc_nano.a(lib_a-nano-msizer.o)
                0x000000000800be48                _malloc_usable_size_r
 .text.__retarget_lock_acquire_recursive
                0x000000000800be58        0x2 /usr/local/Cellar/arm-none-eabi-gcc/9-2019-q4-major/gcc/bin/../lib/gcc/arm-none-eabi/9.2.1/../../../../arm-none-eabi/lib/thumb/v7e-m+dp/hard/libc_nano.a(lib_a-lock.o)
                0x000000000800be58                __retarget_lock_acquire_recursive
 .text.__retarget_lock_release_recursive
                0x000000000800be5a        0x2 /usr/local/Cellar/arm-none-eabi-gcc/9-2019-q4-major/gcc/bin/../lib/gcc/arm-none-eabi/9.2.1/../../../../arm-none-eabi/lib/thumb/v7e-m+dp/hard/libc_nano.a(lib_a-lock.o)
                0x000000000800be5a                __retarget_lock_release_recursive
 .text._sbrk    0x000000000800be5c       0x1c /usr/local/Cellar/arm-none-eabi-gcc/9-2019-q4-major/gcc/bin/../lib/gcc/arm-none-eabi/9.2.1/../../../../arm-none-eabi/lib/thumb/v7e-m+dp/hard/libnosys.a(sbrk.o)
                0x000000000800be5c                _sbrk
 *(.rodata)
 .rodata        0x000000000800be78       0x10 ../../DaisyExamples/libdaisy/build/libdaisy.a(util_hal_map.o)
 .rodata        0x000000000800be88        0x8 ../../DaisyExamples/libdaisy/build/libdaisy.a(stm32h7xx_hal_uart_ex.o)
 *(.rodata*)
 .rodata.D1CorePrescTable
                0x000000000800be90       0x10 build/system_stm32h7xx.o
                0x000000000800be90                D1CorePrescTable
 .rodata.main.str1.4
                0x000000000800bea0       0x18 build/KnobValueLED.o
 .rodata._ZL8seedgpio
                0x000000000800beb8       0x3e ../../DaisyExamples/libdaisy/build/libdaisy.a(daisy_seed.o)
 *fill*         0x000000000800bef6        0x2 
 .rodata._ZL16dsy_adc_rank_map
                0x000000000800bef8       0x40 ../../DaisyExamples/libdaisy/build/libdaisy.a(per_adc.o)
 .rodata.HAL_QSPI_MspInit.str1.4
                0x000000000800bf38        0x7 ../../DaisyExamples/libdaisy/build/libdaisy.a(per_qspi.o)
 *fill*         0x000000000800bf3f        0x1 
 .rodata.gpio_hal_pin_map
                0x000000000800bf40       0x20 ../../DaisyExamples/libdaisy/build/libdaisy.a(util_hal_map.o)
 .rodata.gpio_hal_port_map
                0x000000000800bf60       0x30 ../../DaisyExamples/libdaisy/build/libdaisy.a(util_hal_map.o)
 .rodata.Font16x26
                0x000000000800bf90     0x134c ../../DaisyExamples/libdaisy/build/libdaisy.a(util_oled_fonts.o)
 .rodata.Font7x10
                0x000000000800d2dc      0x76c ../../DaisyExamples/libdaisy/build/libdaisy.a(util_oled_fonts.o)
 .rodata.flagBitshiftOffset.17850
                0x000000000800da48        0x8 ../../DaisyExamples/libdaisy/build/libdaisy.a(stm32h7xx_hal_dma.o)
 .rodata.CSWTCH.418
                0x000000000800da50       0x29 ../../DaisyExamples/libdaisy/build/libdaisy.a(stm32h7xx_hal_uart.o)
 *fill*         0x000000000800da79        0x3 
 .rodata.CSWTCH.419
                0x000000000800da7c        0x6 ../../DaisyExamples/libdaisy/build/libdaisy.a(stm32h7xx_hal_uart.o)
 *fill*         0x000000000800da82        0x2 
 .rodata.CSWTCH.426
                0x000000000800da84        0x6 ../../DaisyExamples/libdaisy/build/libdaisy.a(stm32h7xx_hal_uart.o)
 *fill*         0x000000000800da8a        0x2 
 .rodata.HAL_UARTEx_EnableFifoMode.str1.4
                0x000000000800da8c        0x9 ../../DaisyExamples/libdaisy/build/libdaisy.a(stm32h7xx_hal_uart_ex.o)
 *fill*         0x000000000800da95        0x3 
 .rodata.__exp2f_data
                0x000000000800da98      0x148 /usr/local/Cellar/arm-none-eabi-gcc/9-2019-q4-major/gcc/bin/../lib/gcc/arm-none-eabi/9.2.1/../../../../arm-none-eabi/lib/thumb/v7e-m+dp/hard/libm.a(lib_a-sf_exp2_data.o)
                0x000000000800da98                __exp2f_data
 .rodata.__logf_data
                0x000000000800dbe0      0x120 /usr/local/Cellar/arm-none-eabi-gcc/9-2019-q4-major/gcc/bin/../lib/gcc/arm-none-eabi/9.2.1/../../../../arm-none-eabi/lib/thumb/v7e-m+dp/hard/libm.a(lib_a-sf_log_data.o)
                0x000000000800dbe0                __logf_data
 .rodata._svfprintf_r.str1.1
                0x000000000800dd00       0x11 /usr/local/Cellar/arm-none-eabi-gcc/9-2019-q4-major/gcc/bin/../lib/gcc/arm-none-eabi/9.2.1/../../../../arm-none-eabi/lib/thumb/v7e-m+dp/hard/libc_nano.a(lib_a-nano-svfprintf.o)
 .rodata._printf_i.str1.1
                0x000000000800dd11       0x22 /usr/local/Cellar/arm-none-eabi-gcc/9-2019-q4-major/gcc/bin/../lib/gcc/arm-none-eabi/9.2.1/../../../../arm-none-eabi/lib/thumb/v7e-m+dp/hard/libc_nano.a(lib_a-nano-vfprintf_i.o)
 *(.glue_7)
 .glue_7        0x000000000800dd33        0x0 linker stubs
 *(.glue_7t)
 .glue_7t       0x000000000800dd33        0x0 linker stubs
 *(.init)
 *fill*         0x000000000800dd33        0x1 
 .init          0x000000000800dd34        0x4 /usr/local/Cellar/arm-none-eabi-gcc/9-2019-q4-major/gcc/bin/../lib/gcc/arm-none-eabi/9.2.1/thumb/v7e-m+dp/hard/crti.o
                0x000000000800dd34                _init
 .init          0x000000000800dd38        0x8 /usr/local/Cellar/arm-none-eabi-gcc/9-2019-q4-major/gcc/bin/../lib/gcc/arm-none-eabi/9.2.1/thumb/v7e-m+dp/hard/crtn.o
 *(.fini)
 .fini          0x000000000800dd40        0x4 /usr/local/Cellar/arm-none-eabi-gcc/9-2019-q4-major/gcc/bin/../lib/gcc/arm-none-eabi/9.2.1/thumb/v7e-m+dp/hard/crti.o
                0x000000000800dd40                _fini
 .fini          0x000000000800dd44        0x8 /usr/local/Cellar/arm-none-eabi-gcc/9-2019-q4-major/gcc/bin/../lib/gcc/arm-none-eabi/9.2.1/thumb/v7e-m+dp/hard/crtn.o
                0x000000000800dd4c                . = ALIGN (0x4)
                0x000000000800dd4c                _etext = .

.vfp11_veneer   0x000000000800dd4c        0x0
 .vfp11_veneer  0x000000000800dd4c        0x0 linker stubs

.v4_bx          0x000000000800dd4c        0x0
 .v4_bx         0x000000000800dd4c        0x0 linker stubs

.iplt           0x000000000800dd4c        0x0
 .iplt          0x000000000800dd4c        0x0 /usr/local/Cellar/arm-none-eabi-gcc/9-2019-q4-major/gcc/bin/../lib/gcc/arm-none-eabi/9.2.1/thumb/v7e-m+dp/hard/crtbegin.o

.ARM.extab      0x000000000800dd4c        0x0
                0x000000000800dd4c                . = ALIGN (0x4)
 *(.ARM.extab)
 *(.gnu.linkonce.armextab.*)
                0x000000000800dd4c                . = ALIGN (0x4)

.exidx          0x000000000800dd4c        0x8
                0x000000000800dd4c                . = ALIGN (0x4)
                [!provide]                        PROVIDE (__exidx_start = .)
 *(.ARM.exidx*)
 .ARM.exidx     0x000000000800dd4c        0x8 /usr/local/Cellar/arm-none-eabi-gcc/9-2019-q4-major/gcc/bin/../lib/gcc/arm-none-eabi/9.2.1/thumb/v7e-m+dp/hard/libgcc.a(_udivmoddi4.o)
                0x000000000800dd54                . = ALIGN (0x4)
                [!provide]                        PROVIDE (__exidx_end = .)

.rel.dyn        0x000000000800dd54        0x0
 .rel.iplt      0x000000000800dd54        0x0 /usr/local/Cellar/arm-none-eabi-gcc/9-2019-q4-major/gcc/bin/../lib/gcc/arm-none-eabi/9.2.1/thumb/v7e-m+dp/hard/crtbegin.o

.ARM.attributes
                0x000000000800dd54       0x2e
 *(.ARM.attributes)
 .ARM.attributes
                0x000000000800dd54       0x1e /usr/local/Cellar/arm-none-eabi-gcc/9-2019-q4-major/gcc/bin/../lib/gcc/arm-none-eabi/9.2.1/thumb/v7e-m+dp/hard/crti.o
 .ARM.attributes
                0x000000000800dd72       0x32 /usr/local/Cellar/arm-none-eabi-gcc/9-2019-q4-major/gcc/bin/../lib/gcc/arm-none-eabi/9.2.1/thumb/v7e-m+dp/hard/crtbegin.o
 .ARM.attributes
                0x000000000800dda4       0x32 build/system_stm32h7xx.o
 .ARM.attributes
                0x000000000800ddd6       0x32 build/KnobValueLED.o
 .ARM.attributes
                0x000000000800de08       0x21 build/startup_stm32h750xx.o
 .ARM.attributes
                0x000000000800de29       0x32 ../../DaisyExamples/libdaisy/build/libdaisy.a(daisy_seed.o)
 .ARM.attributes
                0x000000000800de5b       0x32 ../../DaisyExamples/libdaisy/build/libdaisy.a(daisy_patch.o)
 .ARM.attributes
                0x000000000800de8d       0x32 ../../DaisyExamples/libdaisy/build/libdaisy.a(per_adc.o)
 .ARM.attributes
                0x000000000800debf       0x32 ../../DaisyExamples/libdaisy/build/libdaisy.a(hid_audio.o)
 .ARM.attributes
                0x000000000800def1       0x32 ../../DaisyExamples/libdaisy/build/libdaisy.a(per_qspi.o)
 .ARM.attributes
                0x000000000800df23       0x32 ../../DaisyExamples/libdaisy/build/libdaisy.a(dev_sdram.o)
 .ARM.attributes
                0x000000000800df55       0x32 ../../DaisyExamples/libdaisy/build/libdaisy.a(sys_system.o)
 .ARM.attributes
                0x000000000800df87       0x32 ../../DaisyExamples/libdaisy/build/libdaisy.a(per_i2c.o)
 .ARM.attributes
                0x000000000800dfb9       0x32 ../../DaisyExamples/libdaisy/build/libdaisy.a(per_sai.o)
 .ARM.attributes
                0x000000000800dfeb       0x32 ../../DaisyExamples/libdaisy/build/libdaisy.a(per_gpio.o)
 .ARM.attributes
                0x000000000800e01d       0x32 ../../DaisyExamples/libdaisy/build/libdaisy.a(per_dac.o)
 .ARM.attributes
                0x000000000800e04f       0x32 ../../DaisyExamples/libdaisy/build/libdaisy.a(per_tim.o)
 .ARM.attributes
                0x000000000800e081       0x32 ../../DaisyExamples/libdaisy/build/libdaisy.a(hid_ctrl.o)
 .ARM.attributes
                0x000000000800e0b3       0x32 ../../DaisyExamples/libdaisy/build/libdaisy.a(hid_encoder.o)
 .ARM.attributes
                0x000000000800e0e5       0x32 ../../DaisyExamples/libdaisy/build/libdaisy.a(hid_gatein.o)
 .ARM.attributes
                0x000000000800e117       0x32 ../../DaisyExamples/libdaisy/build/libdaisy.a(hid_midi.o)
 .ARM.attributes
                0x000000000800e149       0x32 ../../DaisyExamples/libdaisy/build/libdaisy.a(hid_oled_display.o)
 .ARM.attributes
                0x000000000800e17b       0x32 ../../DaisyExamples/libdaisy/build/libdaisy.a(hid_parameter.o)
 .ARM.attributes
                0x000000000800e1ad       0x32 ../../DaisyExamples/libdaisy/build/libdaisy.a(hid_switch.o)
 .ARM.attributes
                0x000000000800e1df       0x32 ../../DaisyExamples/libdaisy/build/libdaisy.a(util_hal_map.o)
 .ARM.attributes
                0x000000000800e211       0x37 ../../DaisyExamples/libdaisy/build/libdaisy.a(util_oled_fonts.o)
 .ARM.attributes
                0x000000000800e248       0x32 ../../DaisyExamples/libdaisy/build/libdaisy.a(stm32h7xx_hal_adc.o)
 .ARM.attributes
                0x000000000800e27a       0x32 ../../DaisyExamples/libdaisy/build/libdaisy.a(stm32h7xx_hal_adc_ex.o)
 .ARM.attributes
                0x000000000800e2ac       0x32 ../../DaisyExamples/libdaisy/build/libdaisy.a(stm32h7xx_hal_cortex.o)
 .ARM.attributes
                0x000000000800e2de       0x32 ../../DaisyExamples/libdaisy/build/libdaisy.a(stm32h7xx_hal_dac.o)
 .ARM.attributes
                0x000000000800e310       0x32 ../../DaisyExamples/libdaisy/build/libdaisy.a(stm32h7xx_hal_sdram.o)
 .ARM.attributes
                0x000000000800e342       0x32 ../../DaisyExamples/libdaisy/build/libdaisy.a(stm32h7xx_hal_i2c.o)
 .ARM.attributes
                0x000000000800e374       0x32 ../../DaisyExamples/libdaisy/build/libdaisy.a(stm32h7xx_hal_i2c_ex.o)
 .ARM.attributes
                0x000000000800e3a6       0x32 ../../DaisyExamples/libdaisy/build/libdaisy.a(stm32h7xx_hal_qspi.o)
 .ARM.attributes
                0x000000000800e3d8       0x32 ../../DaisyExamples/libdaisy/build/libdaisy.a(stm32h7xx_hal_sai.o)
 .ARM.attributes
                0x000000000800e40a       0x32 ../../DaisyExamples/libdaisy/build/libdaisy.a(stm32h7xx_hal_tim.o)
 .ARM.attributes
                0x000000000800e43c       0x32 ../../DaisyExamples/libdaisy/build/libdaisy.a(stm32h7xx_hal_tim_ex.o)
 .ARM.attributes
                0x000000000800e46e       0x32 ../../DaisyExamples/libdaisy/build/libdaisy.a(stm32h7xx_hal_rcc.o)
 .ARM.attributes
                0x000000000800e4a0       0x32 ../../DaisyExamples/libdaisy/build/libdaisy.a(stm32h7xx_hal_rcc_ex.o)
 .ARM.attributes
                0x000000000800e4d2       0x32 ../../DaisyExamples/libdaisy/build/libdaisy.a(stm32h7xx_hal_gpio.o)
 .ARM.attributes
                0x000000000800e504       0x32 ../../DaisyExamples/libdaisy/build/libdaisy.a(stm32h7xx_hal_dma.o)
 .ARM.attributes
                0x000000000800e536       0x32 ../../DaisyExamples/libdaisy/build/libdaisy.a(stm32h7xx_hal_mdma.o)
 .ARM.attributes
                0x000000000800e568       0x32 ../../DaisyExamples/libdaisy/build/libdaisy.a(stm32h7xx_hal_pwr_ex.o)
 .ARM.attributes
                0x000000000800e59a       0x32 ../../DaisyExamples/libdaisy/build/libdaisy.a(stm32h7xx_hal.o)
 .ARM.attributes
                0x000000000800e5cc       0x32 ../../DaisyExamples/libdaisy/build/libdaisy.a(dev_codec_pcm3060.o)
 .ARM.attributes
                0x000000000800e5fe       0x32 ../../DaisyExamples/libdaisy/build/libdaisy.a(dev_codec_wm8731.o)
 .ARM.attributes
                0x000000000800e630       0x32 ../../DaisyExamples/libdaisy/build/libdaisy.a(dev_codec_ak4556.o)
 .ARM.attributes
                0x000000000800e662       0x32 ../../DaisyExamples/libdaisy/build/libdaisy.a(sys_dma.o)
 .ARM.attributes
                0x000000000800e694       0x32 ../../DaisyExamples/libdaisy/build/libdaisy.a(per_spi.o)
 .ARM.attributes
                0x000000000800e6c6       0x32 ../../DaisyExamples/libdaisy/build/libdaisy.a(per_uart.o)
 .ARM.attributes
                0x000000000800e6f8       0x32 ../../DaisyExamples/libdaisy/build/libdaisy.a(stm32h7xx_ll_fmc.o)
 .ARM.attributes
                0x000000000800e72a       0x32 ../../DaisyExamples/libdaisy/build/libdaisy.a(stm32h7xx_hal_spi.o)
 .ARM.attributes
                0x000000000800e75c       0x32 ../../DaisyExamples/libdaisy/build/libdaisy.a(stm32h7xx_hal_uart.o)
 .ARM.attributes
                0x000000000800e78e       0x32 ../../DaisyExamples/libdaisy/build/libdaisy.a(stm32h7xx_hal_uart_ex.o)
 .ARM.attributes
                0x000000000800e7c0       0x32 /usr/local/Cellar/arm-none-eabi-gcc/9-2019-q4-major/gcc/bin/../lib/gcc/arm-none-eabi/9.2.1/../../../../arm-none-eabi/lib/thumb/v7e-m+dp/hard/libstdc++_nano.a(atexit_arm.o)
 .ARM.attributes
                0x000000000800e7f2       0x32 /usr/local/Cellar/arm-none-eabi-gcc/9-2019-q4-major/gcc/bin/../lib/gcc/arm-none-eabi/9.2.1/../../../../arm-none-eabi/lib/thumb/v7e-m+dp/hard/libm.a(lib_a-sf_exp.o)
 .ARM.attributes
                0x000000000800e824       0x30 /usr/local/Cellar/arm-none-eabi-gcc/9-2019-q4-major/gcc/bin/../lib/gcc/arm-none-eabi/9.2.1/../../../../arm-none-eabi/lib/thumb/v7e-m+dp/hard/libm.a(lib_a-sf_exp2_data.o)
 .ARM.attributes
                0x000000000800e854       0x32 /usr/local/Cellar/arm-none-eabi-gcc/9-2019-q4-major/gcc/bin/../lib/gcc/arm-none-eabi/9.2.1/../../../../arm-none-eabi/lib/thumb/v7e-m+dp/hard/libm.a(lib_a-sf_log.o)
 .ARM.attributes
                0x000000000800e886       0x30 /usr/local/Cellar/arm-none-eabi-gcc/9-2019-q4-major/gcc/bin/../lib/gcc/arm-none-eabi/9.2.1/../../../../arm-none-eabi/lib/thumb/v7e-m+dp/hard/libm.a(lib_a-sf_log_data.o)
 .ARM.attributes
                0x000000000800e8b6       0x32 /usr/local/Cellar/arm-none-eabi-gcc/9-2019-q4-major/gcc/bin/../lib/gcc/arm-none-eabi/9.2.1/../../../../arm-none-eabi/lib/thumb/v7e-m+dp/hard/libm.a(lib_a-math_errf.o)
 .ARM.attributes
                0x000000000800e8e8       0x32 /usr/local/Cellar/arm-none-eabi-gcc/9-2019-q4-major/gcc/bin/../lib/gcc/arm-none-eabi/9.2.1/../../../../arm-none-eabi/lib/thumb/v7e-m+dp/hard/libc_nano.a(lib_a-cxa_atexit.o)
 .ARM.attributes
                0x000000000800e91a       0x32 /usr/local/Cellar/arm-none-eabi-gcc/9-2019-q4-major/gcc/bin/../lib/gcc/arm-none-eabi/9.2.1/../../../../arm-none-eabi/lib/thumb/v7e-m+dp/hard/libc_nano.a(lib_a-errno.o)
 .ARM.attributes
                0x000000000800e94c       0x30 /usr/local/Cellar/arm-none-eabi-gcc/9-2019-q4-major/gcc/bin/../lib/gcc/arm-none-eabi/9.2.1/../../../../arm-none-eabi/lib/thumb/v7e-m+dp/hard/libc_nano.a(lib_a-impure.o)
 .ARM.attributes
                0x000000000800e97c       0x32 /usr/local/Cellar/arm-none-eabi-gcc/9-2019-q4-major/gcc/bin/../lib/gcc/arm-none-eabi/9.2.1/../../../../arm-none-eabi/lib/thumb/v7e-m+dp/hard/libc_nano.a(lib_a-init.o)
 .ARM.attributes
                0x000000000800e9ae       0x32 /usr/local/Cellar/arm-none-eabi-gcc/9-2019-q4-major/gcc/bin/../lib/gcc/arm-none-eabi/9.2.1/../../../../arm-none-eabi/lib/thumb/v7e-m+dp/hard/libc_nano.a(lib_a-memcpy-stub.o)
 .ARM.attributes
                0x000000000800e9e0       0x32 /usr/local/Cellar/arm-none-eabi-gcc/9-2019-q4-major/gcc/bin/../lib/gcc/arm-none-eabi/9.2.1/../../../../arm-none-eabi/lib/thumb/v7e-m+dp/hard/libc_nano.a(lib_a-memset.o)
 .ARM.attributes
                0x000000000800ea12       0x32 /usr/local/Cellar/arm-none-eabi-gcc/9-2019-q4-major/gcc/bin/../lib/gcc/arm-none-eabi/9.2.1/../../../../arm-none-eabi/lib/thumb/v7e-m+dp/hard/libc_nano.a(lib_a-sprintf.o)
 .ARM.attributes
                0x000000000800ea44       0x32 /usr/local/Cellar/arm-none-eabi-gcc/9-2019-q4-major/gcc/bin/../lib/gcc/arm-none-eabi/9.2.1/../../../../arm-none-eabi/lib/thumb/v7e-m+dp/hard/libc_nano.a(lib_a-nano-svfprintf.o)
 .ARM.attributes
                0x000000000800ea76       0x32 /usr/local/Cellar/arm-none-eabi-gcc/9-2019-q4-major/gcc/bin/../lib/gcc/arm-none-eabi/9.2.1/../../../../arm-none-eabi/lib/thumb/v7e-m+dp/hard/libc_nano.a(lib_a-nano-vfprintf_i.o)
 .ARM.attributes
                0x000000000800eaa8       0x1c /usr/local/Cellar/arm-none-eabi-gcc/9-2019-q4-major/gcc/bin/../lib/gcc/arm-none-eabi/9.2.1/../../../../arm-none-eabi/lib/thumb/v7e-m+dp/hard/libc_nano.a(lib_a-memchr.o)
 .ARM.attributes
                0x000000000800eac4       0x32 /usr/local/Cellar/arm-none-eabi-gcc/9-2019-q4-major/gcc/bin/../lib/gcc/arm-none-eabi/9.2.1/../../../../arm-none-eabi/lib/thumb/v7e-m+dp/hard/libc_nano.a(lib_a-memmove.o)
 .ARM.attributes
                0x000000000800eaf6       0x32 /usr/local/Cellar/arm-none-eabi-gcc/9-2019-q4-major/gcc/bin/../lib/gcc/arm-none-eabi/9.2.1/../../../../arm-none-eabi/lib/thumb/v7e-m+dp/hard/libc_nano.a(lib_a-nano-freer.o)
 .ARM.attributes
                0x000000000800eb28       0x32 /usr/local/Cellar/arm-none-eabi-gcc/9-2019-q4-major/gcc/bin/../lib/gcc/arm-none-eabi/9.2.1/../../../../arm-none-eabi/lib/thumb/v7e-m+dp/hard/libc_nano.a(lib_a-nano-mallocr.o)
 .ARM.attributes
                0x000000000800eb5a       0x32 /usr/local/Cellar/arm-none-eabi-gcc/9-2019-q4-major/gcc/bin/../lib/gcc/arm-none-eabi/9.2.1/../../../../arm-none-eabi/lib/thumb/v7e-m+dp/hard/libc_nano.a(lib_a-nano-reallocr.o)
 .ARM.attributes
                0x000000000800eb8c       0x32 /usr/local/Cellar/arm-none-eabi-gcc/9-2019-q4-major/gcc/bin/../lib/gcc/arm-none-eabi/9.2.1/../../../../arm-none-eabi/lib/thumb/v7e-m+dp/hard/libc_nano.a(lib_a-sbrkr.o)
 .ARM.attributes
                0x000000000800ebbe       0x32 /usr/local/Cellar/arm-none-eabi-gcc/9-2019-q4-major/gcc/bin/../lib/gcc/arm-none-eabi/9.2.1/../../../../arm-none-eabi/lib/thumb/v7e-m+dp/hard/libc_nano.a(lib_a-mlock.o)
 .ARM.attributes
                0x000000000800ebf0       0x32 /usr/local/Cellar/arm-none-eabi-gcc/9-2019-q4-major/gcc/bin/../lib/gcc/arm-none-eabi/9.2.1/../../../../arm-none-eabi/lib/thumb/v7e-m+dp/hard/libc_nano.a(lib_a-nano-msizer.o)
 .ARM.attributes
                0x000000000800ec22       0x32 /usr/local/Cellar/arm-none-eabi-gcc/9-2019-q4-major/gcc/bin/../lib/gcc/arm-none-eabi/9.2.1/../../../../arm-none-eabi/lib/thumb/v7e-m+dp/hard/libc_nano.a(lib_a-reent.o)
 .ARM.attributes
                0x000000000800ec54       0x32 /usr/local/Cellar/arm-none-eabi-gcc/9-2019-q4-major/gcc/bin/../lib/gcc/arm-none-eabi/9.2.1/../../../../arm-none-eabi/lib/thumb/v7e-m+dp/hard/libc_nano.a(lib_a-lock.o)
 .ARM.attributes
                0x000000000800ec86       0x1e /usr/local/Cellar/arm-none-eabi-gcc/9-2019-q4-major/gcc/bin/../lib/gcc/arm-none-eabi/9.2.1/thumb/v7e-m+dp/hard/libgcc.a(_aeabi_uldivmod.o)
 .ARM.attributes
                0x000000000800eca4       0x32 /usr/local/Cellar/arm-none-eabi-gcc/9-2019-q4-major/gcc/bin/../lib/gcc/arm-none-eabi/9.2.1/thumb/v7e-m+dp/hard/libgcc.a(_udivmoddi4.o)
 .ARM.attributes
                0x000000000800ecd6       0x1e /usr/local/Cellar/arm-none-eabi-gcc/9-2019-q4-major/gcc/bin/../lib/gcc/arm-none-eabi/9.2.1/thumb/v7e-m+dp/hard/libgcc.a(_dvmd_tls.o)
 .ARM.attributes
                0x000000000800ecf4       0x32 /usr/local/Cellar/arm-none-eabi-gcc/9-2019-q4-major/gcc/bin/../lib/gcc/arm-none-eabi/9.2.1/../../../../arm-none-eabi/lib/thumb/v7e-m+dp/hard/libnosys.a(sbrk.o)
 .ARM.attributes
                0x000000000800ed26       0x1e /usr/local/Cellar/arm-none-eabi-gcc/9-2019-q4-major/gcc/bin/../lib/gcc/arm-none-eabi/9.2.1/thumb/v7e-m+dp/hard/crtn.o

.preinit_array  0x000000000800dd54        0x0
                0x000000000800dd54                PROVIDE (__preinit_array_start = .)
 *(.preinit_array*)
                0x000000000800dd54                PROVIDE (__preinit_array_end = .)

.init_array     0x000000000800dd54        0xc
                0x000000000800dd54                PROVIDE (__init_array_start = .)
 *(SORT_BY_NAME(.init_array.*))
 *(.init_array*)
 .init_array    0x000000000800dd54        0x4 /usr/local/Cellar/arm-none-eabi-gcc/9-2019-q4-major/gcc/bin/../lib/gcc/arm-none-eabi/9.2.1/thumb/v7e-m+dp/hard/crtbegin.o
 .init_array    0x000000000800dd58        0x4 build/KnobValueLED.o
 .init_array    0x000000000800dd5c        0x4 ../../DaisyExamples/libdaisy/build/libdaisy.a(hid_oled_display.o)
                0x000000000800dd60                PROVIDE (__init_array_end = .)

.fini_array     0x000000000800dd60        0x4
                [!provide]                        PROVIDE (__fini_array_start = .)
 *(.fini_array*)
 .fini_array    0x000000000800dd60        0x4 /usr/local/Cellar/arm-none-eabi-gcc/9-2019-q4-major/gcc/bin/../lib/gcc/arm-none-eabi/9.2.1/thumb/v7e-m+dp/hard/crtbegin.o
 *(SORT_BY_NAME(.fini_array.*))
                [!provide]                        PROVIDE (__fini_array_end = .)

.data           0x0000000024000000       0x88 load address 0x000000000800dd64
                0x0000000024000000                . = ALIGN (0x4)
                0x0000000024000000                _sdata = .
                [!provide]                        PROVIDE (__data_start__ = _sdata)
 *(.data)
 .data          0x0000000024000000        0x4 /usr/local/Cellar/arm-none-eabi-gcc/9-2019-q4-major/gcc/bin/../lib/gcc/arm-none-eabi/9.2.1/thumb/v7e-m+dp/hard/crtbegin.o
                0x0000000024000000                __dso_handle
 *(.data*)
 .data.SystemCoreClock
                0x0000000024000004        0x4 build/system_stm32h7xx.o
                0x0000000024000004                SystemCoreClock
 .data.SystemD2Clock
                0x0000000024000008        0x4 build/system_stm32h7xx.o
                0x0000000024000008                SystemD2Clock
 .data.Font_16x26
                0x000000002400000c        0x8 ../../DaisyExamples/libdaisy/build/libdaisy.a(util_oled_fonts.o)
                0x000000002400000c                Font_16x26
 .data.Font_7x10
                0x0000000024000014        0x8 ../../DaisyExamples/libdaisy/build/libdaisy.a(util_oled_fonts.o)
                0x0000000024000014                Font_7x10
 .data.uwTickFreq
                0x000000002400001c        0x1 ../../DaisyExamples/libdaisy/build/libdaisy.a(stm32h7xx_hal.o)
 *fill*         0x000000002400001d        0x3 
 .data.uwTickPrio
                0x0000000024000020        0x4 ../../DaisyExamples/libdaisy/build/libdaisy.a(stm32h7xx_hal.o)
 .data._impure_ptr
                0x0000000024000024        0x4 /usr/local/Cellar/arm-none-eabi-gcc/9-2019-q4-major/gcc/bin/../lib/gcc/arm-none-eabi/9.2.1/../../../../arm-none-eabi/lib/thumb/v7e-m+dp/hard/libc_nano.a(lib_a-impure.o)
                0x0000000024000024                _impure_ptr
 .data.impure_data
                0x0000000024000028       0x60 /usr/local/Cellar/arm-none-eabi-gcc/9-2019-q4-major/gcc/bin/../lib/gcc/arm-none-eabi/9.2.1/../../../../arm-none-eabi/lib/thumb/v7e-m+dp/hard/libc_nano.a(lib_a-impure.o)
                0x0000000024000088                . = ALIGN (0x4)
                0x0000000024000088                _edata = .
                [!provide]                        PROVIDE (__data_end__ = _edata)
                0x000000000800dd64                _sidata = LOADADDR (.data)

.igot.plt       0x0000000024000088        0x0 load address 0x000000000800ddec
 .igot.plt      0x0000000024000088        0x0 /usr/local/Cellar/arm-none-eabi-gcc/9-2019-q4-major/gcc/bin/../lib/gcc/arm-none-eabi/9.2.1/thumb/v7e-m+dp/hard/crtbegin.o

.bss            0x0000000024000088     0x2128 load address 0x000000000800ddec
                0x0000000024000088                . = ALIGN (0x4)
                0x0000000024000088                _sbss = .
                0x0000000024000088                PROVIDE (__bss_start__ = _sbss)
 *(.bss)
 .bss           0x0000000024000088       0x1c /usr/local/Cellar/arm-none-eabi-gcc/9-2019-q4-major/gcc/bin/../lib/gcc/arm-none-eabi/9.2.1/thumb/v7e-m+dp/hard/crtbegin.o
 *(.bss*)
 .bss.ctrlA     0x00000000240000a4       0x34 build/KnobValueLED.o
                0x00000000240000a4                ctrlA
 .bss.patch     0x00000000240000d8      0x198 build/KnobValueLED.o
                0x00000000240000d8                patch
 .bss._ZL3adc   0x0000000024000270      0x200 ../../DaisyExamples/libdaisy/build/libdaisy.a(per_adc.o)
 .bss.audio_handle
                0x0000000024000470      0x828 ../../DaisyExamples/libdaisy/build/libdaisy.a(hid_audio.o)
 .bss.audio_handle_ext
                0x0000000024000c98      0x828 ../../DaisyExamples/libdaisy/build/libdaisy.a(hid_audio.o)
 .bss.using_new_callbacks
                0x00000000240014c0        0x1 ../../DaisyExamples/libdaisy/build/libdaisy.a(hid_audio.o)
 *fill*         0x00000000240014c1        0x3 
 .bss.qspi_handle
                0x00000000240014c4       0x54 ../../DaisyExamples/libdaisy/build/libdaisy.a(per_qspi.o)
 .bss.FMC_Initialized
                0x0000000024001518        0x4 ../../DaisyExamples/libdaisy/build/libdaisy.a(dev_sdram.o)
 *fill*         0x000000002400151c        0x4 
 .bss.dsy_sdram
                0x0000000024001520       0x3c ../../DaisyExamples/libdaisy/build/libdaisy.a(dev_sdram.o)
 .bss.i2c1_handler
                0x000000002400155c        0x6 ../../DaisyExamples/libdaisy/build/libdaisy.a(per_i2c.o)
 *fill*         0x0000000024001562        0x2 
 .bss.i2c2_handler
                0x0000000024001564        0x6 ../../DaisyExamples/libdaisy/build/libdaisy.a(per_i2c.o)
 *fill*         0x000000002400156a        0x2 
 .bss.i2c3_handler
                0x000000002400156c        0x6 ../../DaisyExamples/libdaisy/build/libdaisy.a(per_i2c.o)
 *fill*         0x0000000024001572        0x2 
 .bss.i2c4_handler
                0x0000000024001574        0x6 ../../DaisyExamples/libdaisy/build/libdaisy.a(per_i2c.o)
 *fill*         0x000000002400157a        0x2 
 .bss.SAI1_client
                0x000000002400157c        0x4 ../../DaisyExamples/libdaisy/build/libdaisy.a(per_sai.o)
 .bss.SAI2_client
                0x0000000024001580        0x4 ../../DaisyExamples/libdaisy/build/libdaisy.a(per_sai.o)
 .bss.sai_handle
                0x0000000024001584       0x21 ../../DaisyExamples/libdaisy/build/libdaisy.a(per_sai.o)
 *fill*         0x00000000240015a5        0x3 
 .bss.dac       0x00000000240015a8       0x1c ../../DaisyExamples/libdaisy/build/libdaisy.a(per_dac.o)
 *fill*         0x00000000240015c4        0x4 
 .bss.tim       0x00000000240015c8       0x4c ../../DaisyExamples/libdaisy/build/libdaisy.a(per_tim.o)
 .bss._ZL14SSD1309_Buffer
                0x0000000024001614      0x400 ../../DaisyExamples/libdaisy/build/libdaisy.a(hid_oled_display.o)
 .bss._ZL5h_spi
                0x0000000024001a14        0x1 ../../DaisyExamples/libdaisy/build/libdaisy.a(hid_oled_display.o)
 *fill*         0x0000000024001a15        0x3 
 .bss._ZL6pin_dc
                0x0000000024001a18        0x4 ../../DaisyExamples/libdaisy/build/libdaisy.a(hid_oled_display.o)
 .bss._ZL7SSD1309
                0x0000000024001a1c        0x6 ../../DaisyExamples/libdaisy/build/libdaisy.a(hid_oled_display.o)
 *fill*         0x0000000024001a22        0x2 
 .bss._ZL9pin_reset
                0x0000000024001a24        0x4 ../../DaisyExamples/libdaisy/build/libdaisy.a(hid_oled_display.o)
 .bss.uwTick    0x0000000024001a28        0x4 ../../DaisyExamples/libdaisy/build/libdaisy.a(stm32h7xx_hal.o)
 .bss._ZL5hspi1
                0x0000000024001a2c       0x88 ../../DaisyExamples/libdaisy/build/libdaisy.a(per_spi.o)
 .bss._ZL7uhandle
                0x0000000024001ab4      0x15c ../../DaisyExamples/libdaisy/build/libdaisy.a(per_uart.o)
 .bss.__malloc_free_list
                0x0000000024001c10        0x4 /usr/local/Cellar/arm-none-eabi-gcc/9-2019-q4-major/gcc/bin/../lib/gcc/arm-none-eabi/9.2.1/../../../../arm-none-eabi/lib/thumb/v7e-m+dp/hard/libc_nano.a(lib_a-nano-mallocr.o)
                0x0000000024001c10                __malloc_free_list
 .bss.__malloc_sbrk_start
                0x0000000024001c14        0x4 /usr/local/Cellar/arm-none-eabi-gcc/9-2019-q4-major/gcc/bin/../lib/gcc/arm-none-eabi/9.2.1/../../../../arm-none-eabi/lib/thumb/v7e-m+dp/hard/libc_nano.a(lib_a-nano-mallocr.o)
                0x0000000024001c14                __malloc_sbrk_start
 .bss.heap_end.5507
                0x0000000024001c18        0x4 /usr/local/Cellar/arm-none-eabi-gcc/9-2019-q4-major/gcc/bin/../lib/gcc/arm-none-eabi/9.2.1/../../../../arm-none-eabi/lib/thumb/v7e-m+dp/hard/libnosys.a(sbrk.o)
 *(COMMON)
 COMMON         0x0000000024001c1c      0x440 ../../DaisyExamples/libdaisy/build/libdaisy.a(per_sai.o)
                0x0000000024001c1c                hsai_BlockB2
                0x0000000024001cb4                hdma_sai2_b
                0x0000000024001d2c                hsai_BlockA2
                0x0000000024001dc4                hsai_BlockB1
                0x0000000024001e5c                hdma_sai1_a
                0x0000000024001ed4                hdma_sai1_b
                0x0000000024001f4c                hdma_sai2_a