Archive member included to satisfy reference by file (symbol)

../../DaisyExamples/libdaisy/build/libdaisy.a(daisy_seed.o)
                              build/Blinkl.o (daisy::DaisySeed::Configure())
../../DaisyExamples/libdaisy/build/libdaisy.a(hid_audio.o)
                              ../../DaisyExamples/libdaisy/build/libdaisy.a(daisy_seed.o) (dsy_audio_init)
../../DaisyExamples/libdaisy/build/libdaisy.a(per_qspi.o)
                              ../../DaisyExamples/libdaisy/build/libdaisy.a(daisy_seed.o) (dsy_qspi_init)
../../DaisyExamples/libdaisy/build/libdaisy.a(dev_sdram.o)
                              ../../DaisyExamples/libdaisy/build/libdaisy.a(daisy_seed.o) (dsy_sdram_init)
../../DaisyExamples/libdaisy/build/libdaisy.a(sys_system.o)
                              ../../DaisyExamples/libdaisy/build/libdaisy.a(daisy_seed.o) (dsy_system_init)
../../DaisyExamples/libdaisy/build/libdaisy.a(per_i2c.o)
                              ../../DaisyExamples/libdaisy/build/libdaisy.a(hid_audio.o) (dsy_i2c_init)
../../DaisyExamples/libdaisy/build/libdaisy.a(per_sai.o)
                              ../../DaisyExamples/libdaisy/build/libdaisy.a(hid_audio.o) (hsai_BlockA1)
../../DaisyExamples/libdaisy/build/libdaisy.a(per_gpio.o)
                              ../../DaisyExamples/libdaisy/build/libdaisy.a(daisy_seed.o) (dsy_gpio_init)
../../DaisyExamples/libdaisy/build/libdaisy.a(per_tim.o)
                              ../../DaisyExamples/libdaisy/build/libdaisy.a(daisy_seed.o) (dsy_tim_init)
../../DaisyExamples/libdaisy/build/libdaisy.a(util_hal_map.o)
                              ../../DaisyExamples/libdaisy/build/libdaisy.a(per_qspi.o) (dsy_hal_map_get_port)
../../DaisyExamples/libdaisy/build/libdaisy.a(stm32h7xx_hal_cortex.o)
                              ../../DaisyExamples/libdaisy/build/libdaisy.a(per_qspi.o) (HAL_NVIC_SetPriority)
../../DaisyExamples/libdaisy/build/libdaisy.a(stm32h7xx_hal_sdram.o)
                              ../../DaisyExamples/libdaisy/build/libdaisy.a(dev_sdram.o) (HAL_SDRAM_Init)
../../DaisyExamples/libdaisy/build/libdaisy.a(stm32h7xx_hal_i2c.o)
                              ../../DaisyExamples/libdaisy/build/libdaisy.a(per_i2c.o) (HAL_I2C_Init)
../../DaisyExamples/libdaisy/build/libdaisy.a(stm32h7xx_hal_i2c_ex.o)
                              ../../DaisyExamples/libdaisy/build/libdaisy.a(per_i2c.o) (HAL_I2CEx_ConfigAnalogFilter)
../../DaisyExamples/libdaisy/build/libdaisy.a(stm32h7xx_hal_qspi.o)
                              ../../DaisyExamples/libdaisy/build/libdaisy.a(per_qspi.o) (HAL_QSPI_Init)
../../DaisyExamples/libdaisy/build/libdaisy.a(stm32h7xx_hal_sai.o)
                              ../../DaisyExamples/libdaisy/build/libdaisy.a(per_sai.o) (HAL_SAI_InitProtocol)
../../DaisyExamples/libdaisy/build/libdaisy.a(stm32h7xx_hal_tim.o)
                              ../../DaisyExamples/libdaisy/build/libdaisy.a(per_tim.o) (HAL_TIM_Base_Init)
../../DaisyExamples/libdaisy/build/libdaisy.a(stm32h7xx_hal_tim_ex.o)
                              ../../DaisyExamples/libdaisy/build/libdaisy.a(stm32h7xx_hal_tim.o) (TIMEx_DMACommutationCplt)
../../DaisyExamples/libdaisy/build/libdaisy.a(stm32h7xx_hal_rcc.o)
                              ../../DaisyExamples/libdaisy/build/libdaisy.a(sys_system.o) (HAL_RCC_OscConfig)
../../DaisyExamples/libdaisy/build/libdaisy.a(stm32h7xx_hal_rcc_ex.o)
                              ../../DaisyExamples/libdaisy/build/libdaisy.a(sys_system.o) (HAL_RCCEx_PeriphCLKConfig)
../../DaisyExamples/libdaisy/build/libdaisy.a(stm32h7xx_hal_gpio.o)
                              ../../DaisyExamples/libdaisy/build/libdaisy.a(hid_audio.o) (HAL_GPIO_Init)
../../DaisyExamples/libdaisy/build/libdaisy.a(stm32h7xx_hal_dma.o)
                              ../../DaisyExamples/libdaisy/build/libdaisy.a(per_sai.o) (HAL_DMA_Init)
../../DaisyExamples/libdaisy/build/libdaisy.a(stm32h7xx_hal_mdma.o)
                              ../../DaisyExamples/libdaisy/build/libdaisy.a(stm32h7xx_hal_sdram.o) (HAL_MDMA_Start_IT)
../../DaisyExamples/libdaisy/build/libdaisy.a(stm32h7xx_hal_pwr_ex.o)
                              ../../DaisyExamples/libdaisy/build/libdaisy.a(sys_system.o) (HAL_PWREx_ConfigSupply)
../../DaisyExamples/libdaisy/build/libdaisy.a(stm32h7xx_hal.o)
                              ../../DaisyExamples/libdaisy/build/libdaisy.a(stm32h7xx_hal_rcc.o) (HAL_InitTick)
../../DaisyExamples/libdaisy/build/libdaisy.a(dev_codec_pcm3060.o)
                              ../../DaisyExamples/libdaisy/build/libdaisy.a(hid_audio.o) (codec_pcm3060_init)
../../DaisyExamples/libdaisy/build/libdaisy.a(dev_codec_wm8731.o)
                              ../../DaisyExamples/libdaisy/build/libdaisy.a(hid_audio.o) (codec_wm8731_init)
../../DaisyExamples/libdaisy/build/libdaisy.a(dev_codec_ak4556.o)
                              ../../DaisyExamples/libdaisy/build/libdaisy.a(hid_audio.o) (codec_ak4556_init)
../../DaisyExamples/libdaisy/build/libdaisy.a(sys_dma.o)
[...]
Memory Configuration

Name             Origin             Length             Attributes
FLASH            0x0000000008000000 0x0000000000020000 xr
DTCMRAM          0x0000000020000000 0x0000000000020000 xrw
SRAM             0x0000000024000000 0x0000000000080000 xrw
RAM_D2           0x0000000030000000 0x0000000000048000 xrw
RAM_D3           0x0000000038000000 0x0000000000010000 xrw
ITCMRAM          0x0000000000000000 0x0000000000010000 xrw
SDRAM            0x00000000c0000000 0x0000000004000000 xrw
QSPIFLASH        0x0000000090000000 0x0000000000800000 xr
*default*        0x0000000000000000 0xffffffffffffffff

Linker script and memory map

LOAD /usr/local/Cellar/arm-none-eabi-gcc/9-2019-q4-major/gcc/bin/../lib/gcc/arm-none-eabi/9.2.1/thumb/v7e-m+dp/hard/crti.o
LOAD /usr/local/Cellar/arm-none-eabi-gcc/9-2019-q4-major/gcc/bin/../lib/gcc/arm-none-eabi/9.2.1/thumb/v7e-m+dp/hard/crtbegin.o
LOAD /usr/local/Cellar/arm-none-eabi-gcc/9-2019-q4-major/gcc/bin/../lib/gcc/arm-none-eabi/9.2.1/../../../../arm-none-eabi/lib/thumb/v7e-m+dp/hard/crt0.o
LOAD build/system_stm32h7xx.o
LOAD build/Blinkl.o
LOAD build/startup_stm32h750xx.o
LOAD ../../DaisyExamples/libdaisy/build/libdaisy.a
LOAD /usr/local/Cellar/arm-none-eabi-gcc/9-2019-q4-major/gcc/bin/../lib/gcc/arm-none-eabi/9.2.1/../../../../arm-none-eabi/lib/thumb/v7e-m+dp/hard/libnosys.a
LOAD ../../DaisyExamples/DaisySP/build/libdaisysp.a
LOAD /usr/local/Cellar/arm-none-eabi-gcc/9-2019-q4-major/gcc/bin/../lib/gcc/arm-none-eabi/9.2.1/../../../../arm-none-eabi/lib/thumb/v7e-m+dp/hard/libstdc++_nano.a
LOAD /usr/local/Cellar/arm-none-eabi-gcc/9-2019-q4-major/gcc/bin/../lib/gcc/arm-none-eabi/9.2.1/../../../../arm-none-eabi/lib/thumb/v7e-m+dp/hard/libm.a
LOAD /usr/local/Cellar/arm-none-eabi-gcc/9-2019-q4-major/gcc/bin/../lib/gcc/arm-none-eabi/9.2.1/../../../../arm-none-eabi/lib/thumb/v7e-m+dp/hard/libc_nano.a
START GROUP
LOAD /usr/local/Cellar/arm-none-eabi-gcc/9-2019-q4-major/gcc/bin/../lib/gcc/arm-none-eabi/9.2.1/thumb/v7e-m+dp/hard/libgcc.a
LOAD /usr/local/Cellar/arm-none-eabi-gcc/9-2019-q4-major/gcc/bin/../lib/gcc/arm-none-eabi/9.2.1/../../../../arm-none-eabi/lib/thumb/v7e-m+dp/hard/libc_nano.a
END GROUP
START GROUP
LOAD /usr/local/Cellar/arm-none-eabi-gcc/9-2019-q4-major/gcc/bin/../lib/gcc/arm-none-eabi/9.2.1/thumb/v7e-m+dp/hard/libgcc.a
LOAD /usr/local/Cellar/arm-none-eabi-gcc/9-2019-q4-major/gcc/bin/../lib/gcc/arm-none-eabi/9.2.1/../../../../arm-none-eabi/lib/thumb/v7e-m+dp/hard/libc_nano.a
LOAD /usr/local/Cellar/arm-none-eabi-gcc/9-2019-q4-major/gcc/bin/../lib/gcc/arm-none-eabi/9.2.1/../../../../arm-none-eabi/lib/thumb/v7e-m+dp/hard/libnosys.a
END GROUP
START GROUP
LOAD /usr/local/Cellar/arm-none-eabi-gcc/9-2019-q4-major/gcc/bin/../lib/gcc/arm-none-eabi/9.2.1/thumb/v7e-m+dp/hard/libgcc.a
LOAD /usr/local/Cellar/arm-none-eabi-gcc/9-2019-q4-major/gcc/bin/../lib/gcc/arm-none-eabi/9.2.1/../../../../arm-none-eabi/lib/thumb/v7e-m+dp/hard/libc_nano.a
LOAD /usr/local/Cellar/arm-none-eabi-gcc/9-2019-q4-major/gcc/bin/../lib/gcc/arm-none-eabi/9.2.1/../../../../arm-none-eabi/lib/thumb/v7e-m+dp/hard/libnosys.a
END GROUP
LOAD /usr/local/Cellar/arm-none-eabi-gcc/9-2019-q4-major/gcc/bin/../lib/gcc/arm-none-eabi/9.2.1/thumb/v7e-m+dp/hard/crtend.o
LOAD /usr/local/Cellar/arm-none-eabi-gcc/9-2019-q4-major/gcc/bin/../lib/gcc/arm-none-eabi/9.2.1/thumb/v7e-m+dp/hard/crtn.o
                0x0000000020020000                _estack = 0x20020000

.isr_vector     0x0000000008000000      0x298
                0x0000000008000000                . = ALIGN (0x4)
 *(.isr_vector)
 .isr_vector    0x0000000008000000      0x298 build/startup_stm32h750xx.o
                0x0000000008000000                g_pfnVectors
                0x0000000008000298                . = ALIGN (0x4)

.eh_frame       0x0000000008000298        0x0
 .eh_frame      0x0000000008000298        0x0 /usr/local/Cellar/arm-none-eabi-gcc/9-2019-q4-major/gcc/bin/../lib/gcc/arm-none-eabi/9.2.1/thumb/v7e-m+dp/hard/crtbegin.o

.text           0x0000000008000298     0x6530
                0x0000000008000298                . = ALIGN (0x4)
                0x0000000008000298                _stext = .
 *(.text)
 .text          0x0000000008000298       0x40 /usr/local/Cellar/arm-none-eabi-gcc/9-2019-q4-major/gcc/bin/../lib/gcc/arm-none-eabi/9.2.1/thumb/v7e-m+dp/hard/crtbegin.o
 *(.text*)
 .text.SystemInit
                0x00000000080002d8       0x80 build/system_stm32h7xx.o
                0x00000000080002d8                SystemInit
 .text._ZN5daisy9DaisySeedD2Ev
                0x0000000008000358        0x4 build/Blinkl.o
                0x0000000008000358                daisy::DaisySeed::~DaisySeed()
                0x0000000008000358                daisy::DaisySeed::~DaisySeed()
 .text.startup.main
                0x000000000800035c       0x2c build/Blinkl.o
                0x000000000800035c                main
 .text.startup._GLOBAL__sub_I_ds
                0x0000000008000388       0x18 build/Blinkl.o
 .text.Reset_Handler
                0x00000000080003a0       0x50 build/startup_stm32h750xx.o
                0x00000000080003a0                Reset_Handler
 .text.Default_Handler
                0x00000000080003f0        0x2 build/startup_stm32h750xx.o
                0x00000000080003f0                SAI1_IRQHandler
                0x00000000080003f0                HASH_RNG_IRQHandler
                0x00000000080003f0                EXTI2_IRQHandler
                0x00000000080003f0                TIM8_CC_IRQHandler
                0x00000000080003f0                HRTIM1_Master_IRQHandler
                0x00000000080003f0                DebugMon_Handler
                0x00000000080003f0                UART8_IRQHandler
                0x00000000080003f0                SPI4_IRQHandler
                0x00000000080003f0                TIM1_CC_IRQHandler
                0x00000000080003f0                BDMA_Channel6_IRQHandler
                0x00000000080003f0                DMA2_Stream5_IRQHandler
                0x00000000080003f0                HRTIM1_FLT_IRQHandler
                0x00000000080003f0                JPEG_IRQHandler
                0x00000000080003f0                DMA1_Stream5_IRQHandler
                0x00000000080003f0                BDMA_Channel1_IRQHandler
                0x00000000080003f0                HRTIM1_TIMD_IRQHandler
                0x00000000080003f0                TAMP_STAMP_IRQHandler
                0x00000000080003f0                PendSV_Handler
                0x00000000080003f0                NMI_Handler
                0x00000000080003f0                EXTI3_IRQHandler
                0x00000000080003f0                LPTIM4_IRQHandler
                0x00000000080003f0                TIM8_TRG_COM_TIM14_IRQHandler
                0x00000000080003f0                LPTIM2_IRQHandler
                0x00000000080003f0                DFSDM1_FLT1_IRQHandler
                0x00000000080003f0                DMAMUX2_OVR_IRQHandler
                0x00000000080003f0                TIM8_UP_TIM13_IRQHandler
                0x00000000080003f0                I2C3_ER_IRQHandler
                0x00000000080003f0                DFSDM1_FLT2_IRQHandler
                0x00000000080003f0                MDMA_IRQHandler
                0x00000000080003f0                LPTIM3_IRQHandler
                0x00000000080003f0                HSEM1_IRQHandler
                0x00000000080003f0                EXTI0_IRQHandler
                0x00000000080003f0                I2C2_EV_IRQHandler
                0x00000000080003f0                DMA1_Stream2_IRQHandler
                0x00000000080003f0                FPU_IRQHandler
                0x00000000080003f0                OTG_HS_WKUP_IRQHandler
                0x00000000080003f0                FDCAN1_IT1_IRQHandler
                0x00000000080003f0                UsageFault_Handler
                0x00000000080003f0                LTDC_ER_IRQHandler
                0x00000000080003f0                DMA2_Stream2_IRQHandler
                0x00000000080003f0                HRTIM1_TIME_IRQHandler
                0x00000000080003f0                SPI1_IRQHandler
                0x00000000080003f0                TIM6_DAC_IRQHandler
                0x00000000080003f0                DCMI_IRQHandler
                0x00000000080003f0                HRTIM1_TIMC_IRQHandler
                0x00000000080003f0                DMA2_Stream3_IRQHandler
                0x00000000080003f0                SAI2_IRQHandler
                0x00000000080003f0                DFSDM1_FLT3_IRQHandler
                0x00000000080003f0                USART6_IRQHandler
                0x00000000080003f0                TIM17_IRQHandler
                0x00000000080003f0                USART3_IRQHandler
                0x00000000080003f0                BDMA_Channel7_IRQHandler
                0x00000000080003f0                CRYP_IRQHandler
                0x00000000080003f0                LPTIM5_IRQHandler
                0x00000000080003f0                UART5_IRQHandler
                0x00000000080003f0                ADC3_IRQHandler
                0x00000000080003f0                DMA2_Stream0_IRQHandler
                0x00000000080003f0                TIM4_IRQHandler
                0x00000000080003f0                BDMA_Channel2_IRQHandler
                0x00000000080003f0                I2C1_EV_IRQHandler
                0x00000000080003f0                DMA1_Stream6_IRQHandler
                0x00000000080003f0                DMAMUX1_OVR_IRQHandler
                0x00000000080003f0                TIM16_IRQHandler
                0x00000000080003f0                UART4_IRQHandler
                0x00000000080003f0                BDMA_Channel5_IRQHandler
                0x00000000080003f0                TIM3_IRQHandler
                0x00000000080003f0                RCC_IRQHandler
                0x00000000080003f0                TIM8_BRK_TIM12_IRQHandler
                0x00000000080003f0                TIM1_TRG_COM_IRQHandler
                0x00000000080003f0                Default_Handler
                0x00000000080003f0                ECC_IRQHandler
                0x00000000080003f0                CEC_IRQHandler
                0x00000000080003f0                EXTI15_10_IRQHandler
                0x00000000080003f0                BDMA_Channel0_IRQHandler
                0x00000000080003f0                ADC_IRQHandler
                0x00000000080003f0                DMA1_Stream7_IRQHandler
                0x00000000080003f0                HRTIM1_TIMA_IRQHandler
                0x00000000080003f0                SPI5_IRQHandler
                0x00000000080003f0                TIM7_IRQHandler
                0x00000000080003f0                SDMMC1_IRQHandler
                0x00000000080003f0                TIM5_IRQHandler
                0x00000000080003f0                DMA2_Stream7_IRQHandler
                0x00000000080003f0                TIM15_IRQHandler
                0x00000000080003f0                PVD_AVD_IRQHandler
                0x00000000080003f0                I2C3_EV_IRQHandler
                0x00000000080003f0                EXTI9_5_IRQHandler
                0x00000000080003f0                RTC_WKUP_IRQHandler
                0x00000000080003f0                LTDC_IRQHandler
                0x00000000080003f0                SAI3_IRQHandler
                0x00000000080003f0                ETH_WKUP_IRQHandler
                0x00000000080003f0                SPDIF_RX_IRQHandler
                0x00000000080003f0                SPI2_IRQHandler
                0x00000000080003f0                OTG_HS_EP1_IN_IRQHandler
                0x00000000080003f0                MemManage_Handler
                0x00000000080003f0                SVC_Handler
                0x00000000080003f0                CRS_IRQHandler
                0x00000000080003f0                EXTI4_IRQHandler
                0x00000000080003f0                HRTIM1_TIMB_IRQHandler
                0x00000000080003f0                FDCAN2_IT1_IRQHandler
                0x00000000080003f0                ETH_IRQHandler
                0x00000000080003f0                TIM1_UP_IRQHandler
                0x00000000080003f0                BDMA_Channel4_IRQHandler
                0x00000000080003f0                OTG_HS_EP1_OUT_IRQHandler
                0x00000000080003f0                WWDG_IRQHandler
                0x00000000080003f0                SPI6_IRQHandler
                0x00000000080003f0                MDIOS_IRQHandler
                0x00000000080003f0                I2C4_EV_IRQHandler
                0x00000000080003f0                FDCAN2_IT0_IRQHandler
                0x00000000080003f0                LPUART1_IRQHandler
                0x00000000080003f0                FDCAN1_IT0_IRQHandler
                0x00000000080003f0                TIM2_IRQHandler
                0x00000000080003f0                OTG_FS_WKUP_IRQHandler
                0x00000000080003f0                OTG_HS_IRQHandler
                0x00000000080003f0                DMA2D_IRQHandler
                0x00000000080003f0                TIM1_BRK_IRQHandler
                0x00000000080003f0                EXTI1_IRQHandler
                0x00000000080003f0                SDMMC2_IRQHandler
                0x00000000080003f0                OTG_FS_EP1_OUT_IRQHandler
                0x00000000080003f0                BDMA_Channel3_IRQHandler
                0x00000000080003f0                UART7_IRQHandler
                0x00000000080003f0                MDIOS_WKUP_IRQHandler
                0x00000000080003f0                USART2_IRQHandler
                0x00000000080003f0                DFSDM1_FLT0_IRQHandler
                0x00000000080003f0                SAI4_IRQHandler
                0x00000000080003f0                I2C2_ER_IRQHandler
                0x00000000080003f0                DMA2_Stream1_IRQHandler
                0x00000000080003f0                FLASH_IRQHandler
                0x00000000080003f0                DMA2_Stream4_IRQHandler
                0x00000000080003f0                BusFault_Handler
                0x00000000080003f0                USART1_IRQHandler
                0x00000000080003f0                OTG_FS_IRQHandler
                0x00000000080003f0                SPI3_IRQHandler
                0x00000000080003f0                WAKEUP_PIN_IRQHandler
                0x00000000080003f0                OTG_FS_EP1_IN_IRQHandler
                0x00000000080003f0                I2C1_ER_IRQHandler
                0x00000000080003f0                FMC_IRQHandler
                0x00000000080003f0                FDCAN_CAL_IRQHandler
                0x00000000080003f0                SWPMI1_IRQHandler
                0x00000000080003f0                COMP1_IRQHandler
                0x00000000080003f0                LPTIM1_IRQHandler
                0x00000000080003f0                I2C4_ER_IRQHandler
                0x00000000080003f0                DMA2_Stream6_IRQHandler
                0x00000000080003f0                RTC_Alarm_IRQHandler
 *fill*         0x00000000080003f2        0x2 
 .text._ZN5daisy9DaisySeed9ConfigureEv
                0x00000000080003f4       0xe0 ../../DaisyExamples/libdaisy/build/libdaisy.a(daisy_seed.o)
                0x00000000080003f4                daisy::DaisySeed::Configure()
 .text._ZN5daisy9DaisySeed4InitEv
                0x00000000080004d4       0x34 ../../DaisyExamples/libdaisy/build/libdaisy.a(daisy_seed.o)
                0x00000000080004d4                daisy::DaisySeed::Init()
 .text._ZN5daisy9DaisySeed6SetLedEb
                0x0000000008000508        0x8 ../../DaisyExamples/libdaisy/build/libdaisy.a(daisy_seed.o)
                0x0000000008000508                daisy::DaisySeed::SetLed(bool)
 .text.dsy_audio_passthru
                0x0000000008000510        0xc ../../DaisyExamples/libdaisy/build/libdaisy.a(hid_audio.o)
                0x0000000008000510                dsy_audio_passthru
 .text.DMA1_Stream0_IRQHandler
                0x000000000800051c        0xc ../../DaisyExamples/libdaisy/build/libdaisy.a(hid_audio.o)
                0x000000000800051c                DMA1_Stream0_IRQHandler
 .text.DMA1_Stream1_IRQHandler
                0x0000000008000528        0xc ../../DaisyExamples/libdaisy/build/libdaisy.a(hid_audio.o)
                0x0000000008000528                DMA1_Stream1_IRQHandler
 .text.DMA1_Stream3_IRQHandler
                0x0000000008000534        0xc ../../DaisyExamples/libdaisy/build/libdaisy.a(hid_audio.o)
                0x0000000008000534                DMA1_Stream3_IRQHandler
 .text.DMA1_Stream4_IRQHandler
                0x0000000008000540        0xc ../../DaisyExamples/libdaisy/build/libdaisy.a(hid_audio.o)
                0x0000000008000540                DMA1_Stream4_IRQHandler
 .text.dsy_audio_init
                0x000000000800054c      0x238 ../../DaisyExamples/libdaisy/build/libdaisy.a(hid_audio.o)
                0x000000000800054c                dsy_audio_init
 .text.dsy_audio_set_blocksize
                0x0000000008000784       0x2c ../../DaisyExamples/libdaisy/build/libdaisy.a(hid_audio.o)
                0x0000000008000784                dsy_audio_set_blocksize
 .text.dsy_qspi_init
                0x00000000080007b0      0x390 ../../DaisyExamples/libdaisy/build/libdaisy.a(per_qspi.o)
                0x00000000080007b0                dsy_qspi_init
 .text.HAL_QSPI_MspInit
                0x0000000008000b40      0x10c ../../DaisyExamples/libdaisy/build/libdaisy.a(per_qspi.o)
                0x0000000008000b40                HAL_QSPI_MspInit
 .text.HAL_QSPI_MspDeInit
                0x0000000008000c4c       0x58 ../../DaisyExamples/libdaisy/build/libdaisy.a(per_qspi.o)
                0x0000000008000c4c                HAL_QSPI_MspDeInit
 .text.QUADSPI_IRQHandler
                0x0000000008000ca4        0xc ../../DaisyExamples/libdaisy/build/libdaisy.a(per_qspi.o)
                0x0000000008000ca4                QUADSPI_IRQHandler
 .text.dsy_sdram_init
                0x0000000008000cb0      0x120 ../../DaisyExamples/libdaisy/build/libdaisy.a(dev_sdram.o)
                0x0000000008000cb0                dsy_sdram_init
 .text.HAL_SDRAM_MspInit
                0x0000000008000dd0      0x1cc ../../DaisyExamples/libdaisy/build/libdaisy.a(dev_sdram.o)
                0x0000000008000dd0                HAL_SDRAM_MspInit
 *fill*         0x0000000008000f9c        0x4 
 .text.SystemClock_Config
                0x0000000008000fa0      0x17c ../../DaisyExamples/libdaisy/build/libdaisy.a(sys_system.o)
 .text.SysTick_Handler
                0x000000000800111c       0x10 ../../DaisyExamples/libdaisy/build/libdaisy.a(sys_system.o)
                0x000000000800111c                SysTick_Handler
 .text.HardFault_Handler
                0x000000000800112c        0x4 ../../DaisyExamples/libdaisy/build/libdaisy.a(sys_system.o)
                0x000000000800112c                HardFault_Handler
 .text.dsy_system_init
                0x0000000008001130       0xdc ../../DaisyExamples/libdaisy/build/libdaisy.a(sys_system.o)
                0x0000000008001130                dsy_system_init
 .text.dsy_system_delay
                0x000000000800120c        0x4 ../../DaisyExamples/libdaisy/build/libdaisy.a(sys_system.o)
                0x000000000800120c                dsy_system_delay
 .text.dsy_i2c_init
                0x0000000008001210       0xcc ../../DaisyExamples/libdaisy/build/libdaisy.a(per_i2c.o)
                0x0000000008001210                dsy_i2c_init
 .text.HAL_I2C_MspInit
                0x00000000080012dc      0x2a8 ../../DaisyExamples/libdaisy/build/libdaisy.a(per_i2c.o)
                0x00000000080012dc                HAL_I2C_MspInit
 .text.dsy_sai2_init
                0x0000000008001584       0x78 ../../DaisyExamples/libdaisy/build/libdaisy.a(per_sai.o)
 .text.dsy_sai_blocks_init.constprop.0
                0x00000000080015fc       0xa4 ../../DaisyExamples/libdaisy/build/libdaisy.a(per_sai.o)
 .text.dsy_sai_init_from_handle
                0x00000000080016a0       0x88 ../../DaisyExamples/libdaisy/build/libdaisy.a(per_sai.o)
                0x00000000080016a0                dsy_sai_init_from_handle
 .text.HAL_SAI_MspInit
                0x0000000008001728      0x41c ../../DaisyExamples/libdaisy/build/libdaisy.a(per_sai.o)
                0x0000000008001728                HAL_SAI_MspInit
 .text.dsy_gpio_init
                0x0000000008001b44       0x58 ../../DaisyExamples/libdaisy/build/libdaisy.a(per_gpio.o)
                0x0000000008001b44                dsy_gpio_init
 .text.dsy_gpio_write
                0x0000000008001b9c       0x24 ../../DaisyExamples/libdaisy/build/libdaisy.a(per_gpio.o)
                0x0000000008001b9c                dsy_gpio_write
 .text.dsy_tim_init
                0x0000000008001bc0       0x70 ../../DaisyExamples/libdaisy/build/libdaisy.a(per_tim.o)
                0x0000000008001bc0                dsy_tim_init
 .text.HAL_TIM_Base_MspInit
                0x0000000008001c30       0x30 ../../DaisyExamples/libdaisy/build/libdaisy.a(per_tim.o)
                0x0000000008001c30                HAL_TIM_Base_MspInit
 .text.dsy_hal_map_get_port
                0x0000000008001c60       0x10 ../../DaisyExamples/libdaisy/build/libdaisy.a(util_hal_map.o)
                0x0000000008001c60                dsy_hal_map_get_port
 .text.dsy_hal_map_get_pin
                0x0000000008001c70       0x10 ../../DaisyExamples/libdaisy/build/libdaisy.a(util_hal_map.o)
                0x0000000008001c70                dsy_hal_map_get_pin
 .text.dsy_hal_map_get_i2c
                0x0000000008001c80       0x28 ../../DaisyExamples/libdaisy/build/libdaisy.a(util_hal_map.o)
                0x0000000008001c80                dsy_hal_map_get_i2c
 .text.HAL_NVIC_SetPriorityGrouping
                0x0000000008001ca8       0x28 ../../DaisyExamples/libdaisy/build/libdaisy.a(stm32h7xx_hal_cortex.o)
                0x0000000008001ca8                HAL_NVIC_SetPriorityGrouping
 .text.HAL_NVIC_SetPriority
                0x0000000008001cd0       0x74 ../../DaisyExamples/libdaisy/build/libdaisy.a(stm32h7xx_hal_cortex.o)
                0x0000000008001cd0                HAL_NVIC_SetPriority
 .text.HAL_NVIC_EnableIRQ
                0x0000000008001d44       0x1c ../../DaisyExamples/libdaisy/build/libdaisy.a(stm32h7xx_hal_cortex.o)
                0x0000000008001d44                HAL_NVIC_EnableIRQ
 .text.HAL_NVIC_DisableIRQ
                0x0000000008001d60       0x28 ../../DaisyExamples/libdaisy/build/libdaisy.a(stm32h7xx_hal_cortex.o)
                0x0000000008001d60                HAL_NVIC_DisableIRQ
 .text.HAL_SYSTICK_Config
                0x0000000008001d88       0x30 ../../DaisyExamples/libdaisy/build/libdaisy.a(stm32h7xx_hal_cortex.o)
                0x0000000008001d88                HAL_SYSTICK_Config
 .text.HAL_MPU_Disable
                0x0000000008001db8       0x20 ../../DaisyExamples/libdaisy/build/libdaisy.a(stm32h7xx_hal_cortex.o)
                0x0000000008001db8                HAL_MPU_Disable
 .text.HAL_MPU_Enable
                0x0000000008001dd8       0x24 ../../DaisyExamples/libdaisy/build/libdaisy.a(stm32h7xx_hal_cortex.o)
                0x0000000008001dd8                HAL_MPU_Enable
 .text.HAL_MPU_ConfigRegion
                0x0000000008001dfc       0x50 ../../DaisyExamples/libdaisy/build/libdaisy.a(stm32h7xx_hal_cortex.o)
                0x0000000008001dfc                HAL_MPU_ConfigRegion
 .text.HAL_SYSTICK_Callback
                0x0000000008001e4c        0x4 ../../DaisyExamples/libdaisy/build/libdaisy.a(stm32h7xx_hal_cortex.o)
                0x0000000008001e4c                HAL_SYSTICK_Callback
 .text.HAL_SYSTICK_IRQHandler
                0x0000000008001e50        0x8 ../../DaisyExamples/libdaisy/build/libdaisy.a(stm32h7xx_hal_cortex.o)
                0x0000000008001e50                HAL_SYSTICK_IRQHandler
 .text.HAL_SDRAM_Init
                0x0000000008001e58       0x54 ../../DaisyExamples/libdaisy/build/libdaisy.a(stm32h7xx_hal_sdram.o)
                0x0000000008001e58                HAL_SDRAM_Init
 .text.HAL_SDRAM_SendCommand
                0x0000000008001eac       0x40 ../../DaisyExamples/libdaisy/build/libdaisy.a(stm32h7xx_hal_sdram.o)
                0x0000000008001eac                HAL_SDRAM_SendCommand
 .text.HAL_SDRAM_ProgramRefreshRate
                0x0000000008001eec       0x30 ../../DaisyExamples/libdaisy/build/libdaisy.a(stm32h7xx_hal_sdram.o)
                0x0000000008001eec                HAL_SDRAM_ProgramRefreshRate
 .text.I2C_WaitOnTXISFlagUntilTimeout
                0x0000000008001f1c       0xb8 ../../DaisyExamples/libdaisy/build/libdaisy.a(stm32h7xx_hal_i2c.o)
 .text.I2C_WaitOnSTOPFlagUntilTimeout
                0x0000000008001fd4       0xac ../../DaisyExamples/libdaisy/build/libdaisy.a(stm32h7xx_hal_i2c.o)
 .text.HAL_I2C_Init
                0x0000000008002080       0xa8 ../../DaisyExamples/libdaisy/build/libdaisy.a(stm32h7xx_hal_i2c.o)
                0x0000000008002080                HAL_I2C_Init
 .text.HAL_I2C_Master_Transmit
                0x0000000008002128      0x1b4 ../../DaisyExamples/libdaisy/build/libdaisy.a(stm32h7xx_hal_i2c.o)
                0x0000000008002128                HAL_I2C_Master_Transmit
 .text.HAL_I2CEx_ConfigAnalogFilter
                0x00000000080022dc       0x58 ../../DaisyExamples/libdaisy/build/libdaisy.a(stm32h7xx_hal_i2c_ex.o)
                0x00000000080022dc                HAL_I2CEx_ConfigAnalogFilter
 .text.HAL_I2CEx_ConfigDigitalFilter
                0x0000000008002334       0x54 ../../DaisyExamples/libdaisy/build/libdaisy.a(stm32h7xx_hal_i2c_ex.o)
                0x0000000008002334                HAL_I2CEx_ConfigDigitalFilter
 .text.QSPI_Config
                0x0000000008002388      0x1d4 ../../DaisyExamples/libdaisy/build/libdaisy.a(stm32h7xx_hal_qspi.o)
 .text.HAL_QSPI_Init
                0x000000000800255c       0xd8 ../../DaisyExamples/libdaisy/build/libdaisy.a(stm32h7xx_hal_qspi.o)
                0x000000000800255c                HAL_QSPI_Init
 .text.HAL_QSPI_DeInit
                0x0000000008002634       0x3c ../../DaisyExamples/libdaisy/build/libdaisy.a(stm32h7xx_hal_qspi.o)
                0x0000000008002634                HAL_QSPI_DeInit
 .text.HAL_QSPI_Command
                0x0000000008002670       0xd4 ../../DaisyExamples/libdaisy/build/libdaisy.a(stm32h7xx_hal_qspi.o)
                0x0000000008002670                HAL_QSPI_Command
 .text.HAL_QSPI_Transmit
                0x0000000008002744       0xfc ../../DaisyExamples/libdaisy/build/libdaisy.a(stm32h7xx_hal_qspi.o)
                0x0000000008002744                HAL_QSPI_Transmit
 .text.HAL_QSPI_Receive
                0x0000000008002840      0x108 ../../DaisyExamples/libdaisy/build/libdaisy.a(stm32h7xx_hal_qspi.o)
                0x0000000008002840                HAL_QSPI_Receive
 .text.HAL_QSPI_AutoPolling
                0x0000000008002948       0xe8 ../../DaisyExamples/libdaisy/build/libdaisy.a(stm32h7xx_hal_qspi.o)
                0x0000000008002948                HAL_QSPI_AutoPolling
 .text.HAL_QSPI_MemoryMapped
                0x0000000008002a30       0xb8 ../../DaisyExamples/libdaisy/build/libdaisy.a(stm32h7xx_hal_qspi.o)
                0x0000000008002a30                HAL_QSPI_MemoryMapped
 .text.HAL_QSPI_ErrorCallback
                0x0000000008002ae8        0x4 ../../DaisyExamples/libdaisy/build/libdaisy.a(stm32h7xx_hal_qspi.o)
                0x0000000008002ae8                HAL_QSPI_ErrorCallback
 .text.QSPI_DMAAbortCplt
                0x0000000008002aec       0x38 ../../DaisyExamples/libdaisy/build/libdaisy.a(stm32h7xx_hal_qspi.o)
 .text.HAL_QSPI_AbortCpltCallback
                0x0000000008002b24        0x4 ../../DaisyExamples/libdaisy/build/libdaisy.a(stm32h7xx_hal_qspi.o)
                0x0000000008002b24                HAL_QSPI_AbortCpltCallback
 .text.HAL_QSPI_CmdCpltCallback
                0x0000000008002b28        0x4 ../../DaisyExamples/libdaisy/build/libdaisy.a(stm32h7xx_hal_qspi.o)
                0x0000000008002b28                HAL_QSPI_CmdCpltCallback
 .text.HAL_QSPI_RxCpltCallback
                0x0000000008002b2c        0x4 ../../DaisyExamples/libdaisy/build/libdaisy.a(stm32h7xx_hal_qspi.o)
                0x0000000008002b2c                HAL_QSPI_RxCpltCallback
 .text.HAL_QSPI_TxCpltCallback
                0x0000000008002b30        0x4 ../../DaisyExamples/libdaisy/build/libdaisy.a(stm32h7xx_hal_qspi.o)
                0x0000000008002b30                HAL_QSPI_TxCpltCallback
 .text.HAL_QSPI_FifoThresholdCallback
                0x0000000008002b34        0x4 ../../DaisyExamples/libdaisy/build/libdaisy.a(stm32h7xx_hal_qspi.o)
                0x0000000008002b34                HAL_QSPI_FifoThresholdCallback
 .text.HAL_QSPI_StatusMatchCallback
                0x0000000008002b38        0x4 ../../DaisyExamples/libdaisy/build/libdaisy.a(stm32h7xx_hal_qspi.o)
                0x0000000008002b38                HAL_QSPI_StatusMatchCallback
 .text.HAL_QSPI_TimeOutCallback
                0x0000000008002b3c        0x4 ../../DaisyExamples/libdaisy/build/libdaisy.a(stm32h7xx_hal_qspi.o)
                0x0000000008002b3c                HAL_QSPI_TimeOutCallback
 .text.HAL_QSPI_IRQHandler
                0x0000000008002b40      0x210 ../../DaisyExamples/libdaisy/build/libdaisy.a(stm32h7xx_hal_qspi.o)
                0x0000000008002b40                HAL_QSPI_IRQHandler
 .text.HAL_SAI_Init.part.0
                0x0000000008002d50      0x364 ../../DaisyExamples/libdaisy/build/libdaisy.a(stm32h7xx_hal_sai.o)
 .text.HAL_SAI_InitProtocol
                0x00000000080030b4      0x184 ../../DaisyExamples/libdaisy/build/libdaisy.a(stm32h7xx_hal_sai.o)
                0x00000000080030b4                HAL_SAI_InitProtocol
 .text.HAL_TIM_Base_Init
                0x0000000008003238      0x130 ../../DaisyExamples/libdaisy/build/libdaisy.a(stm32h7xx_hal_tim.o)
                0x0000000008003238                HAL_TIM_Base_Init
 .text.HAL_TIM_ConfigClockSource
                0x0000000008003368      0x17c ../../DaisyExamples/libdaisy/build/libdaisy.a(stm32h7xx_hal_tim.o)
                0x0000000008003368                HAL_TIM_ConfigClockSource
 .text.HAL_TIMEx_MasterConfigSynchronization
                0x00000000080034e4       0x60 ../../DaisyExamples/libdaisy/build/libdaisy.a(stm32h7xx_hal_tim_ex.o)
                0x00000000080034e4                HAL_TIMEx_MasterConfigSynchronization
 .text.HAL_RCC_OscConfig
                0x0000000008003544      0x538 ../../DaisyExamples/libdaisy/build/libdaisy.a(stm32h7xx_hal_rcc.o)
                0x0000000008003544                HAL_RCC_OscConfig
 .text.HAL_RCC_GetSysClockFreq
                0x0000000008003a7c      0x140 ../../DaisyExamples/libdaisy/build/libdaisy.a(stm32h7xx_hal_rcc.o)
                0x0000000008003a7c                HAL_RCC_GetSysClockFreq
 .text.HAL_RCC_ClockConfig
                0x0000000008003bbc      0x234 ../../DaisyExamples/libdaisy/build/libdaisy.a(stm32h7xx_hal_rcc.o)
                0x0000000008003bbc                HAL_RCC_ClockConfig
 .text.RCCEx_PLL2_Config
                0x0000000008003df0       0xf8 ../../DaisyExamples/libdaisy/build/libdaisy.a(stm32h7xx_hal_rcc_ex.o)
 .text.RCCEx_PLL3_Config
                0x0000000008003ee8       0xf8 ../../DaisyExamples/libdaisy/build/libdaisy.a(stm32h7xx_hal_rcc_ex.o)
 .text.HAL_RCCEx_PeriphCLKConfig
                0x0000000008003fe0      0xa7c ../../DaisyExamples/libdaisy/build/libdaisy.a(stm32h7xx_hal_rcc_ex.o)
                0x0000000008003fe0                HAL_RCCEx_PeriphCLKConfig
 .text.HAL_RCCEx_GetPLL2ClockFreq
                0x0000000008004a5c      0x17c ../../DaisyExamples/libdaisy/build/libdaisy.a(stm32h7xx_hal_rcc_ex.o)
                0x0000000008004a5c                HAL_RCCEx_GetPLL2ClockFreq
 .text.HAL_RCCEx_GetPLL3ClockFreq
                0x0000000008004bd8      0x17c ../../DaisyExamples/libdaisy/build/libdaisy.a(stm32h7xx_hal_rcc_ex.o)
                0x0000000008004bd8                HAL_RCCEx_GetPLL3ClockFreq
 .text.HAL_RCCEx_GetPLL1ClockFreq
                0x0000000008004d54      0x17c ../../DaisyExamples/libdaisy/build/libdaisy.a(stm32h7xx_hal_rcc_ex.o)
                0x0000000008004d54                HAL_RCCEx_GetPLL1ClockFreq
 .text.HAL_RCCEx_GetPeriphCLKFreq
                0x0000000008004ed0      0x198 ../../DaisyExamples/libdaisy/build/libdaisy.a(stm32h7xx_hal_rcc_ex.o)
                0x0000000008004ed0                HAL_RCCEx_GetPeriphCLKFreq
 .text.HAL_GPIO_Init
                0x0000000008005068      0x248 ../../DaisyExamples/libdaisy/build/libdaisy.a(stm32h7xx_hal_gpio.o)
                0x0000000008005068                HAL_GPIO_Init
 .text.HAL_GPIO_DeInit
                0x00000000080052b0      0x19c ../../DaisyExamples/libdaisy/build/libdaisy.a(stm32h7xx_hal_gpio.o)
                0x00000000080052b0                HAL_GPIO_DeInit
 .text.HAL_GPIO_WritePin
                0x000000000800544c        0x8 ../../DaisyExamples/libdaisy/build/libdaisy.a(stm32h7xx_hal_gpio.o)
                0x000000000800544c                HAL_GPIO_WritePin
 .text.DMA_CalcBaseAndBitshift
                0x0000000008005454       0xf8 ../../DaisyExamples/libdaisy/build/libdaisy.a(stm32h7xx_hal_dma.o)
 .text.DMA_CalcDMAMUXChannelBaseAndMask
                0x000000000800554c       0xd8 ../../DaisyExamples/libdaisy/build/libdaisy.a(stm32h7xx_hal_dma.o)
 .text.HAL_DMA_Init
                0x0000000008005624      0x394 ../../DaisyExamples/libdaisy/build/libdaisy.a(stm32h7xx_hal_dma.o)
                0x0000000008005624                HAL_DMA_Init
 .text.HAL_DMA_IRQHandler
                0x00000000080059b8      0x6bc ../../DaisyExamples/libdaisy/build/libdaisy.a(stm32h7xx_hal_dma.o)
                0x00000000080059b8                HAL_DMA_IRQHandler
 .text.HAL_MDMA_Abort_IT
                0x0000000008006074       0x2c ../../DaisyExamples/libdaisy/build/libdaisy.a(stm32h7xx_hal_mdma.o)
                0x0000000008006074                HAL_MDMA_Abort_IT
 .text.HAL_PWREx_ConfigSupply
                0x00000000080060a0       0x4c ../../DaisyExamples/libdaisy/build/libdaisy.a(stm32h7xx_hal_pwr_ex.o)
                0x00000000080060a0                HAL_PWREx_ConfigSupply
 .text.HAL_PWREx_EnableUSBVoltageDetector
                0x00000000080060ec       0x10 ../../DaisyExamples/libdaisy/build/libdaisy.a(stm32h7xx_hal_pwr_ex.o)
                0x00000000080060ec                HAL_PWREx_EnableUSBVoltageDetector
 .text.HAL_MspInit
                0x00000000080060fc        0x4 ../../DaisyExamples/libdaisy/build/libdaisy.a(stm32h7xx_hal.o)
                0x00000000080060fc                HAL_MspInit
 .text.HAL_InitTick
                0x0000000008006100       0x4c ../../DaisyExamples/libdaisy/build/libdaisy.a(stm32h7xx_hal.o)
                0x0000000008006100                HAL_InitTick
 .text.HAL_Init
                0x000000000800614c       0x5c ../../DaisyExamples/libdaisy/build/libdaisy.a(stm32h7xx_hal.o)
                0x000000000800614c                HAL_Init
 .text.HAL_IncTick
                0x00000000080061a8       0x18 ../../DaisyExamples/libdaisy/build/libdaisy.a(stm32h7xx_hal.o)
                0x00000000080061a8                HAL_IncTick
 .text.HAL_GetTick
                0x00000000080061c0        0xc ../../DaisyExamples/libdaisy/build/libdaisy.a(stm32h7xx_hal.o)
                0x00000000080061c0                HAL_GetTick
 .text.HAL_Delay
                0x00000000080061cc       0x24 ../../DaisyExamples/libdaisy/build/libdaisy.a(stm32h7xx_hal.o)
                0x00000000080061cc                HAL_Delay
 .text.HAL_GetREVID
                0x00000000080061f0        0xc ../../DaisyExamples/libdaisy/build/libdaisy.a(stm32h7xx_hal.o)
                0x00000000080061f0                HAL_GetREVID
 .text.codec_pcm3060_init
                0x00000000080061fc       0x80 ../../DaisyExamples/libdaisy/build/libdaisy.a(dev_codec_pcm3060.o)
                0x00000000080061fc                codec_pcm3060_init
 .text.codec_wm8731_init
                0x000000000800627c      0x20c ../../DaisyExamples/libdaisy/build/libdaisy.a(dev_codec_wm8731.o)
                0x000000000800627c                codec_wm8731_init
 .text.codec_ak4556_init
                0x0000000008006488       0x34 ../../DaisyExamples/libdaisy/build/libdaisy.a(dev_codec_ak4556.o)
                0x0000000008006488                codec_ak4556_init
 .text.dsy_dma_init
                0x00000000080064bc       0x88 ../../DaisyExamples/libdaisy/build/libdaisy.a(sys_dma.o)
                0x00000000080064bc                dsy_dma_init
 .text.FMC_SDRAM_Init
                0x0000000008006544       0x78 ../../DaisyExamples/libdaisy/build/libdaisy.a(stm32h7xx_ll_fmc.o)
                0x0000000008006544                FMC_SDRAM_Init
 .text.FMC_SDRAM_Timing_Init
                0x00000000080065bc       0x98 ../../DaisyExamples/libdaisy/build/libdaisy.a(stm32h7xx_ll_fmc.o)
                0x00000000080065bc                FMC_SDRAM_Timing_Init
 .text.FMC_SDRAM_SendCommand
                0x0000000008006654       0x24 ../../DaisyExamples/libdaisy/build/libdaisy.a(stm32h7xx_ll_fmc.o)
                0x0000000008006654                FMC_SDRAM_SendCommand
 .text.FMC_SDRAM_ProgramRefreshRate
                0x0000000008006678       0x1c ../../DaisyExamples/libdaisy/build/libdaisy.a(stm32h7xx_ll_fmc.o)
                0x0000000008006678                FMC_SDRAM_ProgramRefreshRate
 .text.__aeabi_atexit
                0x0000000008006694        0xa /usr/local/Cellar/arm-none-eabi-gcc/9-2019-q4-major/gcc/bin/../lib/gcc/arm-none-eabi/9.2.1/../../../../arm-none-eabi/lib/thumb/v7e-m+dp/hard/libstdc++_nano.a(atexit_arm.o)
                0x0000000008006694                __aeabi_atexit
 *fill*         0x000000000800669e        0x2 
 .text.__cxa_atexit
                0x00000000080066a0       0x1c /usr/local/Cellar/arm-none-eabi-gcc/9-2019-q4-major/gcc/bin/../lib/gcc/arm-none-eabi/9.2.1/../../../../arm-none-eabi/lib/thumb/v7e-m+dp/hard/libc_nano.a(lib_a-cxa_atexit.o)
                0x00000000080066a0                __cxa_atexit
 .text.__libc_init_array
                0x00000000080066bc       0x48 /usr/local/Cellar/arm-none-eabi-gcc/9-2019-q4-major/gcc/bin/../lib/gcc/arm-none-eabi/9.2.1/../../../../arm-none-eabi/lib/thumb/v7e-m+dp/hard/libc_nano.a(lib_a-init.o)
                0x00000000080066bc                __libc_init_array
 .text.memcpy   0x0000000008006704       0x1c /usr/local/Cellar/arm-none-eabi-gcc/9-2019-q4-major/gcc/bin/../lib/gcc/arm-none-eabi/9.2.1/../../../../arm-none-eabi/lib/thumb/v7e-m+dp/hard/libc_nano.a(lib_a-memcpy-stub.o)
                0x0000000008006704                memcpy
 .text.memset   0x0000000008006720       0x10 /usr/local/Cellar/arm-none-eabi-gcc/9-2019-q4-major/gcc/bin/../lib/gcc/arm-none-eabi/9.2.1/../../../../arm-none-eabi/lib/thumb/v7e-m+dp/hard/libc_nano.a(lib_a-memset.o)
                0x0000000008006720                memset
 *(.rodata)
 .rodata        0x0000000008006730       0x10 ../../DaisyExamples/libdaisy/build/libdaisy.a(util_hal_map.o)
 *(.rodata*)
 .rodata.D1CorePrescTable
                0x0000000008006740       0x10 build/system_stm32h7xx.o
                0x0000000008006740                D1CorePrescTable
 .rodata.HAL_QSPI_MspInit.str1.4
                0x0000000008006750        0x7 ../../DaisyExamples/libdaisy/build/libdaisy.a(per_qspi.o)
 *fill*         0x0000000008006757        0x1 
 .rodata.gpio_hal_pin_map
                0x0000000008006758       0x20 ../../DaisyExamples/libdaisy/build/libdaisy.a(util_hal_map.o)
 .rodata.gpio_hal_port_map
                0x0000000008006778       0x30 ../../DaisyExamples/libdaisy/build/libdaisy.a(util_hal_map.o)
 .rodata.flagBitshiftOffset.17850
                0x00000000080067a8        0x8 ../../DaisyExamples/libdaisy/build/libdaisy.a(stm32h7xx_hal_dma.o)
 *(.glue_7)
 .glue_7        0x00000000080067b0        0x0 linker stubs
 *(.glue_7t)
 .glue_7t       0x00000000080067b0        0x0 linker stubs
 *(.init)
 .init          0x00000000080067b0        0x4 /usr/local/Cellar/arm-none-eabi-gcc/9-2019-q4-major/gcc/bin/../lib/gcc/arm-none-eabi/9.2.1/thumb/v7e-m+dp/hard/crti.o
                0x00000000080067b0                _init
 .init          0x00000000080067b4        0x8 /usr/local/Cellar/arm-none-eabi-gcc/9-2019-q4-major/gcc/bin/../lib/gcc/arm-none-eabi/9.2.1/thumb/v7e-m+dp/hard/crtn.o
 *(.fini)
 .fini          0x00000000080067bc        0x4 /usr/local/Cellar/arm-none-eabi-gcc/9-2019-q4-major/gcc/bin/../lib/gcc/arm-none-eabi/9.2.1/thumb/v7e-m+dp/hard/crti.o
                0x00000000080067bc                _fini
 .fini          0x00000000080067c0        0x8 /usr/local/Cellar/arm-none-eabi-gcc/9-2019-q4-major/gcc/bin/../lib/gcc/arm-none-eabi/9.2.1/thumb/v7e-m+dp/hard/crtn.o
                0x00000000080067c8                . = ALIGN (0x4)
                0x00000000080067c8                _etext = .

.vfp11_veneer   0x00000000080067c8        0x0
 .vfp11_veneer  0x00000000080067c8        0x0 linker stubs

.v4_bx          0x00000000080067c8        0x0
 .v4_bx         0x00000000080067c8        0x0 linker stubs

.iplt           0x00000000080067c8        0x0
 .iplt          0x00000000080067c8        0x0 /usr/local/Cellar/arm-none-eabi-gcc/9-2019-q4-major/gcc/bin/../lib/gcc/arm-none-eabi/9.2.1/thumb/v7e-m+dp/hard/crtbegin.o

.rel.dyn        0x00000000080067c8        0x0
 .rel.iplt      0x00000000080067c8        0x0 /usr/local/Cellar/arm-none-eabi-gcc/9-2019-q4-major/gcc/bin/../lib/gcc/arm-none-eabi/9.2.1/thumb/v7e-m+dp/hard/crtbegin.o

.ARM.extab      0x00000000080067c8        0x0
                0x00000000080067c8                . = ALIGN (0x4)
 *(.ARM.extab)
 *(.gnu.linkonce.armextab.*)
                0x00000000080067c8                . = ALIGN (0x4)

.exidx          0x00000000080067c8        0x0
                0x00000000080067c8                . = ALIGN (0x4)
                [!provide]                        PROVIDE (__exidx_start = .)
 *(.ARM.exidx*)
                0x00000000080067c8                . = ALIGN (0x4)
                [!provide]                        PROVIDE (__exidx_end = .)

.ARM.attributes
                0x00000000080067c8       0x2e
 *(.ARM.attributes)
 .ARM.attributes
                0x00000000080067c8       0x1e /usr/local/Cellar/arm-none-eabi-gcc/9-2019-q4-major/gcc/bin/../lib/gcc/arm-none-eabi/9.2.1/thumb/v7e-m+dp/hard/crti.o
 .ARM.attributes
                0x00000000080067e6       0x32 /usr/local/Cellar/arm-none-eabi-gcc/9-2019-q4-major/gcc/bin/../lib/gcc/arm-none-eabi/9.2.1/thumb/v7e-m+dp/hard/crtbegin.o
 .ARM.attributes
                0x0000000008006818       0x32 build/system_stm32h7xx.o
 .ARM.attributes
                0x000000000800684a       0x32 build/Blinkl.o
 .ARM.attributes
                0x000000000800687c       0x21 build/startup_stm32h750xx.o
 .ARM.attributes
                0x000000000800689d       0x32 ../../DaisyExamples/libdaisy/build/libdaisy.a(daisy_seed.o)
 .ARM.attributes
                0x00000000080068cf       0x32 ../../DaisyExamples/libdaisy/build/libdaisy.a(hid_audio.o)
 .ARM.attributes
                0x0000000008006901       0x32 ../../DaisyExamples/libdaisy/build/libdaisy.a(per_qspi.o)
 .ARM.attributes
                0x0000000008006933       0x32 ../../DaisyExamples/libdaisy/build/libdaisy.a(dev_sdram.o)
 .ARM.attributes
                0x0000000008006965       0x32 ../../DaisyExamples/libdaisy/build/libdaisy.a(sys_system.o)
 .ARM.attributes
                0x0000000008006997       0x32 ../../DaisyExamples/libdaisy/build/libdaisy.a(per_i2c.o)
 .ARM.attributes
                0x00000000080069c9       0x32 ../../DaisyExamples/libdaisy/build/libdaisy.a(per_sai.o)
 .ARM.attributes
                0x00000000080069fb       0x32 ../../DaisyExamples/libdaisy/build/libdaisy.a(per_gpio.o)
 .ARM.attributes
                0x0000000008006a2d       0x32 ../../DaisyExamples/libdaisy/build/libdaisy.a(per_tim.o)
 .ARM.attributes
                0x0000000008006a5f       0x32 ../../DaisyExamples/libdaisy/build/libdaisy.a(util_hal_map.o)
 .ARM.attributes
                0x0000000008006a91       0x32 ../../DaisyExamples/libdaisy/build/libdaisy.a(stm32h7xx_hal_cortex.o)
 .ARM.attributes
                0x0000000008006ac3       0x32 ../../DaisyExamples/libdaisy/build/libdaisy.a(stm32h7xx_hal_sdram.o)
 .ARM.attributes
                0x0000000008006af5       0x32 ../../DaisyExamples/libdaisy/build/libdaisy.a(stm32h7xx_hal_i2c.o)
 .ARM.attributes
                0x0000000008006b27       0x32 ../../DaisyExamples/libdaisy/build/libdaisy.a(stm32h7xx_hal_i2c_ex.o)
 .ARM.attributes
                0x0000000008006b59       0x32 ../../DaisyExamples/libdaisy/build/libdaisy.a(stm32h7xx_hal_qspi.o)
 .ARM.attributes
                0x0000000008006b8b       0x32 ../../DaisyExamples/libdaisy/build/libdaisy.a(stm32h7xx_hal_sai.o)
 .ARM.attributes
                0x0000000008006bbd       0x32 ../../DaisyExamples/libdaisy/build/libdaisy.a(stm32h7xx_hal_tim.o)
 .ARM.attributes
                0x0000000008006bef       0x32 ../../DaisyExamples/libdaisy/build/libdaisy.a(stm32h7xx_hal_tim_ex.o)
 .ARM.attributes
                0x0000000008006c21       0x32 ../../DaisyExamples/libdaisy/build/libdaisy.a(stm32h7xx_hal_rcc.o)
 .ARM.attributes
                0x0000000008006c53       0x32 ../../DaisyExamples/libdaisy/build/libdaisy.a(stm32h7xx_hal_rcc_ex.o)
 .ARM.attributes
                0x0000000008006c85       0x32 ../../DaisyExamples/libdaisy/build/libdaisy.a(stm32h7xx_hal_gpio.o)
 .ARM.attributes
                0x0000000008006cb7       0x32 ../../DaisyExamples/libdaisy/build/libdaisy.a(stm32h7xx_hal_dma.o)
 .ARM.attributes
                0x0000000008006ce9       0x32 ../../DaisyExamples/libdaisy/build/libdaisy.a(stm32h7xx_hal_mdma.o)
 .ARM.attributes
                0x0000000008006d1b       0x32 ../../DaisyExamples/libdaisy/build/libdaisy.a(stm32h7xx_hal_pwr_ex.o)
 .ARM.attributes
                0x0000000008006d4d       0x32 ../../DaisyExamples/libdaisy/build/libdaisy.a(stm32h7xx_hal.o)
 .ARM.attributes
                0x0000000008006d7f       0x32 ../../DaisyExamples/libdaisy/build/libdaisy.a(dev_codec_pcm3060.o)
 .ARM.attributes
                0x0000000008006db1       0x32 ../../DaisyExamples/libdaisy/build/libdaisy.a(dev_codec_wm8731.o)
 .ARM.attributes
                0x0000000008006de3       0x32 ../../DaisyExamples/libdaisy/build/libdaisy.a(dev_codec_ak4556.o)
 .ARM.attributes
                0x0000000008006e15       0x32 ../../DaisyExamples/libdaisy/build/libdaisy.a(sys_dma.o)
 .ARM.attributes
                0x0000000008006e47       0x32 ../../DaisyExamples/libdaisy/build/libdaisy.a(stm32h7xx_ll_fmc.o)
 .ARM.attributes
                0x0000000008006e79       0x32 /usr/local/Cellar/arm-none-eabi-gcc/9-2019-q4-major/gcc/bin/../lib/gcc/arm-none-eabi/9.2.1/../../../../arm-none-eabi/lib/thumb/v7e-m+dp/hard/libstdc++_nano.a(atexit_arm.o)
 .ARM.attributes
                0x0000000008006eab       0x32 /usr/local/Cellar/arm-none-eabi-gcc/9-2019-q4-major/gcc/bin/../lib/gcc/arm-none-eabi/9.2.1/../../../../arm-none-eabi/lib/thumb/v7e-m+dp/hard/libc_nano.a(lib_a-cxa_atexit.o)
 .ARM.attributes
                0x0000000008006edd       0x32 /usr/local/Cellar/arm-none-eabi-gcc/9-2019-q4-major/gcc/bin/../lib/gcc/arm-none-eabi/9.2.1/../../../../arm-none-eabi/lib/thumb/v7e-m+dp/hard/libc_nano.a(lib_a-init.o)
 .ARM.attributes
                0x0000000008006f0f       0x32 /usr/local/Cellar/arm-none-eabi-gcc/9-2019-q4-major/gcc/bin/../lib/gcc/arm-none-eabi/9.2.1/../../../../arm-none-eabi/lib/thumb/v7e-m+dp/hard/libc_nano.a(lib_a-memcpy-stub.o)
 .ARM.attributes
                0x0000000008006f41       0x32 /usr/local/Cellar/arm-none-eabi-gcc/9-2019-q4-major/gcc/bin/../lib/gcc/arm-none-eabi/9.2.1/../../../../arm-none-eabi/lib/thumb/v7e-m+dp/hard/libc_nano.a(lib_a-memset.o)
 .ARM.attributes
                0x0000000008006f73       0x1e /usr/local/Cellar/arm-none-eabi-gcc/9-2019-q4-major/gcc/bin/../lib/gcc/arm-none-eabi/9.2.1/thumb/v7e-m+dp/hard/crtn.o

.preinit_array  0x00000000080067c8        0x0
                0x00000000080067c8                PROVIDE (__preinit_array_start = .)
 *(.preinit_array*)
                0x00000000080067c8                PROVIDE (__preinit_array_end = .)

.init_array     0x00000000080067c8        0x8
                0x00000000080067c8                PROVIDE (__init_array_start = .)
 *(SORT_BY_NAME(.init_array.*))
 *(.init_array*)
 .init_array    0x00000000080067c8        0x4 /usr/local/Cellar/arm-none-eabi-gcc/9-2019-q4-major/gcc/bin/../lib/gcc/arm-none-eabi/9.2.1/thumb/v7e-m+dp/hard/crtbegin.o
 .init_array    0x00000000080067cc        0x4 build/Blinkl.o
                0x00000000080067d0                PROVIDE (__init_array_end = .)

.fini_array     0x00000000080067d0        0x4
                [!provide]                        PROVIDE (__fini_array_start = .)
 *(.fini_array*)
 .fini_array    0x00000000080067d0        0x4 /usr/local/Cellar/arm-none-eabi-gcc/9-2019-q4-major/gcc/bin/../lib/gcc/arm-none-eabi/9.2.1/thumb/v7e-m+dp/hard/crtbegin.o
 *(SORT_BY_NAME(.fini_array.*))
                [!provide]                        PROVIDE (__fini_array_end = .)

.data           0x0000000024000000       0x14 load address 0x00000000080067d4
                0x0000000024000000                . = ALIGN (0x4)
                0x0000000024000000                _sdata = .
                [!provide]                        PROVIDE (__data_start__ = _sdata)
 *(.data)
 .data          0x0000000024000000        0x4 /usr/local/Cellar/arm-none-eabi-gcc/9-2019-q4-major/gcc/bin/../lib/gcc/arm-none-eabi/9.2.1/thumb/v7e-m+dp/hard/crtbegin.o
                0x0000000024000000                __dso_handle
 *(.data*)
 .data.SystemCoreClock
                0x0000000024000004        0x4 build/system_stm32h7xx.o
                0x0000000024000004                SystemCoreClock
 .data.SystemD2Clock
                0x0000000024000008        0x4 build/system_stm32h7xx.o
                0x0000000024000008                SystemD2Clock
 .data.uwTickFreq
                0x000000002400000c        0x1 ../../DaisyExamples/libdaisy/build/libdaisy.a(stm32h7xx_hal.o)
 *fill*         0x000000002400000d        0x3 
 .data.uwTickPrio
                0x0000000024000010        0x4 ../../DaisyExamples/libdaisy/build/libdaisy.a(stm32h7xx_hal.o)
                0x0000000024000014                . = ALIGN (0x4)
                0x0000000024000014                _edata = .
                [!provide]                        PROVIDE (__data_end__ = _edata)
                0x00000000080067d4                _sidata = LOADADDR (.data)

.igot.plt       0x0000000024000014        0x0 load address 0x00000000080067e8
 .igot.plt      0x0000000024000014        0x0 /usr/local/Cellar/arm-none-eabi-gcc/9-2019-q4-major/gcc/bin/../lib/gcc/arm-none-eabi/9.2.1/thumb/v7e-m+dp/hard/crtbegin.o

.bss            0x0000000024000018     0x1794 load address 0x00000000080067e8
                0x0000000024000018                . = ALIGN (0x4)
                0x0000000024000018                _sbss = .
                0x0000000024000018                PROVIDE (__bss_start__ = _sbss)
 *(.bss)
 .bss           0x0000000024000018       0x1c /usr/local/Cellar/arm-none-eabi-gcc/9-2019-q4-major/gcc/bin/../lib/gcc/arm-none-eabi/9.2.1/thumb/v7e-m+dp/hard/crtbegin.o
 *(.bss*)
 .bss.ds        0x0000000024000034       0x6c build/Blinkl.o
                0x0000000024000034                ds
 .bss.audio_handle
                0x00000000240000a0      0x828 ../../DaisyExamples/libdaisy/build/libdaisy.a(hid_audio.o)
 .bss.audio_handle_ext
                0x00000000240008c8      0x828 ../../DaisyExamples/libdaisy/build/libdaisy.a(hid_audio.o)
 .bss.using_new_callbacks
                0x00000000240010f0        0x1 ../../DaisyExamples/libdaisy/build/libdaisy.a(hid_audio.o)
 *fill*         0x00000000240010f1        0x3 
 .bss.qspi_handle
                0x00000000240010f4       0x54 ../../DaisyExamples/libdaisy/build/libdaisy.a(per_qspi.o)
 .bss.FMC_Initialized
                0x0000000024001148        0x4 ../../DaisyExamples/libdaisy/build/libdaisy.a(dev_sdram.o)
 *fill*         0x000000002400114c        0x4 
 .bss.dsy_sdram
                0x0000000024001150       0x3c ../../DaisyExamples/libdaisy/build/libdaisy.a(dev_sdram.o)
 .bss.i2c1_handler
                0x000000002400118c        0x6 ../../DaisyExamples/libdaisy/build/libdaisy.a(per_i2c.o)
 *fill*         0x0000000024001192        0x2 
 .bss.i2c2_handler
                0x0000000024001194        0x6 ../../DaisyExamples/libdaisy/build/libdaisy.a(per_i2c.o)
 *fill*         0x000000002400119a        0x2 
 .bss.i2c3_handler
                0x000000002400119c        0x6 ../../DaisyExamples/libdaisy/build/libdaisy.a(per_i2c.o)
 *fill*         0x00000000240011a2        0x2 
 .bss.i2c4_handler
                0x00000000240011a4        0x6 ../../DaisyExamples/libdaisy/build/libdaisy.a(per_i2c.o)
 *fill*         0x00000000240011aa        0x2 
 .bss.SAI1_client
                0x00000000240011ac        0x4 ../../DaisyExamples/libdaisy/build/libdaisy.a(per_sai.o)
 .bss.SAI2_client
                0x00000000240011b0        0x4 ../../DaisyExamples/libdaisy/build/libdaisy.a(per_sai.o)
 .bss.sai_handle
                0x00000000240011b4       0x21 ../../DaisyExamples/libdaisy/build/libdaisy.a(per_sai.o)
 *fill*         0x00000000240011d5        0x3 
 .bss.tim       0x00000000240011d8       0x4c ../../DaisyExamples/libdaisy/build/libdaisy.a(per_tim.o)
 .bss.uwTick    0x0000000024001224        0x4 ../../DaisyExamples/libdaisy/build/libdaisy.a(stm32h7xx_hal.o)
 *(COMMON)
 COMMON         0x0000000024001228      0x440 ../../DaisyExamples/libdaisy/build/libdaisy.a(per_sai.o)
                0x0000000024001228                hsai_BlockB2
                0x00000000240012c0                hdma_sai2_b
                0x0000000024001338                hsai_BlockA2
                0x00000000240013d0                hsai_BlockB1
                0x0000000024001468                hdma_sai1_a
                0x00000000240014e0                hdma_sai1_b
                0x0000000024001558                hdma_sai2_a
                0x00000000240015d0                hsai_BlockA1
 COMMON         0x0000000024001668      0x130 ../../DaisyExamples/libdaisy/build/libdaisy.a(util_hal_map.o)
                0x0000000024001668                hi2c3
                0x00000000240016b4                hi2c4
                0x0000000024001700                hi2c1
                0x000000002400174c                hi2c2
 COMMON         0x0000000024001798       0x14 ../../DaisyExamples/libdaisy/build/libdaisy.a(dev_codec_wm8731.o)
                0x0000000024001798                codec_handle
                0x00000000240017ac                . = ALIGN (0x4)
                0x00000000240017ac                _ebss = .
                0x00000000240017ac                PROVIDE (__bss_end__ = _ebss)
                [!provide]                        PROVIDE (end = .)

.dtcmram_bss    0x0000000020000000        0x0
                0x0000000020000000                . = ALIGN (0x4)
                0x0000000020000000                _sdtcmram_bss = .
                [!provide]                        PROVIDE (__dtcmram_bss_start__ = _sdtcmram_bss)
 *(.dtcmram_bss)
 *(.dtcmram_bss*)
                0x0000000020000000                . = ALIGN (0x4)
                0x0000000020000000                _edtcmram_bss = .
                [!provide]                        PROVIDE (__dtcmram_bss_end__ = _edtcmram_bss)

.sram1_bss      0x0000000030000000     0x2000
                0x0000000030000000                . = ALIGN (0x4)
                0x0000000030000000                _ssram1_bss = .
                [!provide]                        PROVIDE (__sram1_bss_start__ = _sram1_bss)
 *(.sram1_bss)
 .sram1_bss     0x0000000030000000     0x2000 ../../DaisyExamples/libdaisy/build/libdaisy.a(hid_audio.o)
 *(.sram1_bss*)
                0x0000000030002000                . = ALIGN (0x4)
                0x0000000030002000                _esram1_bss = .
                [!provide]                        PROVIDE (__sram1_bss_end__ = _esram1_bss)

.sdram_bss      0x00000000c0000000        0x0
                0x00000000c0000000                . = ALIGN (0x4)
                0x00000000c0000000                _ssdram_bss = .
                [!provide]                        PROVIDE (__sdram_bss_start = _ssdram_bss)
 *(.sdram_bss)
 *(.sdram_bss*)
                0x00000000c0000000                . = ALIGN (0x4)
                0x00000000c0000000                _esdram_bss = .
                [!provide]                        PROVIDE (__sdram_bss_end = _esdram_bss)

.qspiflash_text
                0x0000000090000000        0x0
                0x0000000090000000                . = ALIGN (0x4)
                0x0000000090000000                _sqspiflash_text = .
                [!provide]                        PROVIDE (__qspiflash_text_start = _sqspiflash_text)
 *(.qspiflash_text)
 *(.qspiflash_text*)
                0x0000000090000000                . = ALIGN (0x4)
                0x0000000090000000                _eqspiflash_text = .
                [!provide]                        PROVIDE (__qspiflash_text_end = _eqspiflash_text)

.qspiflash_data
                0x0000000090000000        0x0
                0x0000000090000000                . = ALIGN (0x4)
                0x0000000090000000                _sqspiflash_data = .
                [!provide]                        PROVIDE (__qspiflash_data_start = _sqspiflash_data)
 *(.qspiflash_data)
 *(.qspiflash_data*)
                0x0000000090000000                . = ALIGN (0x4)
                0x0000000090000000                _eqspiflash_data = .
                [!provide]                        PROVIDE (__qspiflash_data_end = _eqspiflash_data)

.qspiflash_bss  0x0000000090000000        0x0
                0x0000000090000000                . = ALIGN (0x4)
                0x0000000090000000                _sqspiflash_bss = .
                [!provide]                        PROVIDE (__qspiflash_bss_start = _sqspiflash_bss)
 *(.qspiflash_bss)
 *(.qspiflash_bss*)
                0x0000000090000000                . = ALIGN (0x4)
                0x0000000090000000                _eqspiflash_bss = .
                [!provide]                        PROVIDE (__qspiflash_bss_end = _eqspiflash_bss)

.heap           0x00000000240017ac        0x0
                0x00000000240017ac                . = ALIGN (0x4)
                [!provide]                        PROVIDE (__heap_start__ = .)
 *(.heap)
                0x00000000240017ac                . = ALIGN (0x4)
                [!provide]                        PROVIDE (__heap_end__ = .)

.reserved_for_stack
                0x00000000240017ac        0x0
                0x00000000240017ac                . = ALIGN (0x4)
                [!provide]                        PROVIDE (__reserved_for_stack_start__ = .)
 *(.reserved_for_stack)
                0x00000000240017ac                . = ALIGN (0x4)
                [!provide]                        PROVIDE (__reserved_for_stack_end__ = .)

DISCARD
 libc.a(*)
 libm.a(*)
 libgcc.a(*)
OUTPUT(build/Blinkl.elf elf32-littlearm)

.comment        0x0000000000000000       0x79
 .comment       0x0000000000000000       0x79 build/system_stm32h7xx.o
                                         0x7a (size before relaxing)
 .comment       0x0000000000000079       0x7a build/Blinkl.o
 .comment       0x0000000000000079       0x7a ../../DaisyExamples/libdaisy/build/libdaisy.a(daisy_seed.o)
 .comment       0x0000000000000079       0x7a ../../DaisyExamples/libdaisy/build/libdaisy.a(hid_audio.o)
 .comment       0x0000000000000079       0x7a ../../DaisyExamples/libdaisy/build/libdaisy.a(per_qspi.o)
 .comment       0x0000000000000079       0x7a ../../DaisyExamples/libdaisy/build/libdaisy.a(dev_sdram.o)
 .comment       0x0000000000000079       0x7a ../../DaisyExamples/libdaisy/build/libdaisy.a(sys_system.o)
 .comment       0x0000000000000079       0x7a ../../DaisyExamples/libdaisy/build/libdaisy.a(per_i2c.o)
 .comment       0x0000000000000079       0x7a ../../DaisyExamples/libdaisy/build/libdaisy.a(per_sai.o)
 .comment       0x0000000000000079       0x7a ../../DaisyExamples/libdaisy/build/libdaisy.a(per_gpio.o)
 .comment       0x0000000000000079       0x7a ../../DaisyExamples/libdaisy/build/libdaisy.a(per_tim.o)
 .comment       0x0000000000000079       0x7a ../../DaisyExamples/libdaisy/build/libdaisy.a(util_hal_map.o)
 .comment       0x0000000000000079       0x7a ../../DaisyExamples/libdaisy/build/libdaisy.a(stm32h7xx_hal_cortex.o)
 .comment       0x0000000000000079       0x7a ../../DaisyExamples/libdaisy/build/libdaisy.a(stm32h7xx_hal_sdram.o)
 .comment       0x0000000000000079       0x7a ../../DaisyExamples/libdaisy/build/libdaisy.a(stm32h7xx_hal_i2c.o)
 .comment       0x0000000000000079       0x7a ../../DaisyExamples/libdaisy/build/libdaisy.a(stm32h7xx_hal_i2c_ex.o)
 .comment       0x0000000000000079       0x7a ../../DaisyExamples/libdaisy/build/libdaisy.a(stm32h7xx_hal_qspi.o)
 .comment       0x0000000000000079       0x7a ../../DaisyExamples/libdaisy/build/libdaisy.a(stm32h7xx_hal_sai.o)
 .comment       0x0000000000000079       0x7a ../../DaisyExamples/libdaisy/build/libdaisy.a(stm32h7xx_hal_tim.o)
 .comment       0x0000000000000079       0x7a ../../DaisyExamples/libdaisy/build/libdaisy.a(stm32h7xx_hal_tim_ex.o)
 .comment       0x0000000000000079       0x7a ../../DaisyExamples/libdaisy/build/libdaisy.a(stm32h7xx_hal_rcc.o)
 .comment       0x0000000000000079       0x7a ../../DaisyExamples/libdaisy/build/libdaisy.a(stm32h7xx_hal_rcc_ex.o)
 .comment       0x0000000000000079       0x7a ../../DaisyExamples/libdaisy/build/libdaisy.a(stm32h7xx_hal_gpio.o)
 .comment       0x0000000000000079       0x7a ../../DaisyExamples/libdaisy/build/libdaisy.a(stm32h7xx_hal_dma.o)
 .comment       0x0000000000000079       0x7a ../../DaisyExamples/libdaisy/build/libdaisy.a(stm32h7xx_hal_mdma.o)
 .comment       0x0000000000000079       0x7a ../../DaisyExamples/libdaisy/build/libdaisy.a(stm32h7xx_hal_pwr_ex.o)
 .comment       0x0000000000000079       0x7a ../../DaisyExamples/libdaisy/build/libdaisy.a(stm32h7xx_hal.o)
 .comment       0x0000000000000079       0x7a ../../DaisyExamples/libdaisy/build/libdaisy.a(dev_codec_pcm3060.o)
 .comment       0x0000000000000079       0x7a ../../DaisyExamples/libdaisy/build/libdaisy.a(dev_codec_wm8731.o)
 .comment       0x0000000000000079       0x7a ../../DaisyExamples/libdaisy/build/libdaisy.a(dev_codec_ak4556.o)
 .comment       0x0000000000000079       0x7a ../../DaisyExamples/libdaisy/build/libdaisy.a(sys_dma.o)
 .comment       0x0000000000000079       0x7a ../../DaisyExamples/libdaisy/build/libdaisy.a(stm32h7xx_ll_fmc.o)

.debug_frame    0x0000000000000000       0xbc
 .debug_frame   0x0000000000000000       0x20 /usr/local/Cellar/arm-none-eabi-gcc/9-2019-q4-major/gcc/bin/../lib/gcc/arm-none-eabi/9.2.1/../../../../arm-none-eabi/lib/thumb/v7e-m+dp/hard/libstdc++_nano.a(atexit_arm.o)
 .debug_frame   0x0000000000000020       0x28 /usr/local/Cellar/arm-none-eabi-gcc/9-2019-q4-major/gcc/bin/../lib/gcc/arm-none-eabi/9.2.1/../../../../arm-none-eabi/lib/thumb/v7e-m+dp/hard/libc_nano.a(lib_a-cxa_atexit.o)
 .debug_frame   0x0000000000000048       0x2c /usr/local/Cellar/arm-none-eabi-gcc/9-2019-q4-major/gcc/bin/../lib/gcc/arm-none-eabi/9.2.1/../../../../arm-none-eabi/lib/thumb/v7e-m+dp/hard/libc_nano.a(lib_a-init.o)
 .debug_frame   0x0000000000000074       0x28 /usr/local/Cellar/arm-none-eabi-gcc/9-2019-q4-major/gcc/bin/../lib/gcc/arm-none-eabi/9.2.1/../../../../arm-none-eabi/lib/thumb/v7e-m+dp/hard/libc_nano.a(lib_a-memcpy-stub.o)
 .debug_frame   0x000000000000009c       0x20 /usr/local/Cellar/arm-none-eabi-gcc/9-2019-q4-major/gcc/bin/../lib/gcc/arm-none-eabi/9.2.1/../../../../arm-none-eabi/lib/thumb/v7e-m+dp/hard/libc_nano.a(lib_a-memset.o)

Cross Reference Table

Symbol                                            File
ADC3_IRQHandler                                   build/startup_stm32h750xx.o
ADC_IRQHandler                                    build/startup_stm32h750xx.o
BDMA_Channel0_IRQHandler                          build/startup_stm32h750xx.o
BDMA_Channel1_IRQHandler                          build/startup_stm32h750xx.o
BDMA_Channel2_IRQHandler                          build/startup_stm32h750xx.o
BDMA_Channel3_IRQHandler                          build/startup_stm32h750xx.o
BDMA_Channel4_IRQHandler                          build/startup_stm32h750xx.o
BDMA_Channel5_IRQHandler                          build/startup_stm32h750xx.o
BDMA_Channel6_IRQHandler                          build/startup_stm32h750xx.o
BDMA_Channel7_IRQHandler                          build/startup_stm32h750xx.o
BusFault_Handler                                  build/startup_stm32h750xx.o
CEC_IRQHandler                                    build/startup_stm32h750xx.o
COMP1_IRQHandler                                  build/startup_stm32h750xx.o
CRS_IRQHandler                                    build/startup_stm32h750xx.o
CRYP_IRQHandler                                   build/startup_stm32h750xx.o
D1CorePrescTable                                  build/system_stm32h7xx.o
                                                  ../../DaisyExamples/libdaisy/build/libdaisy.a(stm32h7xx_hal.o)
                                                  ../../DaisyExamples/libdaisy/build/libdaisy.a(stm32h7xx_hal_rcc_ex.o)
                                                  ../../DaisyExamples/libdaisy/build/libdaisy.a(stm32h7xx_hal_rcc.o)
DCMI_IRQHandler                                   build/startup_stm32h750xx.o
DFSDM1_FLT0_IRQHandler                            build/startup_stm32h750xx.o
DFSDM1_FLT1_IRQHandler                            build/startup_stm32h750xx.o
DFSDM1_FLT2_IRQHandler                            build/startup_stm32h750xx.o
DFSDM1_FLT3_IRQHandler                            build/startup_stm32h750xx.o
DMA1_Stream0_IRQHandler                           ../../DaisyExamples/libdaisy/build/libdaisy.a(hid_audio.o)
                                                  build/startup_stm32h750xx.o
DMA1_Stream1_IRQHandler                           ../../DaisyExamples/libdaisy/build/libdaisy.a(hid_audio.o)
                                                  build/startup_stm32h750xx.o
DMA1_Stream2_IRQHandler                           build/startup_stm32h750xx.o
DMA1_Stream3_IRQHandler                           ../../DaisyExamples/libdaisy/build/libdaisy.a(hid_audio.o)
                                                  build/startup_stm32h750xx.o
DMA1_Stream4_IRQHandler                           ../../DaisyExamples/libdaisy/build/libdaisy.a(hid_audio.o)
                                                  build/startup_stm32h750xx.o
DMA1_Stream5_IRQHandler                           build/startup_stm32h750xx.o
DMA1_Stream6_IRQHandler                           build/startup_stm32h750xx.o
DMA1_Stream7_IRQHandler                           build/startup_stm32h750xx.o
DMA2D_IRQHandler                                  build/startup_stm32h750xx.o
DMA2_Stream0_IRQHandler                           build/startup_stm32h750xx.o
DMA2_Stream1_IRQHandler                           build/startup_stm32h750xx.o
DMA2_Stream2_IRQHandler                           build/startup_stm32h750xx.o
DMA2_Stream3_IRQHandler                           build/startup_stm32h750xx.o
DMA2_Stream4_IRQHandler                           build/startup_stm32h750xx.o
DMA2_Stream5_IRQHandler                           build/startup_stm32h750xx.o
DMA2_Stream6_IRQHandler                           build/startup_stm32h750xx.o
DMA2_Stream7_IRQHandler                           build/startup_stm32h750xx.o
DMAMUX1_OVR_IRQHandler                            build/startup_stm32h750xx.o
DMAMUX2_OVR_IRQHandler                            build/startup_stm32h750xx.o
DebugMon_Handler                                  build/startup_stm32h750xx.o
Default_Handler                                   build/startup_stm32h750xx.o
ECC_IRQHandler                                    build/startup_stm32h750xx.o
ETH_IRQHandler                                    build/startup_stm32h750xx.o
ETH_WKUP_IRQHandler                               build/startup_stm32h750xx.o
EXTI0_IRQHandler                                  build/startup_stm32h750xx.o
EXTI15_10_IRQHandler                              build/startup_stm32h750xx.o
EXTI1_IRQHandler                                  build/startup_stm32h750xx.o
EXTI2_IRQHandler                                  build/startup_stm32h750xx.o
EXTI3_IRQHandler                                  build/startup_stm32h750xx.o
EXTI4_IRQHandler                                  build/startup_stm32h750xx.o
EXTI9_5_IRQHandler                                build/startup_stm32h750xx.o
FDCAN1_IT0_IRQHandler                             build/startup_stm32h750xx.o
FDCAN1_IT1_IRQHandler                             build/startup_stm32h750xx.o
FDCAN2_IT0_IRQHandler                             build/startup_stm32h750xx.o
FDCAN2_IT1_IRQHandler                             build/startup_stm32h750xx.o
FDCAN_CAL_IRQHandler                              build/startup_stm32h750xx.o
FLASH_IRQHandler                                  build/startup_stm32h750xx.o
FMC_IRQHandler                                    build/startup_stm32h750xx.o
FMC_NAND_AttributeSpace_Timing_Init               ../../DaisyExamples/libdaisy/build/libdaisy.a(stm32h7xx_ll_fmc.o)
FMC_NAND_CommonSpace_Timing_Init                  ../../DaisyExamples/libdaisy/build/libdaisy.a(stm32h7xx_ll_fmc.o)
FMC_NAND_DeInit                                   ../../DaisyExamples/libdaisy/build/libdaisy.a(stm32h7xx_ll_fmc.o)
FMC_NAND_ECC_Disable                              ../../DaisyExamples/libdaisy/build/libdaisy.a(stm32h7xx_ll_fmc.o)
FMC_NAND_ECC_Enable                               ../../DaisyExamples/libdaisy/build/libdaisy.a(stm32h7xx_ll_fmc.o)
FMC_NAND_GetECC                                   ../../DaisyExamples/libdaisy/build/libdaisy.a(stm32h7xx_ll_fmc.o)
FMC_NAND_Init                                     ../../DaisyExamples/libdaisy/build/libdaisy.a(stm32h7xx_ll_fmc.o)
FMC_NORSRAM_DeInit                                ../../DaisyExamples/libdaisy/build/libdaisy.a(stm32h7xx_ll_fmc.o)
FMC_NORSRAM_Extended_Timing_Init                  ../../DaisyExamples/libdaisy/build/libdaisy.a(stm32h7xx_ll_fmc.o)
FMC_NORSRAM_Init                                  ../../DaisyExamples/libdaisy/build/libdaisy.a(stm32h7xx_ll_fmc.o)
FMC_NORSRAM_Timing_Init                           ../../DaisyExamples/libdaisy/build/libdaisy.a(stm32h7xx_ll_fmc.o)
FMC_NORSRAM_WriteOperation_Disable                ../../DaisyExamples/libdaisy/build/libdaisy.a(stm32h7xx_ll_fmc.o)
FMC_NORSRAM_WriteOperation_Enable                 ../../DaisyExamples/libdaisy/build/libdaisy.a(stm32h7xx_ll_fmc.o)
FMC_SDRAM_DeInit                                  ../../DaisyExamples/libdaisy/build/libdaisy.a(stm32h7xx_ll_fmc.o)
                                                  ../../DaisyExamples/libdaisy/build/libdaisy.a(stm32h7xx_hal_sdram.o)
FMC_SDRAM_GetModeStatus                           ../../DaisyExamples/libdaisy/build/libdaisy.a(stm32h7xx_ll_fmc.o)
                                                  ../../DaisyExamples/libdaisy/build/libdaisy.a(stm32h7xx_hal_sdram.o)
FMC_SDRAM_Init                                    ../../DaisyExamples/libdaisy/build/libdaisy.a(stm32h7xx_ll_fmc.o)
                                                  ../../DaisyExamples/libdaisy/build/libdaisy.a(stm32h7xx_hal_sdram.o)
FMC_SDRAM_ProgramRefreshRate                      ../../DaisyExamples/libdaisy/build/libdaisy.a(stm32h7xx_ll_fmc.o)
                                                  ../../DaisyExamples/libdaisy/build/libdaisy.a(stm32h7xx_hal_sdram.o)
FMC_SDRAM_SendCommand                             ../../DaisyExamples/libdaisy/build/libdaisy.a(stm32h7xx_ll_fmc.o)
                                                  ../../DaisyExamples/libdaisy/build/libdaisy.a(stm32h7xx_hal_sdram.o)
FMC_SDRAM_SetAutoRefreshNumber                    ../../DaisyExamples/libdaisy/build/libdaisy.a(stm32h7xx_ll_fmc.o)
                                                  ../../DaisyExamples/libdaisy/build/libdaisy.a(stm32h7xx_hal_sdram.o)
FMC_SDRAM_Timing_Init                             ../../DaisyExamples/libdaisy/build/libdaisy.a(stm32h7xx_ll_fmc.o)
                                                  ../../DaisyExamples/libdaisy/build/libdaisy.a(stm32h7xx_hal_sdram.o)
FMC_SDRAM_WriteProtection_Disable                 ../../DaisyExamples/libdaisy/build/libdaisy.a(stm32h7xx_ll_fmc.o)
                                                  ../../DaisyExamples/libdaisy/build/libdaisy.a(stm32h7xx_hal_sdram.o)
FMC_SDRAM_WriteProtection_Enable                  ../../DaisyExamples/libdaisy/build/libdaisy.a(stm32h7xx_ll_fmc.o)
                                                  ../../DaisyExamples/libdaisy/build/libdaisy.a(stm32h7xx_hal_sdram.o)
FPU_IRQHandler                                    build/startup_stm32h750xx.o
HAL_DBGMCU_DisableDBGSleepMode                    ../../DaisyExamples/libdaisy/build/libdaisy.a(stm32h7xx_hal.o)
HAL_DBGMCU_DisableDBGStandbyMode                  ../../DaisyExamples/libdaisy/build/libdaisy.a(stm32h7xx_hal.o)
HAL_DBGMCU_DisableDBGStopMode                     ../../DaisyExamples/libdaisy/build/libdaisy.a(stm32h7xx_hal.o)
HAL_DBGMCU_EnableDBGSleepMode                     ../../DaisyExamples/libdaisy/build/libdaisy.a(stm32h7xx_hal.o)
HAL_DBGMCU_EnableDBGStandbyMode                   ../../DaisyExamples/libdaisy/build/libdaisy.a(stm32h7xx_hal.o)
HAL_DBGMCU_EnableDBGStopMode                      ../../DaisyExamples/libdaisy/build/libdaisy.a(stm32h7xx_hal.o)
HAL_DMA_Abort                                     ../../DaisyExamples/libdaisy/build/libdaisy.a(stm32h7xx_hal_dma.o)
                                                  ../../DaisyExamples/libdaisy/build/libdaisy.a(stm32h7xx_hal_sai.o)
HAL_DMA_Abort_IT                                  ../../DaisyExamples/libdaisy/build/libdaisy.a(stm32h7xx_hal_dma.o)
                                                  ../../DaisyExamples/libdaisy/build/libdaisy.a(stm32h7xx_hal_tim_ex.o)
                                                  ../../DaisyExamples/libdaisy/build/libdaisy.a(stm32h7xx_hal_tim.o)
                                                  ../../DaisyExamples/libdaisy/build/libdaisy.a(stm32h7xx_hal_sai.o)
                                                  ../../DaisyExamples/libdaisy/build/libdaisy.a(stm32h7xx_hal_i2c.o)
HAL_DMA_DeInit                                    ../../DaisyExamples/libdaisy/build/libdaisy.a(stm32h7xx_hal_dma.o)
                                                  ../../DaisyExamples/libdaisy/build/libdaisy.a(per_sai.o)
HAL_DMA_GetError                                  ../../DaisyExamples/libdaisy/build/libdaisy.a(stm32h7xx_hal_dma.o)
                                                  ../../DaisyExamples/libdaisy/build/libdaisy.a(stm32h7xx_hal_sai.o)
                                                  ../../DaisyExamples/libdaisy/build/libdaisy.a(stm32h7xx_hal_i2c.o)
HAL_DMA_GetState                                  ../../DaisyExamples/libdaisy/build/libdaisy.a(stm32h7xx_hal_dma.o)
HAL_DMA_IRQHandler                                ../../DaisyExamples/libdaisy/build/libdaisy.a(stm32h7xx_hal_dma.o)
                                                  ../../DaisyExamples/libdaisy/build/libdaisy.a(hid_audio.o)
HAL_DMA_Init                                      ../../DaisyExamples/libdaisy/build/libdaisy.a(stm32h7xx_hal_dma.o)
                                                  ../../DaisyExamples/libdaisy/build/libdaisy.a(per_sai.o)
HAL_DMA_PollForTransfer                           ../../DaisyExamples/libdaisy/build/libdaisy.a(stm32h7xx_hal_dma.o)
HAL_DMA_RegisterCallback                          ../../DaisyExamples/libdaisy/build/libdaisy.a(stm32h7xx_hal_dma.o)
HAL_DMA_Start                                     ../../DaisyExamples/libdaisy/build/libdaisy.a(stm32h7xx_hal_dma.o)
HAL_DMA_Start_IT                                  ../../DaisyExamples/libdaisy/build/libdaisy.a(stm32h7xx_hal_dma.o)
                                                  ../../DaisyExamples/libdaisy/build/libdaisy.a(stm32h7xx_hal_tim_ex.o)
                                                  ../../DaisyExamples/libdaisy/build/libdaisy.a(stm32h7xx_hal_tim.o)
                                                  ../../DaisyExamples/libdaisy/build/libdaisy.a(stm32h7xx_hal_sai.o)
                                                  ../../DaisyExamples/libdaisy/build/libdaisy.a(stm32h7xx_hal_i2c.o)
HAL_DMA_UnRegisterCallback                        ../../DaisyExamples/libdaisy/build/libdaisy.a(stm32h7xx_hal_dma.o)
HAL_DeInit                                        ../../DaisyExamples/libdaisy/build/libdaisy.a(stm32h7xx_hal.o)
HAL_Delay                                         ../../DaisyExamples/libdaisy/build/libdaisy.a(stm32h7xx_hal.o)
                                                  ../../DaisyExamples/libdaisy/build/libdaisy.a(dev_codec_wm8731.o)
                                                  ../../DaisyExamples/libdaisy/build/libdaisy.a(dev_codec_pcm3060.o)
                                                  ../../DaisyExamples/libdaisy/build/libdaisy.a(sys_system.o)
                                                  ../../DaisyExamples/libdaisy/build/libdaisy.a(dev_sdram.o)
HAL_DisableCompensationCell                       ../../DaisyExamples/libdaisy/build/libdaisy.a(stm32h7xx_hal.o)
HAL_DisableDomain3DBGStandbyMode                  ../../DaisyExamples/libdaisy/build/libdaisy.a(stm32h7xx_hal.o)
HAL_DisableDomain3DBGStopMode                     ../../DaisyExamples/libdaisy/build/libdaisy.a(stm32h7xx_hal.o)
HAL_EXTI_D1_ClearFlag                             ../../DaisyExamples/libdaisy/build/libdaisy.a(stm32h7xx_hal.o)
HAL_EXTI_D1_EventInputConfig                      ../../DaisyExamples/libdaisy/build/libdaisy.a(stm32h7xx_hal.o)
HAL_EXTI_D3_EventInputConfig                      ../../DaisyExamples/libdaisy/build/libdaisy.a(stm32h7xx_hal.o)
HAL_EXTI_EdgeConfig                               ../../DaisyExamples/libdaisy/build/libdaisy.a(stm32h7xx_hal.o)
HAL_EXTI_GenerateSWInterrupt                      ../../DaisyExamples/libdaisy/build/libdaisy.a(stm32h7xx_hal.o)
HAL_EnableCompensationCell                        ../../DaisyExamples/libdaisy/build/libdaisy.a(stm32h7xx_hal.o)
HAL_EnableDomain3DBGStandbyMode                   ../../DaisyExamples/libdaisy/build/libdaisy.a(stm32h7xx_hal.o)
HAL_EnableDomain3DBGStopMode                      ../../DaisyExamples/libdaisy/build/libdaisy.a(stm32h7xx_hal.o)
HAL_GPIO_DeInit                                   ../../DaisyExamples/libdaisy/build/libdaisy.a(stm32h7xx_hal_gpio.o)
                                                  ../../DaisyExamples/libdaisy/build/libdaisy.a(per_gpio.o)
                                                  ../../DaisyExamples/libdaisy/build/libdaisy.a(per_sai.o)
                                                  ../../DaisyExamples/libdaisy/build/libdaisy.a(per_i2c.o)
                                                  ../../DaisyExamples/libdaisy/build/libdaisy.a(dev_sdram.o)
                                                  ../../DaisyExamples/libdaisy/build/libdaisy.a(per_qspi.o)
HAL_GPIO_EXTI_Callback                            ../../DaisyExamples/libdaisy/build/libdaisy.a(stm32h7xx_hal_gpio.o)
HAL_GPIO_EXTI_IRQHandler                          ../../DaisyExamples/libdaisy/build/libdaisy.a(stm32h7xx_hal_gpio.o)
HAL_GPIO_Init                                     ../../DaisyExamples/libdaisy/build/libdaisy.a(stm32h7xx_hal_gpio.o)
                                                  ../../DaisyExamples/libdaisy/build/libdaisy.a(stm32h7xx_hal_rcc.o)
                                                  ../../DaisyExamples/libdaisy/build/libdaisy.a(per_gpio.o)
                                                  ../../DaisyExamples/libdaisy/build/libdaisy.a(per_sai.o)
                                                  ../../DaisyExamples/libdaisy/build/libdaisy.a(per_i2c.o)
                                                  ../../DaisyExamples/libdaisy/build/libdaisy.a(dev_sdram.o)
                                                  ../../DaisyExamples/libdaisy/build/libdaisy.a(per_qspi.o)
                                                  ../../DaisyExamples/libdaisy/build/libdaisy.a(hid_audio.o)
HAL_GPIO_LockPin                                  ../../DaisyExamples/libdaisy/build/libdaisy.a(stm32h7xx_hal_gpio.o)
HAL_GPIO_ReadPin                                  ../../DaisyExamples/libdaisy/build/libdaisy.a(stm32h7xx_hal_gpio.o)
                                                  ../../DaisyExamples/libdaisy/build/libdaisy.a(per_gpio.o)
HAL_GPIO_TogglePin                                ../../DaisyExamples/libdaisy/build/libdaisy.a(stm32h7xx_hal_gpio.o)
                                                  ../../DaisyExamples/libdaisy/build/libdaisy.a(per_gpio.o)
HAL_GPIO_WritePin                                 ../../DaisyExamples/libdaisy/build/libdaisy.a(stm32h7xx_hal_gpio.o)
                                                  ../../DaisyExamples/libdaisy/build/libdaisy.a(per_gpio.o)
                                                  ../../DaisyExamples/libdaisy/build/libdaisy.a(hid_audio.o)
HAL_GetCurrentCPUID                               ../../DaisyExamples/libdaisy/build/libdaisy.a(stm32h7xx_hal_cortex.o)
HAL_GetDEVID                                      ../../DaisyExamples/libdaisy/build/libdaisy.a(stm32h7xx_hal.o)
HAL_GetFMCMemorySwappingConfig                    ../../DaisyExamples/libdaisy/build/libdaisy.a(stm32h7xx_hal.o)
HAL_GetHalVersion                                 ../../DaisyExamples/libdaisy/build/libdaisy.a(stm32h7xx_hal.o)
HAL_GetREVID                                      ../../DaisyExamples/libdaisy/build/libdaisy.a(stm32h7xx_hal.o)
                                                  ../../DaisyExamples/libdaisy/build/libdaisy.a(stm32h7xx_hal_rcc_ex.o)
                                                  ../../DaisyExamples/libdaisy/build/libdaisy.a(stm32h7xx_hal_rcc.o)
                                                  ../../DaisyExamples/libdaisy/build/libdaisy.a(stm32h7xx_hal_sai.o)
HAL_GetTick                                       ../../DaisyExamples/libdaisy/build/libdaisy.a(stm32h7xx_hal.o)
                                                  ../../DaisyExamples/libdaisy/build/libdaisy.a(stm32h7xx_ll_fmc.o)
                                                  ../../DaisyExamples/libdaisy/build/libdaisy.a(stm32h7xx_hal_pwr_ex.o)
                                                  ../../DaisyExamples/libdaisy/build/libdaisy.a(stm32h7xx_hal_mdma.o)
                                                  ../../DaisyExamples/libdaisy/build/libdaisy.a(stm32h7xx_hal_dma.o)
                                                  ../../DaisyExamples/libdaisy/build/libdaisy.a(stm32h7xx_hal_rcc_ex.o)
                                                  ../../DaisyExamples/libdaisy/build/libdaisy.a(stm32h7xx_hal_rcc.o)
                                                  ../../DaisyExamples/libdaisy/build/libdaisy.a(stm32h7xx_hal_sai.o)
                                                  ../../DaisyExamples/libdaisy/build/libdaisy.a(stm32h7xx_hal_qspi.o)
                                                  ../../DaisyExamples/libdaisy/build/libdaisy.a(stm32h7xx_hal_i2c.o)
                                                  ../../DaisyExamples/libdaisy/build/libdaisy.a(sys_system.o)
HAL_GetTickFreq                                   ../../DaisyExamples/libdaisy/build/libdaisy.a(stm32h7xx_hal.o)
HAL_GetTickPrio                                   ../../DaisyExamples/libdaisy/build/libdaisy.a(stm32h7xx_hal.o)
HAL_I2CEx_ConfigAnalogFilter                      ../../DaisyExamples/libdaisy/build/libdaisy.a(stm32h7xx_hal_i2c_ex.o)
                                                  ../../DaisyExamples/libdaisy/build/libdaisy.a(per_i2c.o)
HAL_I2CEx_ConfigDigitalFilter                     ../../DaisyExamples/libdaisy/build/libdaisy.a(stm32h7xx_hal_i2c_ex.o)
                                                  ../../DaisyExamples/libdaisy/build/libdaisy.a(per_i2c.o)
HAL_I2CEx_DisableFastModePlus                     ../../DaisyExamples/libdaisy/build/libdaisy.a(stm32h7xx_hal_i2c_ex.o)
HAL_I2CEx_DisableWakeUp                           ../../DaisyExamples/libdaisy/build/libdaisy.a(stm32h7xx_hal_i2c_ex.o)
HAL_I2CEx_EnableFastModePlus                      ../../DaisyExamples/libdaisy/build/libdaisy.a(stm32h7xx_hal_i2c_ex.o)
HAL_I2CEx_EnableWakeUp                            ../../DaisyExamples/libdaisy/build/libdaisy.a(stm32h7xx_hal_i2c_ex.o)
HAL_I2C_AbortCpltCallback                         ../../DaisyExamples/libdaisy/build/libdaisy.a(stm32h7xx_hal_i2c.o)
HAL_I2C_AddrCallback                              ../../DaisyExamples/libdaisy/build/libdaisy.a(stm32h7xx_hal_i2c.o)
HAL_I2C_DeInit                                    ../../DaisyExamples/libdaisy/build/libdaisy.a(stm32h7xx_hal_i2c.o)
HAL_I2C_DisableListen_IT                          ../../DaisyExamples/libdaisy/build/libdaisy.a(stm32h7xx_hal_i2c.o)
HAL_I2C_ER_IRQHandler                             ../../DaisyExamples/libdaisy/build/libdaisy.a(stm32h7xx_hal_i2c.o)
HAL_I2C_EV_IRQHandler                             ../../DaisyExamples/libdaisy/build/libdaisy.a(stm32h7xx_hal_i2c.o)
HAL_I2C_EnableListen_IT                           ../../DaisyExamples/libdaisy/build/libdaisy.a(stm32h7xx_hal_i2c.o)
HAL_I2C_ErrorCallback                             ../../DaisyExamples/libdaisy/build/libdaisy.a(stm32h7xx_hal_i2c.o)
HAL_I2C_GetError                                  ../../DaisyExamples/libdaisy/build/libdaisy.a(stm32h7xx_hal_i2c.o)
HAL_I2C_GetMode                                   ../../DaisyExamples/libdaisy/build/libdaisy.a(stm32h7xx_hal_i2c.o)
HAL_I2C_GetState                                  ../../DaisyExamples/libdaisy/build/libdaisy.a(stm32h7xx_hal_i2c.o)
HAL_I2C_Init                                      ../../DaisyExamples/libdaisy/build/libdaisy.a(stm32h7xx_hal_i2c.o)
                                                  ../../DaisyExamples/libdaisy/build/libdaisy.a(per_i2c.o)
HAL_I2C_IsDeviceReady                             ../../DaisyExamples/libdaisy/build/libdaisy.a(stm32h7xx_hal_i2c.o)
HAL_I2C_ListenCpltCallback                        ../../DaisyExamples/libdaisy/build/libdaisy.a(stm32h7xx_hal_i2c.o)
HAL_I2C_MasterRxCpltCallback                      ../../DaisyExamples/libdaisy/build/libdaisy.a(stm32h7xx_hal_i2c.o)
HAL_I2C_MasterTxCpltCallback                      ../../DaisyExamples/libdaisy/build/libdaisy.a(stm32h7xx_hal_i2c.o)
HAL_I2C_Master_Abort_IT                           ../../DaisyExamples/libdaisy/build/libdaisy.a(stm32h7xx_hal_i2c.o)
HAL_I2C_Master_Receive                            ../../DaisyExamples/libdaisy/build/libdaisy.a(stm32h7xx_hal_i2c.o)
HAL_I2C_Master_Receive_DMA                        ../../DaisyExamples/libdaisy/build/libdaisy.a(stm32h7xx_hal_i2c.o)
HAL_I2C_Master_Receive_IT                         ../../DaisyExamples/libdaisy/build/libdaisy.a(stm32h7xx_hal_i2c.o)
HAL_I2C_Master_Seq_Receive_DMA                    ../../DaisyExamples/libdaisy/build/libdaisy.a(stm32h7xx_hal_i2c.o)
HAL_I2C_Master_Seq_Receive_IT                     ../../DaisyExamples/libdaisy/build/libdaisy.a(stm32h7xx_hal_i2c.o)
HAL_I2C_Master_Seq_Transmit_DMA                   ../../DaisyExamples/libdaisy/build/libdaisy.a(stm32h7xx_hal_i2c.o)
HAL_I2C_Master_Seq_Transmit_IT                    ../../DaisyExamples/libdaisy/build/libdaisy.a(stm32h7xx_hal_i2c.o)
HAL_I2C_Master_Transmit                           ../../DaisyExamples/libdaisy/build/libdaisy.a(stm32h7xx_hal_i2c.o)
                                                  ../../DaisyExamples/libdaisy/build/libdaisy.a(dev_codec_wm8731.o)
                                                  ../../DaisyExamples/libdaisy/build/libdaisy.a(dev_codec_pcm3060.o)
HAL_I2C_Master_Transmit_DMA                       ../../DaisyExamples/libdaisy/build/libdaisy.a(stm32h7xx_hal_i2c.o)
HAL_I2C_Master_Transmit_IT                        ../../DaisyExamples/libdaisy/build/libdaisy.a(stm32h7xx_hal_i2c.o)
HAL_I2C_MemRxCpltCallback                         ../../DaisyExamples/libdaisy/build/libdaisy.a(stm32h7xx_hal_i2c.o)
HAL_I2C_MemTxCpltCallback                         ../../DaisyExamples/libdaisy/build/libdaisy.a(stm32h7xx_hal_i2c.o)
HAL_I2C_Mem_Read                                  ../../DaisyExamples/libdaisy/build/libdaisy.a(stm32h7xx_hal_i2c.o)
HAL_I2C_Mem_Read_DMA                              ../../DaisyExamples/libdaisy/build/libdaisy.a(stm32h7xx_hal_i2c.o)
HAL_I2C_Mem_Read_IT                               ../../DaisyExamples/libdaisy/build/libdaisy.a(stm32h7xx_hal_i2c.o)
HAL_I2C_Mem_Write                                 ../../DaisyExamples/libdaisy/build/libdaisy.a(stm32h7xx_hal_i2c.o)
HAL_I2C_Mem_Write_DMA                             ../../DaisyExamples/libdaisy/build/libdaisy.a(stm32h7xx_hal_i2c.o)
HAL_I2C_Mem_Write_IT                              ../../DaisyExamples/libdaisy/build/libdaisy.a(stm32h7xx_hal_i2c.o)
HAL_I2C_MspDeInit                                 ../../DaisyExamples/libdaisy/build/libdaisy.a(per_i2c.o)
HAL_I2C_MspInit                                   ../../DaisyExamples/libdaisy/build/libdaisy.a(per_i2c.o)
HAL_I2C_SlaveRxCpltCallback                       ../../DaisyExamples/libdaisy/build/libdaisy.a(stm32h7xx_hal_i2c.o)
HAL_I2C_SlaveTxCpltCallback                       ../../DaisyExamples/libdaisy/build/libdaisy.a(stm32h7xx_hal_i2c.o)
HAL_I2C_Slave_Receive                             ../../DaisyExamples/libdaisy/build/libdaisy.a(stm32h7xx_hal_i2c.o)
HAL_I2C_Slave_Receive_DMA                         ../../DaisyExamples/libdaisy/build/libdaisy.a(stm32h7xx_hal_i2c.o)
HAL_I2C_Slave_Receive_IT                          ../../DaisyExamples/libdaisy/build/libdaisy.a(stm32h7xx_hal_i2c.o)
HAL_I2C_Slave_Seq_Receive_DMA                     ../../DaisyExamples/libdaisy/build/libdaisy.a(stm32h7xx_hal_i2c.o)
HAL_I2C_Slave_Seq_Receive_IT                      ../../DaisyExamples/libdaisy/build/libdaisy.a(stm32h7xx_hal_i2c.o)
HAL_I2C_Slave_Seq_Transmit_DMA                    ../../DaisyExamples/libdaisy/build/libdaisy.a(stm32h7xx_hal_i2c.o)
HAL_I2C_Slave_Seq_Transmit_IT                     ../../DaisyExamples/libdaisy/build/libdaisy.a(stm32h7xx_hal_i2c.o)
HAL_I2C_Slave_Transmit                            ../../DaisyExamples/libdaisy/build/libdaisy.a(stm32h7xx_hal_i2c.o)
HAL_I2C_Slave_Transmit_DMA                        ../../DaisyExamples/libdaisy/build/libdaisy.a(stm32h7xx_hal_i2c.o)
HAL_I2C_Slave_Transmit_IT                         ../../DaisyExamples/libdaisy/build/libdaisy.a(stm32h7xx_hal_i2c.o)
HAL_IncTick                                       ../../DaisyExamples/libdaisy/build/libdaisy.a(stm32h7xx_hal.o)
                                                  ../../DaisyExamples/libdaisy/build/libdaisy.a(sys_system.o)
HAL_Init                                          ../../DaisyExamples/libdaisy/build/libdaisy.a(stm32h7xx_hal.o)
                                                  ../../DaisyExamples/libdaisy/build/libdaisy.a(sys_system.o)
HAL_InitTick                                      ../../DaisyExamples/libdaisy/build/libdaisy.a(stm32h7xx_hal.o)
                                                  ../../DaisyExamples/libdaisy/build/libdaisy.a(stm32h7xx_hal_rcc.o)
HAL_MDMA_Abort                                    ../../DaisyExamples/libdaisy/build/libdaisy.a(stm32h7xx_hal_mdma.o)
                                                  ../../DaisyExamples/libdaisy/build/libdaisy.a(stm32h7xx_hal_qspi.o)
HAL_MDMA_Abort_IT                                 ../../DaisyExamples/libdaisy/build/libdaisy.a(stm32h7xx_hal_mdma.o)
                                                  ../../DaisyExamples/libdaisy/build/libdaisy.a(stm32h7xx_hal_qspi.o)
HAL_MDMA_ConfigPostRequestMask                    ../../DaisyExamples/libdaisy/build/libdaisy.a(stm32h7xx_hal_mdma.o)
HAL_MDMA_DeInit                                   ../../DaisyExamples/libdaisy/build/libdaisy.a(stm32h7xx_hal_mdma.o)
HAL_MDMA_GenerateSWRequest                        ../../DaisyExamples/libdaisy/build/libdaisy.a(stm32h7xx_hal_mdma.o)
HAL_MDMA_GetError                                 ../../DaisyExamples/libdaisy/build/libdaisy.a(stm32h7xx_hal_mdma.o)
HAL_MDMA_GetState                                 ../../DaisyExamples/libdaisy/build/libdaisy.a(stm32h7xx_hal_mdma.o)
HAL_MDMA_IRQHandler                               ../../DaisyExamples/libdaisy/build/libdaisy.a(stm32h7xx_hal_mdma.o)
HAL_MDMA_Init                                     ../../DaisyExamples/libdaisy/build/libdaisy.a(stm32h7xx_hal_mdma.o)
HAL_MDMA_LinkedList_AddNode                       ../../DaisyExamples/libdaisy/build/libdaisy.a(stm32h7xx_hal_mdma.o)
HAL_MDMA_LinkedList_CreateNode                    ../../DaisyExamples/libdaisy/build/libdaisy.a(stm32h7xx_hal_mdma.o)
HAL_MDMA_LinkedList_DisableCircularMode           ../../DaisyExamples/libdaisy/build/libdaisy.a(stm32h7xx_hal_mdma.o)
HAL_MDMA_LinkedList_EnableCircularMode            ../../DaisyExamples/libdaisy/build/libdaisy.a(stm32h7xx_hal_mdma.o)
HAL_MDMA_LinkedList_RemoveNode                    ../../DaisyExamples/libdaisy/build/libdaisy.a(stm32h7xx_hal_mdma.o)
HAL_MDMA_PollForTransfer                          ../../DaisyExamples/libdaisy/build/libdaisy.a(stm32h7xx_hal_mdma.o)
HAL_MDMA_RegisterCallback                         ../../DaisyExamples/libdaisy/build/libdaisy.a(stm32h7xx_hal_mdma.o)
HAL_MDMA_Start                                    ../../DaisyExamples/libdaisy/build/libdaisy.a(stm32h7xx_hal_mdma.o)
HAL_MDMA_Start_IT                                 ../../DaisyExamples/libdaisy/build/libdaisy.a(stm32h7xx_hal_mdma.o)
                                                  ../../DaisyExamples/libdaisy/build/libdaisy.a(stm32h7xx_hal_qspi.o)
                                                  ../../DaisyExamples/libdaisy/build/libdaisy.a(stm32h7xx_hal_sdram.o)
HAL_MDMA_UnRegisterCallback                       ../../DaisyExamples/libdaisy/build/libdaisy.a(stm32h7xx_hal_mdma.o)
HAL_MPU_ConfigRegion                              ../../DaisyExamples/libdaisy/build/libdaisy.a(stm32h7xx_hal_cortex.o)
                                                  ../../DaisyExamples/libdaisy/build/libdaisy.a(sys_system.o)
HAL_MPU_Disable                                   ../../DaisyExamples/libdaisy/build/libdaisy.a(stm32h7xx_hal_cortex.o)
                                                  ../../DaisyExamples/libdaisy/build/libdaisy.a(sys_system.o)
HAL_MPU_Enable                                    ../../DaisyExamples/libdaisy/build/libdaisy.a(stm32h7xx_hal_cortex.o)