Archive member included to satisfy reference by file (symbol)

../../DaisyExamples/libdaisy/build/libdaisy.a(daisy_seed.o)
                              build/QuadFO.o (daisy::DaisySeed::SetLed(bool))
../../DaisyExamples/libdaisy/build/libdaisy.a(daisy_patch.o)
                              build/QuadFO.o (daisy::DaisyPatch::StartAudio(void (*)(float**, float**, unsigned int)))
../../DaisyExamples/libdaisy/build/libdaisy.a(per_adc.o)
                              ../../DaisyExamples/libdaisy/build/libdaisy.a(daisy_patch.o) (daisy::AdcChannelConfig::InitSingle(dsy_gpio_pin))
../../DaisyExamples/libdaisy/build/libdaisy.a(hid_audio.o)
                              ../../DaisyExamples/libdaisy/build/libdaisy.a(daisy_seed.o) (dsy_audio_init)
../../DaisyExamples/libdaisy/build/libdaisy.a(per_qspi.o)
                              ../../DaisyExamples/libdaisy/build/libdaisy.a(daisy_seed.o) (dsy_qspi_init)
../../DaisyExamples/libdaisy/build/libdaisy.a(dev_sdram.o)
                              ../../DaisyExamples/libdaisy/build/libdaisy.a(daisy_seed.o) (dsy_sdram_init)
../../DaisyExamples/libdaisy/build/libdaisy.a(sys_system.o)
                              ../../DaisyExamples/libdaisy/build/libdaisy.a(daisy_seed.o) (dsy_system_init)
../../DaisyExamples/libdaisy/build/libdaisy.a(per_i2c.o)
                              ../../DaisyExamples/libdaisy/build/libdaisy.a(hid_audio.o) (dsy_i2c_init)
../../DaisyExamples/libdaisy/build/libdaisy.a(per_sai.o)
                              ../../DaisyExamples/libdaisy/build/libdaisy.a(hid_audio.o) (hsai_BlockA1)
../../DaisyExamples/libdaisy/build/libdaisy.a(per_gpio.o)
                              ../../DaisyExamples/libdaisy/build/libdaisy.a(daisy_seed.o) (dsy_gpio_init)
../../DaisyExamples/libdaisy/build/libdaisy.a(per_dac.o)
                              ../../DaisyExamples/libdaisy/build/libdaisy.a(daisy_patch.o) (dsy_dac_init)
../../DaisyExamples/libdaisy/build/libdaisy.a(per_tim.o)
                              ../../DaisyExamples/libdaisy/build/libdaisy.a(daisy_seed.o) (dsy_tim_init)
../../DaisyExamples/libdaisy/build/libdaisy.a(hid_ctrl.o)
                              ../../DaisyExamples/libdaisy/build/libdaisy.a(daisy_patch.o) (daisy::AnalogControl::Init(unsigned short*, float, bool, bool, float))
../../DaisyExamples/libdaisy/build/libdaisy.a(hid_encoder.o)
                              ../../DaisyExamples/libdaisy/build/libdaisy.a(daisy_patch.o) (daisy::Encoder::Init(dsy_gpio_pin, dsy_gpio_pin, dsy_gpio_pin, float))
../../DaisyExamples/libdaisy/build/libdaisy.a(hid_gatein.o)
                              ../../DaisyExamples/libdaisy/build/libdaisy.a(daisy_patch.o) (daisy::GateIn::Init(dsy_gpio_pin*))
../../DaisyExamples/libdaisy/build/libdaisy.a(hid_midi.o)
                              ../../DaisyExamples/libdaisy/build/libdaisy.a(daisy_patch.o) (daisy::MidiHandler::Init(daisy::MidiHandler::MidiInputMode, daisy::MidiHandler::MidiOutputMode))
../../DaisyExamples/libdaisy/build/libdaisy.a(hid_oled_display.o)
                              ../../DaisyExamples/libdaisy/build/libdaisy.a(daisy_patch.o) (daisy::OledDisplay::Fill(bool))
../../DaisyExamples/libdaisy/build/libdaisy.a(hid_parameter.o)
                              build/QuadFO.o (daisy::Parameter::Init(daisy::AnalogControl, float, float, daisy::Parameter::Curve))
../../DaisyExamples/libdaisy/build/libdaisy.a(hid_switch.o)
                              ../../DaisyExamples/libdaisy/build/libdaisy.a(hid_encoder.o) (daisy::Switch::Init(dsy_gpio_pin, float))
../../DaisyExamples/libdaisy/build/libdaisy.a(util_hal_map.o)
                              ../../DaisyExamples/libdaisy/build/libdaisy.a(per_qspi.o) (dsy_hal_map_get_port)
../../DaisyExamples/libdaisy/build/libdaisy.a(stm32h7xx_hal_adc.o)
                              ../../DaisyExamples/libdaisy/build/libdaisy.a(per_adc.o) (HAL_ADC_ConfigChannel)
../../DaisyExamples/libdaisy/build/libdaisy.a(stm32h7xx_hal_adc_ex.o)
                              ../../DaisyExamples/libdaisy/build/libdaisy.a(per_adc.o) (HAL_ADCEx_Calibration_Start)
../../DaisyExamples/libdaisy/build/libdaisy.a(stm32h7xx_hal_cortex.o)
                              ../../DaisyExamples/libdaisy/build/libdaisy.a(per_qspi.o) (HAL_NVIC_SetPriority)
../../DaisyExamples/libdaisy/build/libdaisy.a(stm32h7xx_hal_dac.o)
                              ../../DaisyExamples/libdaisy/build/libdaisy.a(per_dac.o) (HAL_DAC_Init)
../../DaisyExamples/libdaisy/build/libdaisy.a(stm32h7xx_hal_dac_ex.o)
                              ../../DaisyExamples/libdaisy/build/libdaisy.a(stm32h7xx_hal_dac.o) (HAL_DACEx_DMAUnderrunCallbackCh2)
../../DaisyExamples/libdaisy/build/libdaisy.a(stm32h7xx_hal_sdram.o)
                              ../../DaisyExamples/libdaisy/build/libdaisy.a(dev_sdram.o) (HAL_SDRAM_Init)
../../DaisyExamples/libdaisy/build/libdaisy.a(stm32h7xx_hal_i2c.o)
                              ../../DaisyExamples/libdaisy/build/libdaisy.a(per_i2c.o) (HAL_I2C_Init)
[...]
Memory Configuration

Name             Origin             Length             Attributes
FLASH            0x0000000008000000 0x0000000000020000 xr
DTCMRAM          0x0000000020000000 0x0000000000020000 xrw
SRAM             0x0000000024000000 0x0000000000080000 xrw
RAM_D2           0x0000000030000000 0x0000000000048000 xrw
RAM_D3           0x0000000038000000 0x0000000000010000 xrw
ITCMRAM          0x0000000000000000 0x0000000000010000 xrw
SDRAM            0x00000000c0000000 0x0000000004000000 xrw
QSPIFLASH        0x0000000090000000 0x0000000000800000 xr
*default*        0x0000000000000000 0xffffffffffffffff

Linker script and memory map

LOAD /usr/local/Cellar/arm-none-eabi-gcc/9-2019-q4-major/gcc/bin/../lib/gcc/arm-none-eabi/9.2.1/thumb/v7e-m+dp/hard/crti.o
LOAD /usr/local/Cellar/arm-none-eabi-gcc/9-2019-q4-major/gcc/bin/../lib/gcc/arm-none-eabi/9.2.1/thumb/v7e-m+dp/hard/crtbegin.o
LOAD /usr/local/Cellar/arm-none-eabi-gcc/9-2019-q4-major/gcc/bin/../lib/gcc/arm-none-eabi/9.2.1/../../../../arm-none-eabi/lib/thumb/v7e-m+dp/hard/crt0.o
LOAD build/system_stm32h7xx.o
LOAD build/QuadFO.o
LOAD build/startup_stm32h750xx.o
LOAD ../../DaisyExamples/libdaisy/build/libdaisy.a
LOAD /usr/local/Cellar/arm-none-eabi-gcc/9-2019-q4-major/gcc/bin/../lib/gcc/arm-none-eabi/9.2.1/../../../../arm-none-eabi/lib/thumb/v7e-m+dp/hard/libnosys.a
LOAD ../../DaisyExamples/DaisySP/build/libdaisysp.a
LOAD /usr/local/Cellar/arm-none-eabi-gcc/9-2019-q4-major/gcc/bin/../lib/gcc/arm-none-eabi/9.2.1/../../../../arm-none-eabi/lib/thumb/v7e-m+dp/hard/libstdc++_nano.a
LOAD /usr/local/Cellar/arm-none-eabi-gcc/9-2019-q4-major/gcc/bin/../lib/gcc/arm-none-eabi/9.2.1/../../../../arm-none-eabi/lib/thumb/v7e-m+dp/hard/libm.a
LOAD /usr/local/Cellar/arm-none-eabi-gcc/9-2019-q4-major/gcc/bin/../lib/gcc/arm-none-eabi/9.2.1/../../../../arm-none-eabi/lib/thumb/v7e-m+dp/hard/libc_nano.a
START GROUP
LOAD /usr/local/Cellar/arm-none-eabi-gcc/9-2019-q4-major/gcc/bin/../lib/gcc/arm-none-eabi/9.2.1/thumb/v7e-m+dp/hard/libgcc.a
LOAD /usr/local/Cellar/arm-none-eabi-gcc/9-2019-q4-major/gcc/bin/../lib/gcc/arm-none-eabi/9.2.1/../../../../arm-none-eabi/lib/thumb/v7e-m+dp/hard/libc_nano.a
END GROUP
START GROUP
LOAD /usr/local/Cellar/arm-none-eabi-gcc/9-2019-q4-major/gcc/bin/../lib/gcc/arm-none-eabi/9.2.1/thumb/v7e-m+dp/hard/libgcc.a
LOAD /usr/local/Cellar/arm-none-eabi-gcc/9-2019-q4-major/gcc/bin/../lib/gcc/arm-none-eabi/9.2.1/../../../../arm-none-eabi/lib/thumb/v7e-m+dp/hard/libc_nano.a
LOAD /usr/local/Cellar/arm-none-eabi-gcc/9-2019-q4-major/gcc/bin/../lib/gcc/arm-none-eabi/9.2.1/../../../../arm-none-eabi/lib/thumb/v7e-m+dp/hard/libnosys.a
END GROUP
START GROUP
LOAD /usr/local/Cellar/arm-none-eabi-gcc/9-2019-q4-major/gcc/bin/../lib/gcc/arm-none-eabi/9.2.1/thumb/v7e-m+dp/hard/libgcc.a
LOAD /usr/local/Cellar/arm-none-eabi-gcc/9-2019-q4-major/gcc/bin/../lib/gcc/arm-none-eabi/9.2.1/../../../../arm-none-eabi/lib/thumb/v7e-m+dp/hard/libc_nano.a
LOAD /usr/local/Cellar/arm-none-eabi-gcc/9-2019-q4-major/gcc/bin/../lib/gcc/arm-none-eabi/9.2.1/../../../../arm-none-eabi/lib/thumb/v7e-m+dp/hard/libnosys.a
END GROUP
LOAD /usr/local/Cellar/arm-none-eabi-gcc/9-2019-q4-major/gcc/bin/../lib/gcc/arm-none-eabi/9.2.1/thumb/v7e-m+dp/hard/crtend.o
LOAD /usr/local/Cellar/arm-none-eabi-gcc/9-2019-q4-major/gcc/bin/../lib/gcc/arm-none-eabi/9.2.1/thumb/v7e-m+dp/hard/crtn.o
                0x0000000020020000                _estack = 0x20020000

.isr_vector     0x0000000008000000      0x298
                0x0000000008000000                . = ALIGN (0x4)
 *(.isr_vector)
 .isr_vector    0x0000000008000000      0x298 build/startup_stm32h750xx.o
                0x0000000008000000                g_pfnVectors
                0x0000000008000298                . = ALIGN (0x4)

.eh_frame       0x0000000008000298        0x0
 .eh_frame      0x0000000008000298        0x0 /usr/local/Cellar/arm-none-eabi-gcc/9-2019-q4-major/gcc/bin/../lib/gcc/arm-none-eabi/9.2.1/thumb/v7e-m+dp/hard/crtbegin.o

.text           0x0000000008000298     0xcd20
                0x0000000008000298                . = ALIGN (0x4)
                0x0000000008000298                _stext = .
 *(.text)
 .text          0x0000000008000298       0x40 /usr/local/Cellar/arm-none-eabi-gcc/9-2019-q4-major/gcc/bin/../lib/gcc/arm-none-eabi/9.2.1/thumb/v7e-m+dp/hard/crtbegin.o
 .text          0x00000000080002d8      0x378 /usr/local/Cellar/arm-none-eabi-gcc/9-2019-q4-major/gcc/bin/../lib/gcc/arm-none-eabi/9.2.1/thumb/v7e-m+dp/hard/libgcc.a(_arm_addsubdf3.o)
                0x00000000080002d8                __aeabi_drsub
                0x00000000080002e0                __subdf3
                0x00000000080002e0                __aeabi_dsub
                0x00000000080002e4                __aeabi_dadd
                0x00000000080002e4                __adddf3
                0x000000000800055c                __aeabi_ui2d
                0x000000000800055c                __floatunsidf
                0x000000000800057c                __floatsidf
                0x000000000800057c                __aeabi_i2d
                0x00000000080005a0                __extendsfdf2
                0x00000000080005a0                __aeabi_f2d
                0x00000000080005e4                __aeabi_ul2d
                0x00000000080005e4                __floatundidf
                0x00000000080005f4                __aeabi_l2d
                0x00000000080005f4                __floatdidf
 .text          0x0000000008000650       0x30 /usr/local/Cellar/arm-none-eabi-gcc/9-2019-q4-major/gcc/bin/../lib/gcc/arm-none-eabi/9.2.1/thumb/v7e-m+dp/hard/libgcc.a(_aeabi_uldivmod.o)
                0x0000000008000650                __aeabi_uldivmod
 .text          0x0000000008000680      0x2c4 /usr/local/Cellar/arm-none-eabi-gcc/9-2019-q4-major/gcc/bin/../lib/gcc/arm-none-eabi/9.2.1/thumb/v7e-m+dp/hard/libgcc.a(_udivmoddi4.o)
                0x0000000008000680                __udivmoddi4
 .text          0x0000000008000944        0x4 /usr/local/Cellar/arm-none-eabi-gcc/9-2019-q4-major/gcc/bin/../lib/gcc/arm-none-eabi/9.2.1/thumb/v7e-m+dp/hard/libgcc.a(_dvmd_tls.o)
                0x0000000008000944                __aeabi_ldiv0
                0x0000000008000944                __aeabi_idiv0
 *(.text*)
 .text.SystemInit
                0x0000000008000948       0x80 build/system_stm32h7xx.o
                0x0000000008000948                SystemInit
 .text._ZN5daisy9ParameterD2Ev
                0x00000000080009c8        0x4 build/QuadFO.o
                0x00000000080009c8                daisy::Parameter::~Parameter()
                0x00000000080009c8                daisy::Parameter::~Parameter()
 .text._ZN5daisy10DaisyPatchD2Ev
                0x00000000080009cc        0x4 build/QuadFO.o
                0x00000000080009cc                daisy::DaisyPatch::~DaisyPatch()
                0x00000000080009cc                daisy::DaisyPatch::~DaisyPatch()
 .text.__tcf_0  0x00000000080009d0        0x4 build/QuadFO.o
 .text._ZL13AudioCallbackPPfS0_j
                0x00000000080009d4      0x140 build/QuadFO.o
 .text.startup.main
                0x0000000008000b14      0x110 build/QuadFO.o
                0x0000000008000b14                main
 .text.startup._GLOBAL__sub_I_hw
                0x0000000008000c24       0x5c build/QuadFO.o
 .text.Reset_Handler
                0x0000000008000c80       0x50 build/startup_stm32h750xx.o
                0x0000000008000c80                Reset_Handler
 .text.Default_Handler
                0x0000000008000cd0        0x2 build/startup_stm32h750xx.o
                0x0000000008000cd0                SAI1_IRQHandler
                0x0000000008000cd0                HASH_RNG_IRQHandler
                0x0000000008000cd0                EXTI2_IRQHandler
                0x0000000008000cd0                TIM8_CC_IRQHandler
                0x0000000008000cd0                HRTIM1_Master_IRQHandler
                0x0000000008000cd0                DebugMon_Handler
                0x0000000008000cd0                UART8_IRQHandler
                0x0000000008000cd0                SPI4_IRQHandler
                0x0000000008000cd0                TIM1_CC_IRQHandler
                0x0000000008000cd0                BDMA_Channel6_IRQHandler
                0x0000000008000cd0                DMA2_Stream5_IRQHandler
                0x0000000008000cd0                HRTIM1_FLT_IRQHandler
                0x0000000008000cd0                JPEG_IRQHandler
                0x0000000008000cd0                BDMA_Channel1_IRQHandler
                0x0000000008000cd0                HRTIM1_TIMD_IRQHandler
                0x0000000008000cd0                TAMP_STAMP_IRQHandler
                0x0000000008000cd0                PendSV_Handler
                0x0000000008000cd0                NMI_Handler
                0x0000000008000cd0                EXTI3_IRQHandler
                0x0000000008000cd0                LPTIM4_IRQHandler
                0x0000000008000cd0                TIM8_TRG_COM_TIM14_IRQHandler
                0x0000000008000cd0                LPTIM2_IRQHandler
                0x0000000008000cd0                DFSDM1_FLT1_IRQHandler
                0x0000000008000cd0                DMAMUX2_OVR_IRQHandler
                0x0000000008000cd0                TIM8_UP_TIM13_IRQHandler
                0x0000000008000cd0                I2C3_ER_IRQHandler
                0x0000000008000cd0                DFSDM1_FLT2_IRQHandler
                0x0000000008000cd0                MDMA_IRQHandler
                0x0000000008000cd0                LPTIM3_IRQHandler
                0x0000000008000cd0                HSEM1_IRQHandler
                0x0000000008000cd0                EXTI0_IRQHandler
                0x0000000008000cd0                I2C2_EV_IRQHandler
                0x0000000008000cd0                FPU_IRQHandler
                0x0000000008000cd0                OTG_HS_WKUP_IRQHandler
                0x0000000008000cd0                FDCAN1_IT1_IRQHandler
                0x0000000008000cd0                UsageFault_Handler
                0x0000000008000cd0                LTDC_ER_IRQHandler
                0x0000000008000cd0                DMA2_Stream2_IRQHandler
                0x0000000008000cd0                HRTIM1_TIME_IRQHandler
                0x0000000008000cd0                SPI1_IRQHandler
                0x0000000008000cd0                TIM6_DAC_IRQHandler
                0x0000000008000cd0                DCMI_IRQHandler
                0x0000000008000cd0                HRTIM1_TIMC_IRQHandler
                0x0000000008000cd0                DMA2_Stream3_IRQHandler
                0x0000000008000cd0                SAI2_IRQHandler
                0x0000000008000cd0                DFSDM1_FLT3_IRQHandler
                0x0000000008000cd0                USART6_IRQHandler
                0x0000000008000cd0                TIM17_IRQHandler
                0x0000000008000cd0                USART3_IRQHandler
                0x0000000008000cd0                BDMA_Channel7_IRQHandler
                0x0000000008000cd0                CRYP_IRQHandler
                0x0000000008000cd0                LPTIM5_IRQHandler
                0x0000000008000cd0                UART5_IRQHandler
                0x0000000008000cd0                ADC3_IRQHandler
                0x0000000008000cd0                DMA2_Stream0_IRQHandler
                0x0000000008000cd0                TIM4_IRQHandler
                0x0000000008000cd0                BDMA_Channel2_IRQHandler
                0x0000000008000cd0                I2C1_EV_IRQHandler
                0x0000000008000cd0                DMA1_Stream6_IRQHandler
                0x0000000008000cd0                DMAMUX1_OVR_IRQHandler
                0x0000000008000cd0                TIM16_IRQHandler
                0x0000000008000cd0                UART4_IRQHandler
                0x0000000008000cd0                BDMA_Channel5_IRQHandler
                0x0000000008000cd0                TIM3_IRQHandler
                0x0000000008000cd0                RCC_IRQHandler
                0x0000000008000cd0                TIM8_BRK_TIM12_IRQHandler
                0x0000000008000cd0                TIM1_TRG_COM_IRQHandler
                0x0000000008000cd0                Default_Handler
                0x0000000008000cd0                ECC_IRQHandler
                0x0000000008000cd0                CEC_IRQHandler
                0x0000000008000cd0                EXTI15_10_IRQHandler
                0x0000000008000cd0                BDMA_Channel0_IRQHandler
                0x0000000008000cd0                ADC_IRQHandler
                0x0000000008000cd0                DMA1_Stream7_IRQHandler
                0x0000000008000cd0                HRTIM1_TIMA_IRQHandler
                0x0000000008000cd0                SPI5_IRQHandler
                0x0000000008000cd0                TIM7_IRQHandler
                0x0000000008000cd0                SDMMC1_IRQHandler
                0x0000000008000cd0                TIM5_IRQHandler
                0x0000000008000cd0                DMA2_Stream7_IRQHandler
                0x0000000008000cd0                TIM15_IRQHandler
                0x0000000008000cd0                PVD_AVD_IRQHandler
                0x0000000008000cd0                I2C3_EV_IRQHandler
                0x0000000008000cd0                EXTI9_5_IRQHandler
                0x0000000008000cd0                RTC_WKUP_IRQHandler
                0x0000000008000cd0                LTDC_IRQHandler
                0x0000000008000cd0                SAI3_IRQHandler
                0x0000000008000cd0                ETH_WKUP_IRQHandler
                0x0000000008000cd0                SPDIF_RX_IRQHandler
                0x0000000008000cd0                SPI2_IRQHandler
                0x0000000008000cd0                OTG_HS_EP1_IN_IRQHandler
                0x0000000008000cd0                MemManage_Handler
                0x0000000008000cd0                SVC_Handler
                0x0000000008000cd0                CRS_IRQHandler
                0x0000000008000cd0                EXTI4_IRQHandler
                0x0000000008000cd0                HRTIM1_TIMB_IRQHandler
                0x0000000008000cd0                FDCAN2_IT1_IRQHandler
                0x0000000008000cd0                ETH_IRQHandler
                0x0000000008000cd0                TIM1_UP_IRQHandler
                0x0000000008000cd0                BDMA_Channel4_IRQHandler
                0x0000000008000cd0                OTG_HS_EP1_OUT_IRQHandler
                0x0000000008000cd0                WWDG_IRQHandler
                0x0000000008000cd0                SPI6_IRQHandler
                0x0000000008000cd0                MDIOS_IRQHandler
                0x0000000008000cd0                I2C4_EV_IRQHandler
                0x0000000008000cd0                FDCAN2_IT0_IRQHandler
                0x0000000008000cd0                LPUART1_IRQHandler
                0x0000000008000cd0                FDCAN1_IT0_IRQHandler
                0x0000000008000cd0                TIM2_IRQHandler
                0x0000000008000cd0                OTG_FS_WKUP_IRQHandler
                0x0000000008000cd0                OTG_HS_IRQHandler
                0x0000000008000cd0                DMA2D_IRQHandler
                0x0000000008000cd0                TIM1_BRK_IRQHandler
                0x0000000008000cd0                EXTI1_IRQHandler
                0x0000000008000cd0                SDMMC2_IRQHandler
                0x0000000008000cd0                OTG_FS_EP1_OUT_IRQHandler
                0x0000000008000cd0                BDMA_Channel3_IRQHandler
                0x0000000008000cd0                UART7_IRQHandler
                0x0000000008000cd0                MDIOS_WKUP_IRQHandler
                0x0000000008000cd0                USART2_IRQHandler
                0x0000000008000cd0                DFSDM1_FLT0_IRQHandler
                0x0000000008000cd0                SAI4_IRQHandler
                0x0000000008000cd0                I2C2_ER_IRQHandler
                0x0000000008000cd0                DMA2_Stream1_IRQHandler
                0x0000000008000cd0                FLASH_IRQHandler
                0x0000000008000cd0                DMA2_Stream4_IRQHandler
                0x0000000008000cd0                BusFault_Handler
                0x0000000008000cd0                OTG_FS_IRQHandler
                0x0000000008000cd0                SPI3_IRQHandler
                0x0000000008000cd0                WAKEUP_PIN_IRQHandler
                0x0000000008000cd0                OTG_FS_EP1_IN_IRQHandler
                0x0000000008000cd0                I2C1_ER_IRQHandler
                0x0000000008000cd0                FMC_IRQHandler
                0x0000000008000cd0                FDCAN_CAL_IRQHandler
                0x0000000008000cd0                SWPMI1_IRQHandler
                0x0000000008000cd0                COMP1_IRQHandler
                0x0000000008000cd0                LPTIM1_IRQHandler
                0x0000000008000cd0                I2C4_ER_IRQHandler
                0x0000000008000cd0                DMA2_Stream6_IRQHandler
                0x0000000008000cd0                RTC_Alarm_IRQHandler
 *fill*         0x0000000008000cd2        0x2 
 .text._ZN5daisy9DaisySeed9ConfigureEv
                0x0000000008000cd4       0xe0 ../../DaisyExamples/libdaisy/build/libdaisy.a(daisy_seed.o)
                0x0000000008000cd4                daisy::DaisySeed::Configure()
 .text._ZN5daisy9DaisySeed4InitEv
                0x0000000008000db4       0x34 ../../DaisyExamples/libdaisy/build/libdaisy.a(daisy_seed.o)
                0x0000000008000db4                daisy::DaisySeed::Init()
 .text._ZN5daisy9DaisySeed6GetPinEh
                0x0000000008000de8       0x2c ../../DaisyExamples/libdaisy/build/libdaisy.a(daisy_seed.o)
                0x0000000008000de8                daisy::DaisySeed::GetPin(unsigned char)
 .text._ZN5daisy9DaisySeed6SetLedEb
                0x0000000008000e14        0x8 ../../DaisyExamples/libdaisy/build/libdaisy.a(daisy_seed.o)
                0x0000000008000e14                daisy::DaisySeed::SetLed(bool)
 .text._ZN5daisy10DaisyPatch10StartAudioEPFvPPfS2_jE
                0x0000000008000e1c       0x18 ../../DaisyExamples/libdaisy/build/libdaisy.a(daisy_patch.o)
                0x0000000008000e1c                daisy::DaisyPatch::StartAudio(void (*)(float**, float**, unsigned int))
 .text._ZN5daisy10DaisyPatch8StartAdcEv
                0x0000000008000e34        0x8 ../../DaisyExamples/libdaisy/build/libdaisy.a(daisy_patch.o)
                0x0000000008000e34                daisy::DaisyPatch::StartAdc()
 .text._ZN5daisy10DaisyPatch15AudioSampleRateEv
                0x0000000008000e3c        0xc ../../DaisyExamples/libdaisy/build/libdaisy.a(daisy_patch.o)
                0x0000000008000e3c                daisy::DaisyPatch::AudioSampleRate()
 .text._ZN5daisy10DaisyPatch20UpdateAnalogControlsEv
                0x0000000008000e48       0x28 ../../DaisyExamples/libdaisy/build/libdaisy.a(daisy_patch.o)
                0x0000000008000e48                daisy::DaisyPatch::UpdateAnalogControls()
 .text._ZN5daisy10DaisyPatch16DebounceControlsEv
                0x0000000008000e70        0x8 ../../DaisyExamples/libdaisy/build/libdaisy.a(daisy_patch.o)
                0x0000000008000e70                daisy::DaisyPatch::DebounceControls()
 .text._ZN5daisy10DaisyPatch12InitControlsEv
                0x0000000008000e78       0xc0 ../../DaisyExamples/libdaisy/build/libdaisy.a(daisy_patch.o)
                0x0000000008000e78                daisy::DaisyPatch::InitControls()
 .text._ZN5daisy10DaisyPatch4InitEv
                0x0000000008000f38      0x1b4 ../../DaisyExamples/libdaisy/build/libdaisy.a(daisy_patch.o)
                0x0000000008000f38                daisy::DaisyPatch::Init()
 .text._ZN5daisy16AdcChannelConfig10InitSingleE12dsy_gpio_pin
                0x00000000080010ec       0x24 ../../DaisyExamples/libdaisy/build/libdaisy.a(per_adc.o)
                0x00000000080010ec                daisy::AdcChannelConfig::InitSingle(dsy_gpio_pin)
 .text._ZN5daisy9AdcHandle4InitEPNS_16AdcChannelConfigEjNS0_12OverSamplingE
                0x0000000008001110      0x54c ../../DaisyExamples/libdaisy/build/libdaisy.a(per_adc.o)
                0x0000000008001110                daisy::AdcHandle::Init(daisy::AdcChannelConfig*, unsigned int, daisy::AdcHandle::OverSampling)
 .text._ZN5daisy9AdcHandle5StartEv
                0x000000000800165c       0x2c ../../DaisyExamples/libdaisy/build/libdaisy.a(per_adc.o)
                0x000000000800165c                daisy::AdcHandle::Start()
 .text._ZN5daisy9AdcHandle6GetPtrEh
                0x0000000008001688       0x14 ../../DaisyExamples/libdaisy/build/libdaisy.a(per_adc.o)
                0x0000000008001688                daisy::AdcHandle::GetPtr(unsigned char)
 .text.HAL_ADC_MspInit
                0x000000000800169c       0x88 ../../DaisyExamples/libdaisy/build/libdaisy.a(per_adc.o)
                0x000000000800169c                HAL_ADC_MspInit
 .text.DMA1_Stream2_IRQHandler
                0x0000000008001724        0xc ../../DaisyExamples/libdaisy/build/libdaisy.a(per_adc.o)
                0x0000000008001724                DMA1_Stream2_IRQHandler
 .text.HAL_ADC_ConvCpltCallback
                0x0000000008001730       0xa8 ../../DaisyExamples/libdaisy/build/libdaisy.a(per_adc.o)
                0x0000000008001730                HAL_ADC_ConvCpltCallback
 .text.combined_callback
                0x00000000080017d8      0x3d4 ../../DaisyExamples/libdaisy/build/libdaisy.a(hid_audio.o)
 .text.dsy_audio_passthru
                0x0000000008001bac        0xc ../../DaisyExamples/libdaisy/build/libdaisy.a(hid_audio.o)
                0x0000000008001bac                dsy_audio_passthru
 .text.internal_callback
                0x0000000008001bb8      0x19c ../../DaisyExamples/libdaisy/build/libdaisy.a(hid_audio.o)
 .text.DMA1_Stream0_IRQHandler
                0x0000000008001d54        0xc ../../DaisyExamples/libdaisy/build/libdaisy.a(hid_audio.o)
                0x0000000008001d54                DMA1_Stream0_IRQHandler
 .text.DMA1_Stream1_IRQHandler
                0x0000000008001d60        0xc ../../DaisyExamples/libdaisy/build/libdaisy.a(hid_audio.o)
                0x0000000008001d60                DMA1_Stream1_IRQHandler
 .text.DMA1_Stream3_IRQHandler
                0x0000000008001d6c        0xc ../../DaisyExamples/libdaisy/build/libdaisy.a(hid_audio.o)
                0x0000000008001d6c                DMA1_Stream3_IRQHandler
 .text.DMA1_Stream4_IRQHandler
                0x0000000008001d78        0xc ../../DaisyExamples/libdaisy/build/libdaisy.a(hid_audio.o)
                0x0000000008001d78                DMA1_Stream4_IRQHandler
 .text.dsy_audio_init
                0x0000000008001d84      0x238 ../../DaisyExamples/libdaisy/build/libdaisy.a(hid_audio.o)
                0x0000000008001d84                dsy_audio_init
 .text.dsy_audio_set_mc_callback
                0x0000000008001fbc       0x14 ../../DaisyExamples/libdaisy/build/libdaisy.a(hid_audio.o)
                0x0000000008001fbc                dsy_audio_set_mc_callback
 .text.dsy_audio_set_blocksize
                0x0000000008001fd0       0x2c ../../DaisyExamples/libdaisy/build/libdaisy.a(hid_audio.o)
                0x0000000008001fd0                dsy_audio_set_blocksize
 .text.dsy_audio_start
                0x0000000008001ffc       0xac ../../DaisyExamples/libdaisy/build/libdaisy.a(hid_audio.o)
                0x0000000008001ffc                dsy_audio_start
 .text.HAL_SAI_RxHalfCpltCallback
                0x00000000080020a8       0x2c ../../DaisyExamples/libdaisy/build/libdaisy.a(hid_audio.o)
                0x00000000080020a8                HAL_SAI_RxHalfCpltCallback
 .text.HAL_SAI_RxCpltCallback
                0x00000000080020d4       0x3c ../../DaisyExamples/libdaisy/build/libdaisy.a(hid_audio.o)
                0x00000000080020d4                HAL_SAI_RxCpltCallback
 .text.dsy_qspi_init
                0x0000000008002110      0x390 ../../DaisyExamples/libdaisy/build/libdaisy.a(per_qspi.o)
                0x0000000008002110                dsy_qspi_init
 .text.HAL_QSPI_MspInit
                0x00000000080024a0      0x10c ../../DaisyExamples/libdaisy/build/libdaisy.a(per_qspi.o)
                0x00000000080024a0                HAL_QSPI_MspInit
 .text.HAL_QSPI_MspDeInit
                0x00000000080025ac       0x58 ../../DaisyExamples/libdaisy/build/libdaisy.a(per_qspi.o)
                0x00000000080025ac                HAL_QSPI_MspDeInit
 .text.QUADSPI_IRQHandler
                0x0000000008002604        0xc ../../DaisyExamples/libdaisy/build/libdaisy.a(per_qspi.o)
                0x0000000008002604                QUADSPI_IRQHandler
 .text.dsy_sdram_init
                0x0000000008002610      0x120 ../../DaisyExamples/libdaisy/build/libdaisy.a(dev_sdram.o)
                0x0000000008002610                dsy_sdram_init
 .text.HAL_SDRAM_MspInit
                0x0000000008002730      0x1cc ../../DaisyExamples/libdaisy/build/libdaisy.a(dev_sdram.o)
                0x0000000008002730                HAL_SDRAM_MspInit
 *fill*         0x00000000080028fc        0x4 
 .text.SystemClock_Config
                0x0000000008002900      0x17c ../../DaisyExamples/libdaisy/build/libdaisy.a(sys_system.o)
 .text.SysTick_Handler
                0x0000000008002a7c       0x10 ../../DaisyExamples/libdaisy/build/libdaisy.a(sys_system.o)
                0x0000000008002a7c                SysTick_Handler
 .text.HardFault_Handler
                0x0000000008002a8c        0x4 ../../DaisyExamples/libdaisy/build/libdaisy.a(sys_system.o)
                0x0000000008002a8c                HardFault_Handler
 .text.dsy_system_init
                0x0000000008002a90       0xdc ../../DaisyExamples/libdaisy/build/libdaisy.a(sys_system.o)
                0x0000000008002a90                dsy_system_init
 .text.dsy_system_getnow
                0x0000000008002b6c        0x4 ../../DaisyExamples/libdaisy/build/libdaisy.a(sys_system.o)
                0x0000000008002b6c                dsy_system_getnow
 .text.dsy_system_delay
                0x0000000008002b70        0x4 ../../DaisyExamples/libdaisy/build/libdaisy.a(sys_system.o)
                0x0000000008002b70                dsy_system_delay
 .text.dsy_i2c_init
                0x0000000008002b74       0xcc ../../DaisyExamples/libdaisy/build/libdaisy.a(per_i2c.o)
                0x0000000008002b74                dsy_i2c_init
 .text.HAL_I2C_MspInit
                0x0000000008002c40      0x2a8 ../../DaisyExamples/libdaisy/build/libdaisy.a(per_i2c.o)
                0x0000000008002c40                HAL_I2C_MspInit
 .text.dsy_sai2_init
                0x0000000008002ee8       0x78 ../../DaisyExamples/libdaisy/build/libdaisy.a(per_sai.o)
 .text.dsy_sai_blocks_init.constprop.0
                0x0000000008002f60       0xa4 ../../DaisyExamples/libdaisy/build/libdaisy.a(per_sai.o)
 .text.dsy_sai_init_from_handle
                0x0000000008003004       0x88 ../../DaisyExamples/libdaisy/build/libdaisy.a(per_sai.o)
                0x0000000008003004                dsy_sai_init_from_handle
 .text.HAL_SAI_MspInit
                0x000000000800308c      0x41c ../../DaisyExamples/libdaisy/build/libdaisy.a(per_sai.o)
                0x000000000800308c                HAL_SAI_MspInit
 .text.dsy_gpio_init
                0x00000000080034a8       0x58 ../../DaisyExamples/libdaisy/build/libdaisy.a(per_gpio.o)
                0x00000000080034a8                dsy_gpio_init
 .text.dsy_gpio_read
                0x0000000008003500       0x1c ../../DaisyExamples/libdaisy/build/libdaisy.a(per_gpio.o)
                0x0000000008003500                dsy_gpio_read
 .text.dsy_gpio_write
                0x000000000800351c       0x24 ../../DaisyExamples/libdaisy/build/libdaisy.a(per_gpio.o)
                0x000000000800351c                dsy_gpio_write
 .text.dsy_dac_init
                0x0000000008003540       0x6c ../../DaisyExamples/libdaisy/build/libdaisy.a(per_dac.o)
                0x0000000008003540                dsy_dac_init
 .text.dsy_dac_write
                0x00000000080035ac       0x80 ../../DaisyExamples/libdaisy/build/libdaisy.a(per_dac.o)
                0x00000000080035ac                dsy_dac_write
 .text.HAL_DAC_MspInit
                0x000000000800362c       0xb0 ../../DaisyExamples/libdaisy/build/libdaisy.a(per_dac.o)
                0x000000000800362c                HAL_DAC_MspInit
 .text.dsy_tim_init
                0x00000000080036dc       0x70 ../../DaisyExamples/libdaisy/build/libdaisy.a(per_tim.o)
                0x00000000080036dc                dsy_tim_init
 .text.HAL_TIM_Base_MspInit
                0x000000000800374c       0x30 ../../DaisyExamples/libdaisy/build/libdaisy.a(per_tim.o)
                0x000000000800374c                HAL_TIM_Base_MspInit
 .text._ZN5daisy13AnalogControl4InitEPtfbbf
                0x000000000800377c       0x34 ../../DaisyExamples/libdaisy/build/libdaisy.a(hid_ctrl.o)
                0x000000000800377c                daisy::AnalogControl::Init(unsigned short*, float, bool, bool, float)
 .text._ZN5daisy13AnalogControl7ProcessEv
                0x00000000080037b0       0x48 ../../DaisyExamples/libdaisy/build/libdaisy.a(hid_ctrl.o)
                0x00000000080037b0                daisy::AnalogControl::Process()
 .text._ZN5daisy7Encoder4InitE12dsy_gpio_pinS1_S1_f
                0x00000000080037f8       0x4c ../../DaisyExamples/libdaisy/build/libdaisy.a(hid_encoder.o)
                0x00000000080037f8                daisy::Encoder::Init(dsy_gpio_pin, dsy_gpio_pin, dsy_gpio_pin, float)
 .text._ZN5daisy7Encoder8DebounceEv
                0x0000000008003844       0x60 ../../DaisyExamples/libdaisy/build/libdaisy.a(hid_encoder.o)
                0x0000000008003844                daisy::Encoder::Debounce()
 .text._ZN5daisy6GateIn4InitEP12dsy_gpio_pin
                0x00000000080038a4       0x10 ../../DaisyExamples/libdaisy/build/libdaisy.a(hid_gatein.o)
                0x00000000080038a4                daisy::GateIn::Init(dsy_gpio_pin*)
 .text._ZN5daisy11MidiHandler4InitENS0_13MidiInputModeENS0_14MidiOutputModeE
                0x00000000080038b4       0x1c ../../DaisyExamples/libdaisy/build/libdaisy.a(hid_midi.o)
                0x00000000080038b4                daisy::MidiHandler::Init(daisy::MidiHandler::MidiInputMode, daisy::MidiHandler::MidiOutputMode)
 .text._ZN5daisy9SpiHandleD2Ev
                0x00000000080038d0        0x4 ../../DaisyExamples/libdaisy/build/libdaisy.a(hid_oled_display.o)
                0x00000000080038d0                daisy::SpiHandle::~SpiHandle()
                0x00000000080038d0                daisy::SpiHandle::~SpiHandle()
 .text._ZN5daisy11OledDisplay6UpdateEv
                0x00000000080038d4       0x8c ../../DaisyExamples/libdaisy/build/libdaisy.a(hid_oled_display.o)
                0x00000000080038d4                daisy::OledDisplay::Update()
 .text._ZN5daisy11OledDisplay4InitEP12dsy_gpio_pin
                0x0000000008003960      0x328 ../../DaisyExamples/libdaisy/build/libdaisy.a(hid_oled_display.o)
                0x0000000008003960                daisy::OledDisplay::Init(dsy_gpio_pin*)
 .text.startup._GLOBAL__sub_I__ZN5daisy11OledDisplay4InitEP12dsy_gpio_pin
                0x0000000008003c88       0x18 ../../DaisyExamples/libdaisy/build/libdaisy.a(hid_oled_display.o)
 .text._ZN5daisy9Parameter4InitENS_13AnalogControlEffNS0_5CurveE
                0x0000000008003ca0       0x6c ../../DaisyExamples/libdaisy/build/libdaisy.a(hid_parameter.o)
                0x0000000008003ca0                daisy::Parameter::Init(daisy::AnalogControl, float, float, daisy::Parameter::Curve)
 .text._ZN5daisy9Parameter7ProcessEv
                0x0000000008003d0c       0xa4 ../../DaisyExamples/libdaisy/build/libdaisy.a(hid_parameter.o)
                0x0000000008003d0c                daisy::Parameter::Process()
 .text._ZN5daisy6Switch4InitE12dsy_gpio_pinf
                0x0000000008003db0       0x38 ../../DaisyExamples/libdaisy/build/libdaisy.a(hid_switch.o)
                0x0000000008003db0                daisy::Switch::Init(dsy_gpio_pin, float)
 .text._ZN5daisy6Switch8DebounceEv
                0x0000000008003de8       0x4c ../../DaisyExamples/libdaisy/build/libdaisy.a(hid_switch.o)
                0x0000000008003de8                daisy::Switch::Debounce()
 .text.dsy_hal_map_get_port
                0x0000000008003e34       0x10 ../../DaisyExamples/libdaisy/build/libdaisy.a(util_hal_map.o)
                0x0000000008003e34                dsy_hal_map_get_port
 .text.dsy_hal_map_get_pin
                0x0000000008003e44       0x10 ../../DaisyExamples/libdaisy/build/libdaisy.a(util_hal_map.o)
                0x0000000008003e44                dsy_hal_map_get_pin
 .text.dsy_hal_map_get_i2c
                0x0000000008003e54       0x28 ../../DaisyExamples/libdaisy/build/libdaisy.a(util_hal_map.o)
                0x0000000008003e54                dsy_hal_map_get_i2c
 .text.HAL_ADC_ConvHalfCpltCallback
                0x0000000008003e7c        0x4 ../../DaisyExamples/libdaisy/build/libdaisy.a(stm32h7xx_hal_adc.o)
                0x0000000008003e7c                HAL_ADC_ConvHalfCpltCallback
 .text.ADC_DMAHalfConvCplt
                0x0000000008003e80        0xc ../../DaisyExamples/libdaisy/build/libdaisy.a(stm32h7xx_hal_adc.o)
                0x0000000008003e80                ADC_DMAHalfConvCplt
 .text.HAL_ADC_ErrorCallback
                0x0000000008003e8c        0x4 ../../DaisyExamples/libdaisy/build/libdaisy.a(stm32h7xx_hal_adc.o)
                0x0000000008003e8c                HAL_ADC_ErrorCallback
 .text.ADC_DMAConvCplt
                0x0000000008003e90       0x6c ../../DaisyExamples/libdaisy/build/libdaisy.a(stm32h7xx_hal_adc.o)
                0x0000000008003e90                ADC_DMAConvCplt
 .text.ADC_DMAError
                0x0000000008003efc       0x1c ../../DaisyExamples/libdaisy/build/libdaisy.a(stm32h7xx_hal_adc.o)
                0x0000000008003efc                ADC_DMAError
 .text.HAL_ADC_ConfigChannel
                0x0000000008003f18      0x3fc ../../DaisyExamples/libdaisy/build/libdaisy.a(stm32h7xx_hal_adc.o)
                0x0000000008003f18                HAL_ADC_ConfigChannel
 .text.ADC_Enable
                0x0000000008004314       0xac ../../DaisyExamples/libdaisy/build/libdaisy.a(stm32h7xx_hal_adc.o)
                0x0000000008004314                ADC_Enable
 .text.HAL_ADC_Start_DMA
                0x00000000080043c0      0x118 ../../DaisyExamples/libdaisy/build/libdaisy.a(stm32h7xx_hal_adc.o)
                0x00000000080043c0                HAL_ADC_Start_DMA
 .text.ADC_Disable
                0x00000000080044d8       0x68 ../../DaisyExamples/libdaisy/build/libdaisy.a(stm32h7xx_hal_adc.o)
                0x00000000080044d8                ADC_Disable
 .text.ADC_ConfigureBoostMode
                0x0000000008004540      0x190 ../../DaisyExamples/libdaisy/build/libdaisy.a(stm32h7xx_hal_adc.o)
                0x0000000008004540                ADC_ConfigureBoostMode
 .text.HAL_ADC_Init
                0x00000000080046d0      0x214 ../../DaisyExamples/libdaisy/build/libdaisy.a(stm32h7xx_hal_adc.o)
                0x00000000080046d0                HAL_ADC_Init
 .text.HAL_ADCEx_Calibration_Start
                0x00000000080048e4       0xa4 ../../DaisyExamples/libdaisy/build/libdaisy.a(stm32h7xx_hal_adc_ex.o)
                0x00000000080048e4                HAL_ADCEx_Calibration_Start
 .text.HAL_ADCEx_MultiModeConfigChannel
                0x0000000008004988       0xc4 ../../DaisyExamples/libdaisy/build/libdaisy.a(stm32h7xx_hal_adc_ex.o)
                0x0000000008004988                HAL_ADCEx_MultiModeConfigChannel
 .text.HAL_NVIC_SetPriorityGrouping
                0x0000000008004a4c       0x28 ../../DaisyExamples/libdaisy/build/libdaisy.a(stm32h7xx_hal_cortex.o)
                0x0000000008004a4c                HAL_NVIC_SetPriorityGrouping
 .text.HAL_NVIC_SetPriority
                0x0000000008004a74       0x74 ../../DaisyExamples/libdaisy/build/libdaisy.a(stm32h7xx_hal_cortex.o)
                0x0000000008004a74                HAL_NVIC_SetPriority
 .text.HAL_NVIC_EnableIRQ
                0x0000000008004ae8       0x1c ../../DaisyExamples/libdaisy/build/libdaisy.a(stm32h7xx_hal_cortex.o)
                0x0000000008004ae8                HAL_NVIC_EnableIRQ
 .text.HAL_NVIC_DisableIRQ
                0x0000000008004b04       0x28 ../../DaisyExamples/libdaisy/build/libdaisy.a(stm32h7xx_hal_cortex.o)
                0x0000000008004b04                HAL_NVIC_DisableIRQ
 .text.HAL_SYSTICK_Config
                0x0000000008004b2c       0x30 ../../DaisyExamples/libdaisy/build/libdaisy.a(stm32h7xx_hal_cortex.o)
                0x0000000008004b2c                HAL_SYSTICK_Config
 .text.HAL_MPU_Disable
                0x0000000008004b5c       0x20 ../../DaisyExamples/libdaisy/build/libdaisy.a(stm32h7xx_hal_cortex.o)
                0x0000000008004b5c                HAL_MPU_Disable
 .text.HAL_MPU_Enable
                0x0000000008004b7c       0x24 ../../DaisyExamples/libdaisy/build/libdaisy.a(stm32h7xx_hal_cortex.o)
                0x0000000008004b7c                HAL_MPU_Enable
 .text.HAL_MPU_ConfigRegion
                0x0000000008004ba0       0x50 ../../DaisyExamples/libdaisy/build/libdaisy.a(stm32h7xx_hal_cortex.o)
                0x0000000008004ba0                HAL_MPU_ConfigRegion
 .text.HAL_SYSTICK_Callback
                0x0000000008004bf0        0x4 ../../DaisyExamples/libdaisy/build/libdaisy.a(stm32h7xx_hal_cortex.o)
                0x0000000008004bf0                HAL_SYSTICK_Callback
 .text.HAL_SYSTICK_IRQHandler
                0x0000000008004bf4        0x8 ../../DaisyExamples/libdaisy/build/libdaisy.a(stm32h7xx_hal_cortex.o)
                0x0000000008004bf4                HAL_SYSTICK_IRQHandler
 .text.HAL_DAC_Init
                0x0000000008004bfc       0x2c ../../DaisyExamples/libdaisy/build/libdaisy.a(stm32h7xx_hal_dac.o)
                0x0000000008004bfc                HAL_DAC_Init
 .text.HAL_DAC_Start
                0x0000000008004c28       0x58 ../../DaisyExamples/libdaisy/build/libdaisy.a(stm32h7xx_hal_dac.o)
                0x0000000008004c28                HAL_DAC_Start
 .text.HAL_DAC_SetValue
                0x0000000008004c80       0x30 ../../DaisyExamples/libdaisy/build/libdaisy.a(stm32h7xx_hal_dac.o)
                0x0000000008004c80                HAL_DAC_SetValue
 .text.HAL_DAC_ConfigChannel
                0x0000000008004cb0      0x140 ../../DaisyExamples/libdaisy/build/libdaisy.a(stm32h7xx_hal_dac.o)
                0x0000000008004cb0                HAL_DAC_ConfigChannel
 .text.HAL_SDRAM_Init
                0x0000000008004df0       0x54 ../../DaisyExamples/libdaisy/build/libdaisy.a(stm32h7xx_hal_sdram.o)
                0x0000000008004df0                HAL_SDRAM_Init
 .text.HAL_SDRAM_SendCommand
                0x0000000008004e44       0x40 ../../DaisyExamples/libdaisy/build/libdaisy.a(stm32h7xx_hal_sdram.o)
                0x0000000008004e44                HAL_SDRAM_SendCommand
 .text.HAL_SDRAM_ProgramRefreshRate
                0x0000000008004e84       0x30 ../../DaisyExamples/libdaisy/build/libdaisy.a(stm32h7xx_hal_sdram.o)
                0x0000000008004e84                HAL_SDRAM_ProgramRefreshRate
 .text.I2C_WaitOnTXISFlagUntilTimeout
                0x0000000008004eb4       0xb8 ../../DaisyExamples/libdaisy/build/libdaisy.a(stm32h7xx_hal_i2c.o)
 .text.I2C_WaitOnSTOPFlagUntilTimeout
                0x0000000008004f6c       0xac ../../DaisyExamples/libdaisy/build/libdaisy.a(stm32h7xx_hal_i2c.o)
 .text.HAL_I2C_Init
                0x0000000008005018       0xa8 ../../DaisyExamples/libdaisy/build/libdaisy.a(stm32h7xx_hal_i2c.o)
                0x0000000008005018                HAL_I2C_Init
 .text.HAL_I2C_Master_Transmit
                0x00000000080050c0      0x1b4 ../../DaisyExamples/libdaisy/build/libdaisy.a(stm32h7xx_hal_i2c.o)
                0x00000000080050c0                HAL_I2C_Master_Transmit
 .text.HAL_I2CEx_ConfigAnalogFilter
                0x0000000008005274       0x58 ../../DaisyExamples/libdaisy/build/libdaisy.a(stm32h7xx_hal_i2c_ex.o)
                0x0000000008005274                HAL_I2CEx_ConfigAnalogFilter
 .text.HAL_I2CEx_ConfigDigitalFilter
                0x00000000080052cc       0x54 ../../DaisyExamples/libdaisy/build/libdaisy.a(stm32h7xx_hal_i2c_ex.o)
                0x00000000080052cc                HAL_I2CEx_ConfigDigitalFilter
 .text.QSPI_Config
                0x0000000008005320      0x1d4 ../../DaisyExamples/libdaisy/build/libdaisy.a(stm32h7xx_hal_qspi.o)
 .text.HAL_QSPI_Init
                0x00000000080054f4       0xd8 ../../DaisyExamples/libdaisy/build/libdaisy.a(stm32h7xx_hal_qspi.o)
                0x00000000080054f4                HAL_QSPI_Init
 .text.HAL_QSPI_DeInit
                0x00000000080055cc       0x3c ../../DaisyExamples/libdaisy/build/libdaisy.a(stm32h7xx_hal_qspi.o)
                0x00000000080055cc                HAL_QSPI_DeInit
 .text.HAL_QSPI_Command
                0x0000000008005608       0xd4 ../../DaisyExamples/libdaisy/build/libdaisy.a(stm32h7xx_hal_qspi.o)
                0x0000000008005608                HAL_QSPI_Command
 .text.HAL_QSPI_Transmit
                0x00000000080056dc       0xfc ../../DaisyExamples/libdaisy/build/libdaisy.a(stm32h7xx_hal_qspi.o)
                0x00000000080056dc                HAL_QSPI_Transmit
 .text.HAL_QSPI_Receive
                0x00000000080057d8      0x108 ../../DaisyExamples/libdaisy/build/libdaisy.a(stm32h7xx_hal_qspi.o)
                0x00000000080057d8                HAL_QSPI_Receive
 .text.HAL_QSPI_AutoPolling
                0x00000000080058e0       0xe8 ../../DaisyExamples/libdaisy/build/libdaisy.a(stm32h7xx_hal_qspi.o)
                0x00000000080058e0                HAL_QSPI_AutoPolling
 .text.HAL_QSPI_MemoryMapped
                0x00000000080059c8       0xb8 ../../DaisyExamples/libdaisy/build/libdaisy.a(stm32h7xx_hal_qspi.o)
                0x00000000080059c8                HAL_QSPI_MemoryMapped
 .text.HAL_QSPI_ErrorCallback
                0x0000000008005a80        0x4 ../../DaisyExamples/libdaisy/build/libdaisy.a(stm32h7xx_hal_qspi.o)
                0x0000000008005a80                HAL_QSPI_ErrorCallback
 .text.QSPI_DMAAbortCplt
                0x0000000008005a84       0x38 ../../DaisyExamples/libdaisy/build/libdaisy.a(stm32h7xx_hal_qspi.o)
 .text.HAL_QSPI_AbortCpltCallback
                0x0000000008005abc        0x4 ../../DaisyExamples/libdaisy/build/libdaisy.a(stm32h7xx_hal_qspi.o)
                0x0000000008005abc                HAL_QSPI_AbortCpltCallback
 .text.HAL_QSPI_CmdCpltCallback
                0x0000000008005ac0        0x4 ../../DaisyExamples/libdaisy/build/libdaisy.a(stm32h7xx_hal_qspi.o)
                0x0000000008005ac0                HAL_QSPI_CmdCpltCallback
 .text.HAL_QSPI_RxCpltCallback
                0x0000000008005ac4        0x4 ../../DaisyExamples/libdaisy/build/libdaisy.a(stm32h7xx_hal_qspi.o)
                0x0000000008005ac4                HAL_QSPI_RxCpltCallback
 .text.HAL_QSPI_TxCpltCallback
                0x0000000008005ac8        0x4 ../../DaisyExamples/libdaisy/build/libdaisy.a(stm32h7xx_hal_qspi.o)
                0x0000000008005ac8                HAL_QSPI_TxCpltCallback
 .text.HAL_QSPI_FifoThresholdCallback
                0x0000000008005acc        0x4 ../../DaisyExamples/libdaisy/build/libdaisy.a(stm32h7xx_hal_qspi.o)
                0x0000000008005acc                HAL_QSPI_FifoThresholdCallback
 .text.HAL_QSPI_StatusMatchCallback
                0x0000000008005ad0        0x4 ../../DaisyExamples/libdaisy/build/libdaisy.a(stm32h7xx_hal_qspi.o)
                0x0000000008005ad0                HAL_QSPI_StatusMatchCallback
 .text.HAL_QSPI_TimeOutCallback
                0x0000000008005ad4        0x4 ../../DaisyExamples/libdaisy/build/libdaisy.a(stm32h7xx_hal_qspi.o)
                0x0000000008005ad4                HAL_QSPI_TimeOutCallback
 .text.HAL_QSPI_IRQHandler
                0x0000000008005ad8      0x210 ../../DaisyExamples/libdaisy/build/libdaisy.a(stm32h7xx_hal_qspi.o)
                0x0000000008005ad8                HAL_QSPI_IRQHandler
 .text.HAL_SAI_Init.part.0
                0x0000000008005ce8      0x364 ../../DaisyExamples/libdaisy/build/libdaisy.a(stm32h7xx_hal_sai.o)
 .text.HAL_SAI_InitProtocol
                0x000000000800604c      0x184 ../../DaisyExamples/libdaisy/build/libdaisy.a(stm32h7xx_hal_sai.o)
                0x000000000800604c                HAL_SAI_InitProtocol
 .text.HAL_SAI_Transmit_DMA
                0x00000000080061d0      0x124 ../../DaisyExamples/libdaisy/build/libdaisy.a(stm32h7xx_hal_sai.o)
                0x00000000080061d0                HAL_SAI_Transmit_DMA
 .text.HAL_SAI_Receive_DMA
                0x00000000080062f4       0xcc ../../DaisyExamples/libdaisy/build/libdaisy.a(stm32h7xx_hal_sai.o)
                0x00000000080062f4                HAL_SAI_Receive_DMA
 .text.HAL_SAI_TxCpltCallback
                0x00000000080063c0        0x4 ../../DaisyExamples/libdaisy/build/libdaisy.a(stm32h7xx_hal_sai.o)
                0x00000000080063c0                HAL_SAI_TxCpltCallback
 .text.SAI_DMATxCplt
                0x00000000080063c4       0x60 ../../DaisyExamples/libdaisy/build/libdaisy.a(stm32h7xx_hal_sai.o)
 .text.HAL_SAI_TxHalfCpltCallback
                0x0000000008006424        0x4 ../../DaisyExamples/libdaisy/build/libdaisy.a(stm32h7xx_hal_sai.o)
                0x0000000008006424                HAL_SAI_TxHalfCpltCallback
 .text.SAI_DMATxHalfCplt
                0x0000000008006428        0xc ../../DaisyExamples/libdaisy/build/libdaisy.a(stm32h7xx_hal_sai.o)
 .text.SAI_DMARxCplt
                0x0000000008006434       0x60 ../../DaisyExamples/libdaisy/build/libdaisy.a(stm32h7xx_hal_sai.o)
 .text.SAI_DMARxHalfCplt
                0x0000000008006494        0xc ../../DaisyExamples/libdaisy/build/libdaisy.a(stm32h7xx_hal_sai.o)
 .text.HAL_SAI_ErrorCallback
                0x00000000080064a0        0x4 ../../DaisyExamples/libdaisy/build/libdaisy.a(stm32h7xx_hal_sai.o)
                0x00000000080064a0                HAL_SAI_ErrorCallback
 .text.SAI_DMAError
                0x00000000080064a4       0x6c ../../DaisyExamples/libdaisy/build/libdaisy.a(stm32h7xx_hal_sai.o)
 .text.HAL_TIM_Base_Init
                0x0000000008006510      0x130 ../../DaisyExamples/libdaisy/build/libdaisy.a(stm32h7xx_hal_tim.o)
                0x0000000008006510                HAL_TIM_Base_Init
 .text.HAL_TIM_ConfigClockSource
                0x0000000008006640      0x17c ../../DaisyExamples/libdaisy/build/libdaisy.a(stm32h7xx_hal_tim.o)
                0x0000000008006640                HAL_TIM_ConfigClockSource
 .text.HAL_TIMEx_MasterConfigSynchronization
                0x00000000080067bc       0x60 ../../DaisyExamples/libdaisy/build/libdaisy.a(stm32h7xx_hal_tim_ex.o)
                0x00000000080067bc                HAL_TIMEx_MasterConfigSynchronization
 .text.HAL_RCC_OscConfig
                0x000000000800681c      0x538 ../../DaisyExamples/libdaisy/build/libdaisy.a(stm32h7xx_hal_rcc.o)
                0x000000000800681c                HAL_RCC_OscConfig
 .text.HAL_RCC_GetSysClockFreq
                0x0000000008006d54      0x140 ../../DaisyExamples/libdaisy/build/libdaisy.a(stm32h7xx_hal_rcc.o)
                0x0000000008006d54                HAL_RCC_GetSysClockFreq
 .text.HAL_RCC_ClockConfig
                0x0000000008006e94      0x234 ../../DaisyExamples/libdaisy/build/libdaisy.a(stm32h7xx_hal_rcc.o)
                0x0000000008006e94                HAL_RCC_ClockConfig
 .text.HAL_RCC_GetHCLKFreq
                0x00000000080070c8       0x2c ../../DaisyExamples/libdaisy/build/libdaisy.a(stm32h7xx_hal_rcc.o)
                0x00000000080070c8                HAL_RCC_GetHCLKFreq
 .text.HAL_RCC_GetPCLK1Freq
                0x00000000080070f4       0x38 ../../DaisyExamples/libdaisy/build/libdaisy.a(stm32h7xx_hal_rcc.o)
                0x00000000080070f4                HAL_RCC_GetPCLK1Freq
 .text.HAL_RCC_GetPCLK2Freq
                0x000000000800712c       0x38 ../../DaisyExamples/libdaisy/build/libdaisy.a(stm32h7xx_hal_rcc.o)
                0x000000000800712c                HAL_RCC_GetPCLK2Freq
 .text.RCCEx_PLL2_Config
                0x0000000008007164       0xf8 ../../DaisyExamples/libdaisy/build/libdaisy.a(stm32h7xx_hal_rcc_ex.o)
 .text.RCCEx_PLL3_Config
                0x000000000800725c       0xf8 ../../DaisyExamples/libdaisy/build/libdaisy.a(stm32h7xx_hal_rcc_ex.o)
 .text.HAL_RCCEx_PeriphCLKConfig
                0x0000000008007354      0xa7c ../../DaisyExamples/libdaisy/build/libdaisy.a(stm32h7xx_hal_rcc_ex.o)
                0x0000000008007354                HAL_RCCEx_PeriphCLKConfig
 .text.HAL_RCCEx_GetD3PCLK1Freq
                0x0000000008007dd0       0x24 ../../DaisyExamples/libdaisy/build/libdaisy.a(stm32h7xx_hal_rcc_ex.o)
                0x0000000008007dd0                HAL_RCCEx_GetD3PCLK1Freq
 .text.HAL_RCCEx_GetPLL2ClockFreq
                0x0000000008007df4      0x17c ../../DaisyExamples/libdaisy/build/libdaisy.a(stm32h7xx_hal_rcc_ex.o)
                0x0000000008007df4                HAL_RCCEx_GetPLL2ClockFreq
 .text.HAL_RCCEx_GetPLL3ClockFreq
                0x0000000008007f70      0x17c ../../DaisyExamples/libdaisy/build/libdaisy.a(stm32h7xx_hal_rcc_ex.o)
                0x0000000008007f70                HAL_RCCEx_GetPLL3ClockFreq
 .text.HAL_RCCEx_GetPLL1ClockFreq
                0x00000000080080ec      0x17c ../../DaisyExamples/libdaisy/build/libdaisy.a(stm32h7xx_hal_rcc_ex.o)
                0x00000000080080ec                HAL_RCCEx_GetPLL1ClockFreq
 .text.HAL_RCCEx_GetPeriphCLKFreq
                0x0000000008008268      0x198 ../../DaisyExamples/libdaisy/build/libdaisy.a(stm32h7xx_hal_rcc_ex.o)
                0x0000000008008268                HAL_RCCEx_GetPeriphCLKFreq
 .text.HAL_RCCEx_GetD1SysClockFreq
                0x0000000008008400       0x2c ../../DaisyExamples/libdaisy/build/libdaisy.a(stm32h7xx_hal_rcc_ex.o)
                0x0000000008008400                HAL_RCCEx_GetD1SysClockFreq
 .text.HAL_GPIO_Init
                0x000000000800842c      0x248 ../../DaisyExamples/libdaisy/build/libdaisy.a(stm32h7xx_hal_gpio.o)
                0x000000000800842c                HAL_GPIO_Init
 .text.HAL_GPIO_DeInit
                0x0000000008008674      0x19c ../../DaisyExamples/libdaisy/build/libdaisy.a(stm32h7xx_hal_gpio.o)
                0x0000000008008674                HAL_GPIO_DeInit
 .text.HAL_GPIO_ReadPin
                0x0000000008008810        0xc ../../DaisyExamples/libdaisy/build/libdaisy.a(stm32h7xx_hal_gpio.o)
                0x0000000008008810                HAL_GPIO_ReadPin
 .text.HAL_GPIO_WritePin
                0x000000000800881c        0x8 ../../DaisyExamples/libdaisy/build/libdaisy.a(stm32h7xx_hal_gpio.o)
                0x000000000800881c                HAL_GPIO_WritePin
 .text.DMA_CalcBaseAndBitshift
                0x0000000008008824       0xf8 ../../DaisyExamples/libdaisy/build/libdaisy.a(stm32h7xx_hal_dma.o)
 .text.DMA_CalcDMAMUXChannelBaseAndMask
                0x000000000800891c       0xd8 ../../DaisyExamples/libdaisy/build/libdaisy.a(stm32h7xx_hal_dma.o)
 .text.HAL_DMA_Init
                0x00000000080089f4      0x394 ../../DaisyExamples/libdaisy/build/libdaisy.a(stm32h7xx_hal_dma.o)
                0x00000000080089f4                HAL_DMA_Init
 .text.HAL_DMA_Start_IT
                0x0000000008008d88      0x250 ../../DaisyExamples/libdaisy/build/libdaisy.a(stm32h7xx_hal_dma.o)
                0x0000000008008d88                HAL_DMA_Start_IT
 .text.HAL_DMA_Abort_IT
                0x0000000008008fd8      0x13c ../../DaisyExamples/libdaisy/build/libdaisy.a(stm32h7xx_hal_dma.o)
                0x0000000008008fd8                HAL_DMA_Abort_IT
 .text.HAL_DMA_IRQHandler
                0x0000000008009114      0x6bc ../../DaisyExamples/libdaisy/build/libdaisy.a(stm32h7xx_hal_dma.o)
                0x0000000008009114                HAL_DMA_IRQHandler
 .text.HAL_DMA_GetError
                0x00000000080097d0        0x4 ../../DaisyExamples/libdaisy/build/libdaisy.a(stm32h7xx_hal_dma.o)
                0x00000000080097d0                HAL_DMA_GetError
 .text.HAL_MDMA_Abort_IT
                0x00000000080097d4       0x2c ../../DaisyExamples/libdaisy/build/libdaisy.a(stm32h7xx_hal_mdma.o)
                0x00000000080097d4                HAL_MDMA_Abort_IT
 .text.HAL_PWREx_ConfigSupply
                0x0000000008009800       0x4c ../../DaisyExamples/libdaisy/build/libdaisy.a(stm32h7xx_hal_pwr_ex.o)
                0x0000000008009800                HAL_PWREx_ConfigSupply
 .text.HAL_PWREx_EnableUSBVoltageDetector
                0x000000000800984c       0x10 ../../DaisyExamples/libdaisy/build/libdaisy.a(stm32h7xx_hal_pwr_ex.o)
                0x000000000800984c                HAL_PWREx_EnableUSBVoltageDetector
 .text.HAL_MspInit
                0x000000000800985c        0x4 ../../DaisyExamples/libdaisy/build/libdaisy.a(stm32h7xx_hal.o)
                0x000000000800985c                HAL_MspInit
 .text.HAL_InitTick
                0x0000000008009860       0x4c ../../DaisyExamples/libdaisy/build/libdaisy.a(stm32h7xx_hal.o)
                0x0000000008009860                HAL_InitTick
 .text.HAL_Init
                0x00000000080098ac       0x5c ../../DaisyExamples/libdaisy/build/libdaisy.a(stm32h7xx_hal.o)
                0x00000000080098ac                HAL_Init
 .text.HAL_IncTick
                0x0000000008009908       0x18 ../../DaisyExamples/libdaisy/build/libdaisy.a(stm32h7xx_hal.o)
                0x0000000008009908                HAL_IncTick
 .text.HAL_GetTick
                0x0000000008009920        0xc ../../DaisyExamples/libdaisy/build/libdaisy.a(stm32h7xx_hal.o)
                0x0000000008009920                HAL_GetTick
 .text.HAL_Delay
                0x000000000800992c       0x24 ../../DaisyExamples/libdaisy/build/libdaisy.a(stm32h7xx_hal.o)
                0x000000000800992c                HAL_Delay
 .text.HAL_GetREVID
                0x0000000008009950        0xc ../../DaisyExamples/libdaisy/build/libdaisy.a(stm32h7xx_hal.o)
                0x0000000008009950                HAL_GetREVID
 .text.codec_pcm3060_init
                0x000000000800995c       0x80 ../../DaisyExamples/libdaisy/build/libdaisy.a(dev_codec_pcm3060.o)
                0x000000000800995c                codec_pcm3060_init
 .text.codec_wm8731_init
                0x00000000080099dc      0x20c ../../DaisyExamples/libdaisy/build/libdaisy.a(dev_codec_wm8731.o)
                0x00000000080099dc                codec_wm8731_init
 .text.codec_ak4556_init
                0x0000000008009be8       0x34 ../../DaisyExamples/libdaisy/build/libdaisy.a(dev_codec_ak4556.o)
                0x0000000008009be8                codec_ak4556_init
 .text.dsy_dma_init
                0x0000000008009c1c       0x88 ../../DaisyExamples/libdaisy/build/libdaisy.a(sys_dma.o)
                0x0000000008009c1c                dsy_dma_init
 .text._ZN5daisy9SpiHandle4InitEv
                0x0000000008009ca4       0x58 ../../DaisyExamples/libdaisy/build/libdaisy.a(per_spi.o)
                0x0000000008009ca4                daisy::SpiHandle::Init()
 .text._ZN5daisy9SpiHandle16BlockingTransmitEPhj
                0x0000000008009cfc       0x10 ../../DaisyExamples/libdaisy/build/libdaisy.a(per_spi.o)
                0x0000000008009cfc                daisy::SpiHandle::BlockingTransmit(unsigned char*, unsigned int)
 .text.HAL_SPI_MspInit
                0x0000000008009d0c       0xdc ../../DaisyExamples/libdaisy/build/libdaisy.a(per_spi.o)
                0x0000000008009d0c                HAL_SPI_MspInit
 .text._ZN5daisy11UartHandler4InitEv
                0x0000000008009de8       0x74 ../../DaisyExamples/libdaisy/build/libdaisy.a(per_uart.o)
                0x0000000008009de8                daisy::UartHandler::Init()
 .text.HAL_UART_ErrorCallback
                0x0000000008009e5c       0x14 ../../DaisyExamples/libdaisy/build/libdaisy.a(per_uart.o)
                0x0000000008009e5c                HAL_UART_ErrorCallback
 .text.HAL_UART_MspInit
                0x0000000008009e70       0xe4 ../../DaisyExamples/libdaisy/build/libdaisy.a(per_uart.o)
                0x0000000008009e70                HAL_UART_MspInit
 .text.USART1_IRQHandler
                0x0000000008009f54        0xc ../../DaisyExamples/libdaisy/build/libdaisy.a(per_uart.o)
                0x0000000008009f54                USART1_IRQHandler
 .text.DMA1_Stream5_IRQHandler
                0x0000000008009f60        0xc ../../DaisyExamples/libdaisy/build/libdaisy.a(per_uart.o)
                0x0000000008009f60                DMA1_Stream5_IRQHandler
 .text.FMC_SDRAM_Init
                0x0000000008009f6c       0x78 ../../DaisyExamples/libdaisy/build/libdaisy.a(stm32h7xx_ll_fmc.o)
                0x0000000008009f6c                FMC_SDRAM_Init
 .text.FMC_SDRAM_Timing_Init
                0x0000000008009fe4       0x98 ../../DaisyExamples/libdaisy/build/libdaisy.a(stm32h7xx_ll_fmc.o)
                0x0000000008009fe4                FMC_SDRAM_Timing_Init
 .text.FMC_SDRAM_SendCommand
                0x000000000800a07c       0x24 ../../DaisyExamples/libdaisy/build/libdaisy.a(stm32h7xx_ll_fmc.o)
                0x000000000800a07c                FMC_SDRAM_SendCommand
 .text.FMC_SDRAM_ProgramRefreshRate
                0x000000000800a0a0       0x1c ../../DaisyExamples/libdaisy/build/libdaisy.a(stm32h7xx_ll_fmc.o)
                0x000000000800a0a0                FMC_SDRAM_ProgramRefreshRate
 .text.SPI_CloseTransfer
                0x000000000800a0bc       0xb8 ../../DaisyExamples/libdaisy/build/libdaisy.a(stm32h7xx_hal_spi.o)
 .text.HAL_SPI_Init
                0x000000000800a174      0x168 ../../DaisyExamples/libdaisy/build/libdaisy.a(stm32h7xx_hal_spi.o)
                0x000000000800a174                HAL_SPI_Init
 .text.HAL_SPI_Transmit
                0x000000000800a2dc      0x32c ../../DaisyExamples/libdaisy/build/libdaisy.a(stm32h7xx_hal_spi.o)
                0x000000000800a2dc                HAL_SPI_Transmit
 .text.HAL_UART_TxCpltCallback
                0x000000000800a608        0x4 ../../DaisyExamples/libdaisy/build/libdaisy.a(stm32h7xx_hal_uart.o)
                0x000000000800a608                HAL_UART_TxCpltCallback
 .text.HAL_UART_IRQHandler
                0x000000000800a60c      0x1cc ../../DaisyExamples/libdaisy/build/libdaisy.a(stm32h7xx_hal_uart.o)
                0x000000000800a60c                HAL_UART_IRQHandler
 .text.UART_DMAAbortOnError
                0x000000000800a7d8       0x14 ../../DaisyExamples/libdaisy/build/libdaisy.a(stm32h7xx_hal_uart.o)
 *fill*         0x000000000800a7ec        0x4 
 .text.UART_SetConfig
                0x000000000800a7f0     0x14dc ../../DaisyExamples/libdaisy/build/libdaisy.a(stm32h7xx_hal_uart.o)
                0x000000000800a7f0                UART_SetConfig
 .text.UART_AdvFeatureConfig
                0x000000000800bccc       0xb0 ../../DaisyExamples/libdaisy/build/libdaisy.a(stm32h7xx_hal_uart.o)
                0x000000000800bccc                UART_AdvFeatureConfig
 .text.UART_CheckIdleState
                0x000000000800bd7c       0x84 ../../DaisyExamples/libdaisy/build/libdaisy.a(stm32h7xx_hal_uart.o)
                0x000000000800bd7c                UART_CheckIdleState
 .text.HAL_UART_Init
                0x000000000800be00       0x68 ../../DaisyExamples/libdaisy/build/libdaisy.a(stm32h7xx_hal_uart.o)
                0x000000000800be00                HAL_UART_Init
 .text.HAL_UARTEx_WakeupCallback
                0x000000000800be68        0x4 ../../DaisyExamples/libdaisy/build/libdaisy.a(stm32h7xx_hal_uart_ex.o)
                0x000000000800be68                HAL_UARTEx_WakeupCallback
 .text.HAL_UARTEx_RxFifoFullCallback
                0x000000000800be6c        0x4 ../../DaisyExamples/libdaisy/build/libdaisy.a(stm32h7xx_hal_uart_ex.o)
                0x000000000800be6c                HAL_UARTEx_RxFifoFullCallback
 .text.HAL_UARTEx_TxFifoEmptyCallback
                0x000000000800be70        0x4 ../../DaisyExamples/libdaisy/build/libdaisy.a(stm32h7xx_hal_uart_ex.o)
                0x000000000800be70                HAL_UARTEx_TxFifoEmptyCallback
 .text.HAL_UARTEx_DisableFifoMode
                0x000000000800be74       0x3c ../../DaisyExamples/libdaisy/build/libdaisy.a(stm32h7xx_hal_uart_ex.o)
                0x000000000800be74                HAL_UARTEx_DisableFifoMode
 .text.HAL_UARTEx_SetTxFifoThreshold
                0x000000000800beb0       0xac ../../DaisyExamples/libdaisy/build/libdaisy.a(stm32h7xx_hal_uart_ex.o)
                0x000000000800beb0                HAL_UARTEx_SetTxFifoThreshold
 .text.HAL_UARTEx_SetRxFifoThreshold
                0x000000000800bf5c       0xac ../../DaisyExamples/libdaisy/build/libdaisy.a(stm32h7xx_hal_uart_ex.o)
                0x000000000800bf5c                HAL_UARTEx_SetRxFifoThreshold
 .text._ZN7daisysp10Oscillator7ProcessEv
                0x000000000800c008      0x388 ../../DaisyExamples/DaisySP/build/libdaisysp.a(oscillator.o)
                0x000000000800c008                daisysp::Oscillator::Process()
 .text._ZN7daisysp10Oscillator12CalcPhaseIncEf
                0x000000000800c390       0x18 ../../DaisyExamples/DaisySP/build/libdaisysp.a(oscillator.o)
                0x000000000800c390                daisysp::Oscillator::CalcPhaseInc(float)
 .text.__aeabi_atexit
                0x000000000800c3a8        0xa /usr/local/Cellar/arm-none-eabi-gcc/9-2019-q4-major/gcc/bin/../lib/gcc/arm-none-eabi/9.2.1/../../../../arm-none-eabi/lib/thumb/v7e-m+dp/hard/libstdc++_nano.a(atexit_arm.o)
                0x000000000800c3a8                __aeabi_atexit
 *fill*         0x000000000800c3b2        0x2 
 .text.expf     0x000000000800c3b4       0xe4 /usr/local/Cellar/arm-none-eabi-gcc/9-2019-q4-major/gcc/bin/../lib/gcc/arm-none-eabi/9.2.1/../../../../arm-none-eabi/lib/thumb/v7e-m+dp/hard/libm.a(lib_a-sf_exp.o)
                0x000000000800c3b4                expf
 .text.logf     0x000000000800c498       0xd0 /usr/local/Cellar/arm-none-eabi-gcc/9-2019-q4-major/gcc/bin/../lib/gcc/arm-none-eabi/9.2.1/../../../../arm-none-eabi/lib/thumb/v7e-m+dp/hard/libm.a(lib_a-sf_log.o)
                0x000000000800c498                logf
 .text.sinf     0x000000000800c568      0x214 /usr/local/Cellar/arm-none-eabi-gcc/9-2019-q4-major/gcc/bin/../lib/gcc/arm-none-eabi/9.2.1/../../../../arm-none-eabi/lib/thumb/v7e-m+dp/hard/libm.a(lib_a-sinf.o)
                0x000000000800c568                sinf
 *fill*         0x000000000800c77c        0x4 
 .text.fmodf    0x000000000800c780       0xb8 /usr/local/Cellar/arm-none-eabi-gcc/9-2019-q4-major/gcc/bin/../lib/gcc/arm-none-eabi/9.2.1/../../../../arm-none-eabi/lib/thumb/v7e-m+dp/hard/libm.a(lib_a-wf_fmod.o)
                0x000000000800c780                fmodf
 .text.__ieee754_fmodf
                0x000000000800c838      0x120 /usr/local/Cellar/arm-none-eabi-gcc/9-2019-q4-major/gcc/bin/../lib/gcc/arm-none-eabi/9.2.1/../../../../arm-none-eabi/lib/thumb/v7e-m+dp/hard/libm.a(lib_a-ef_fmod.o)
                0x000000000800c838                __ieee754_fmodf
 .text.with_errnof
                0x000000000800c958       0x18 /usr/local/Cellar/arm-none-eabi-gcc/9-2019-q4-major/gcc/bin/../lib/gcc/arm-none-eabi/9.2.1/../../../../arm-none-eabi/lib/thumb/v7e-m+dp/hard/libm.a(lib_a-math_errf.o)
 .text.xflowf   0x000000000800c970       0x20 /usr/local/Cellar/arm-none-eabi-gcc/9-2019-q4-major/gcc/bin/../lib/gcc/arm-none-eabi/9.2.1/../../../../arm-none-eabi/lib/thumb/v7e-m+dp/hard/libm.a(lib_a-math_errf.o)
 .text.__math_uflowf
                0x000000000800c990        0xc /usr/local/Cellar/arm-none-eabi-gcc/9-2019-q4-major/gcc/bin/../lib/gcc/arm-none-eabi/9.2.1/../../../../arm-none-eabi/lib/thumb/v7e-m+dp/hard/libm.a(lib_a-math_errf.o)
                0x000000000800c990                __math_uflowf
 .text.__math_may_uflowf
                0x000000000800c99c        0xc /usr/local/Cellar/arm-none-eabi-gcc/9-2019-q4-major/gcc/bin/../lib/gcc/arm-none-eabi/9.2.1/../../../../arm-none-eabi/lib/thumb/v7e-m+dp/hard/libm.a(lib_a-math_errf.o)
                0x000000000800c99c                __math_may_uflowf
 .text.__math_oflowf
                0x000000000800c9a8        0xc /usr/local/Cellar/arm-none-eabi-gcc/9-2019-q4-major/gcc/bin/../lib/gcc/arm-none-eabi/9.2.1/../../../../arm-none-eabi/lib/thumb/v7e-m+dp/hard/libm.a(lib_a-math_errf.o)
                0x000000000800c9a8                __math_oflowf
 .text.__math_divzerof
                0x000000000800c9b4       0x24 /usr/local/Cellar/arm-none-eabi-gcc/9-2019-q4-major/gcc/bin/../lib/gcc/arm-none-eabi/9.2.1/../../../../arm-none-eabi/lib/thumb/v7e-m+dp/hard/libm.a(lib_a-math_errf.o)
                0x000000000800c9b4                __math_divzerof
 .text.__math_invalidf
                0x000000000800c9d8       0x20 /usr/local/Cellar/arm-none-eabi-gcc/9-2019-q4-major/gcc/bin/../lib/gcc/arm-none-eabi/9.2.1/../../../../arm-none-eabi/lib/thumb/v7e-m+dp/hard/libm.a(lib_a-math_errf.o)
                0x000000000800c9d8                __math_invalidf
 .text.matherr  0x000000000800c9f8        0x4 /usr/local/Cellar/arm-none-eabi-gcc/9-2019-q4-major/gcc/bin/../lib/gcc/arm-none-eabi/9.2.1/../../../../arm-none-eabi/lib/thumb/v7e-m+dp/hard/libm.a(lib_a-s_matherr.o)
                0x000000000800c9f8                matherr
 .text.__cxa_atexit
                0x000000000800c9fc       0x1c /usr/local/Cellar/arm-none-eabi-gcc/9-2019-q4-major/gcc/bin/../lib/gcc/arm-none-eabi/9.2.1/../../../../arm-none-eabi/lib/thumb/v7e-m+dp/hard/libc_nano.a(lib_a-cxa_atexit.o)
                0x000000000800c9fc                __cxa_atexit
 .text.__errno  0x000000000800ca18        0xc /usr/local/Cellar/arm-none-eabi-gcc/9-2019-q4-major/gcc/bin/../lib/gcc/arm-none-eabi/9.2.1/../../../../arm-none-eabi/lib/thumb/v7e-m+dp/hard/libc_nano.a(lib_a-errno.o)
                0x000000000800ca18                __errno
 .text.__libc_init_array
                0x000000000800ca24       0x48 /usr/local/Cellar/arm-none-eabi-gcc/9-2019-q4-major/gcc/bin/../lib/gcc/arm-none-eabi/9.2.1/../../../../arm-none-eabi/lib/thumb/v7e-m+dp/hard/libc_nano.a(lib_a-init.o)
                0x000000000800ca24                __libc_init_array
 .text.memcpy   0x000000000800ca6c       0x1c /usr/local/Cellar/arm-none-eabi-gcc/9-2019-q4-major/gcc/bin/../lib/gcc/arm-none-eabi/9.2.1/../../../../arm-none-eabi/lib/thumb/v7e-m+dp/hard/libc_nano.a(lib_a-memcpy-stub.o)
                0x000000000800ca6c                memcpy
 .text.memset   0x000000000800ca88       0x10 /usr/local/Cellar/arm-none-eabi-gcc/9-2019-q4-major/gcc/bin/../lib/gcc/arm-none-eabi/9.2.1/../../../../arm-none-eabi/lib/thumb/v7e-m+dp/hard/libc_nano.a(lib_a-memset.o)
                0x000000000800ca88                memset
 *(.rodata)
 .rodata        0x000000000800ca98       0x10 ../../DaisyExamples/libdaisy/build/libdaisy.a(util_hal_map.o)
 .rodata        0x000000000800caa8        0x8 ../../DaisyExamples/libdaisy/build/libdaisy.a(stm32h7xx_hal_uart_ex.o)
 *(.rodata*)
 .rodata.D1CorePrescTable
                0x000000000800cab0       0x10 build/system_stm32h7xx.o
                0x000000000800cab0                D1CorePrescTable
 .rodata._ZL8seedgpio
                0x000000000800cac0       0x3e ../../DaisyExamples/libdaisy/build/libdaisy.a(daisy_seed.o)
 *fill*         0x000000000800cafe        0x2 
 .rodata._ZL16dsy_adc_rank_map
                0x000000000800cb00       0x40 ../../DaisyExamples/libdaisy/build/libdaisy.a(per_adc.o)
 .rodata.HAL_QSPI_MspInit.str1.4
                0x000000000800cb40        0x7 ../../DaisyExamples/libdaisy/build/libdaisy.a(per_qspi.o)
 *fill*         0x000000000800cb47        0x1 
 .rodata.gpio_hal_pin_map
                0x000000000800cb48       0x20 ../../DaisyExamples/libdaisy/build/libdaisy.a(util_hal_map.o)
 .rodata.gpio_hal_port_map
                0x000000000800cb68       0x30 ../../DaisyExamples/libdaisy/build/libdaisy.a(util_hal_map.o)
 .rodata.flagBitshiftOffset.17850
                0x000000000800cb98        0x8 ../../DaisyExamples/libdaisy/build/libdaisy.a(stm32h7xx_hal_dma.o)
 .rodata.CSWTCH.418
                0x000000000800cba0       0x29 ../../DaisyExamples/libdaisy/build/libdaisy.a(stm32h7xx_hal_uart.o)
 *fill*         0x000000000800cbc9        0x3 
 .rodata.CSWTCH.419
                0x000000000800cbcc        0x6 ../../DaisyExamples/libdaisy/build/libdaisy.a(stm32h7xx_hal_uart.o)
 *fill*         0x000000000800cbd2        0x2 
 .rodata.CSWTCH.426
                0x000000000800cbd4        0x6 ../../DaisyExamples/libdaisy/build/libdaisy.a(stm32h7xx_hal_uart.o)
 *fill*         0x000000000800cbda        0x2 
 .rodata.HAL_UARTEx_EnableFifoMode.str1.4
                0x000000000800cbdc        0x9 ../../DaisyExamples/libdaisy/build/libdaisy.a(stm32h7xx_hal_uart_ex.o)
 *fill*         0x000000000800cbe5        0x3 
 .rodata.__exp2f_data
                0x000000000800cbe8      0x148 /usr/local/Cellar/arm-none-eabi-gcc/9-2019-q4-major/gcc/bin/../lib/gcc/arm-none-eabi/9.2.1/../../../../arm-none-eabi/lib/thumb/v7e-m+dp/hard/libm.a(lib_a-sf_exp2_data.o)
                0x000000000800cbe8                __exp2f_data
 .rodata.__logf_data
                0x000000000800cd30      0x120 /usr/local/Cellar/arm-none-eabi-gcc/9-2019-q4-major/gcc/bin/../lib/gcc/arm-none-eabi/9.2.1/../../../../arm-none-eabi/lib/thumb/v7e-m+dp/hard/libm.a(lib_a-sf_log_data.o)
                0x000000000800cd30                __logf_data
 .rodata.fmodf.str1.4
                0x000000000800ce50        0x6 /usr/local/Cellar/arm-none-eabi-gcc/9-2019-q4-major/gcc/bin/../lib/gcc/arm-none-eabi/9.2.1/../../../../arm-none-eabi/lib/thumb/v7e-m+dp/hard/libm.a(lib_a-wf_fmod.o)
 *fill*         0x000000000800ce56        0x2 
 .rodata.Zero   0x000000000800ce58        0x8 /usr/local/Cellar/arm-none-eabi-gcc/9-2019-q4-major/gcc/bin/../lib/gcc/arm-none-eabi/9.2.1/../../../../arm-none-eabi/lib/thumb/v7e-m+dp/hard/libm.a(lib_a-ef_fmod.o)
 .rodata.__inv_pio4
                0x000000000800ce60       0x60 /usr/local/Cellar/arm-none-eabi-gcc/9-2019-q4-major/gcc/bin/../lib/gcc/arm-none-eabi/9.2.1/../../../../arm-none-eabi/lib/thumb/v7e-m+dp/hard/libm.a(lib_a-sincosf_data.o)
                0x000000000800ce60                __inv_pio4
 .rodata.__sincosf_table
                0x000000000800cec0       0xe0 /usr/local/Cellar/arm-none-eabi-gcc/9-2019-q4-major/gcc/bin/../lib/gcc/arm-none-eabi/9.2.1/../../../../arm-none-eabi/lib/thumb/v7e-m+dp/hard/libm.a(lib_a-sincosf_data.o)
                0x000000000800cec0                __sincosf_table
 *(.glue_7)
 .glue_7        0x000000000800cfa0        0x0 linker stubs
 *(.glue_7t)
 .glue_7t       0x000000000800cfa0        0x0 linker stubs
 *(.init)
 .init          0x000000000800cfa0        0x4 /usr/local/Cellar/arm-none-eabi-gcc/9-2019-q4-major/gcc/bin/../lib/gcc/arm-none-eabi/9.2.1/thumb/v7e-m+dp/hard/crti.o
                0x000000000800cfa0                _init
 .init          0x000000000800cfa4        0x8 /usr/local/Cellar/arm-none-eabi-gcc/9-2019-q4-major/gcc/bin/../lib/gcc/arm-none-eabi/9.2.1/thumb/v7e-m+dp/hard/crtn.o
 *(.fini)
 .fini          0x000000000800cfac        0x4 /usr/local/Cellar/arm-none-eabi-gcc/9-2019-q4-major/gcc/bin/../lib/gcc/arm-none-eabi/9.2.1/thumb/v7e-m+dp/hard/crti.o
                0x000000000800cfac                _fini
 .fini          0x000000000800cfb0        0x8 /usr/local/Cellar/arm-none-eabi-gcc/9-2019-q4-major/gcc/bin/../lib/gcc/arm-none-eabi/9.2.1/thumb/v7e-m+dp/hard/crtn.o
                0x000000000800cfb8                . = ALIGN (0x4)
                0x000000000800cfb8                _etext = .

.vfp11_veneer   0x000000000800cfb8        0x0
 .vfp11_veneer  0x000000000800cfb8        0x0 linker stubs

.v4_bx          0x000000000800cfb8        0x0
 .v4_bx         0x000000000800cfb8        0x0 linker stubs

.iplt           0x000000000800cfb8        0x0
 .iplt          0x000000000800cfb8        0x0 /usr/local/Cellar/arm-none-eabi-gcc/9-2019-q4-major/gcc/bin/../lib/gcc/arm-none-eabi/9.2.1/thumb/v7e-m+dp/hard/crtbegin.o

.ARM.extab      0x000000000800cfb8        0x0
                0x000000000800cfb8                . = ALIGN (0x4)
 *(.ARM.extab)
 *(.gnu.linkonce.armextab.*)
                0x000000000800cfb8                . = ALIGN (0x4)

.exidx          0x000000000800cfb8        0x8
                0x000000000800cfb8                . = ALIGN (0x4)
                [!provide]                        PROVIDE (__exidx_start = .)
 *(.ARM.exidx*)
 .ARM.exidx     0x000000000800cfb8        0x8 /usr/local/Cellar/arm-none-eabi-gcc/9-2019-q4-major/gcc/bin/../lib/gcc/arm-none-eabi/9.2.1/thumb/v7e-m+dp/hard/libgcc.a(_udivmoddi4.o)
                0x000000000800cfc0                . = ALIGN (0x4)
                [!provide]                        PROVIDE (__exidx_end = .)

.rel.dyn        0x000000000800cfc0        0x0
 .rel.iplt      0x000000000800cfc0        0x0 /usr/local/Cellar/arm-none-eabi-gcc/9-2019-q4-major/gcc/bin/../lib/gcc/arm-none-eabi/9.2.1/thumb/v7e-m+dp/hard/crtbegin.o

.ARM.attributes
                0x000000000800cfc0       0x2e
 *(.ARM.attributes)
 .ARM.attributes
                0x000000000800cfc0       0x1e /usr/local/Cellar/arm-none-eabi-gcc/9-2019-q4-major/gcc/bin/../lib/gcc/arm-none-eabi/9.2.1/thumb/v7e-m+dp/hard/crti.o
 .ARM.attributes
                0x000000000800cfde       0x32 /usr/local/Cellar/arm-none-eabi-gcc/9-2019-q4-major/gcc/bin/../lib/gcc/arm-none-eabi/9.2.1/thumb/v7e-m+dp/hard/crtbegin.o
 .ARM.attributes
                0x000000000800d010       0x32 build/system_stm32h7xx.o
 .ARM.attributes
                0x000000000800d042       0x32 build/QuadFO.o
 .ARM.attributes
                0x000000000800d074       0x21 build/startup_stm32h750xx.o
 .ARM.attributes
                0x000000000800d095       0x32 ../../DaisyExamples/libdaisy/build/libdaisy.a(daisy_seed.o)
 .ARM.attributes
                0x000000000800d0c7       0x32 ../../DaisyExamples/libdaisy/build/libdaisy.a(daisy_patch.o)
 .ARM.attributes
                0x000000000800d0f9       0x32 ../../DaisyExamples/libdaisy/build/libdaisy.a(per_adc.o)
 .ARM.attributes
                0x000000000800d12b       0x32 ../../DaisyExamples/libdaisy/build/libdaisy.a(hid_audio.o)
 .ARM.attributes
                0x000000000800d15d       0x32 ../../DaisyExamples/libdaisy/build/libdaisy.a(per_qspi.o)
 .ARM.attributes
                0x000000000800d18f       0x32 ../../DaisyExamples/libdaisy/build/libdaisy.a(dev_sdram.o)
 .ARM.attributes
                0x000000000800d1c1       0x32 ../../DaisyExamples/libdaisy/build/libdaisy.a(sys_system.o)
 .ARM.attributes
                0x000000000800d1f3       0x32 ../../DaisyExamples/libdaisy/build/libdaisy.a(per_i2c.o)
 .ARM.attributes
                0x000000000800d225       0x32 ../../DaisyExamples/libdaisy/build/libdaisy.a(per_sai.o)
 .ARM.attributes
                0x000000000800d257       0x32 ../../DaisyExamples/libdaisy/build/libdaisy.a(per_gpio.o)
 .ARM.attributes
                0x000000000800d289       0x32 ../../DaisyExamples/libdaisy/build/libdaisy.a(per_dac.o)
 .ARM.attributes
                0x000000000800d2bb       0x32 ../../DaisyExamples/libdaisy/build/libdaisy.a(per_tim.o)
 .ARM.attributes
                0x000000000800d2ed       0x32 ../../DaisyExamples/libdaisy/build/libdaisy.a(hid_ctrl.o)
 .ARM.attributes
                0x000000000800d31f       0x32 ../../DaisyExamples/libdaisy/build/libdaisy.a(hid_encoder.o)
 .ARM.attributes
                0x000000000800d351       0x32 ../../DaisyExamples/libdaisy/build/libdaisy.a(hid_gatein.o)
 .ARM.attributes
                0x000000000800d383       0x32 ../../DaisyExamples/libdaisy/build/libdaisy.a(hid_midi.o)
 .ARM.attributes
                0x000000000800d3b5       0x32 ../../DaisyExamples/libdaisy/build/libdaisy.a(hid_oled_display.o)
 .ARM.attributes
                0x000000000800d3e7       0x32 ../../DaisyExamples/libdaisy/build/libdaisy.a(hid_parameter.o)
 .ARM.attributes
                0x000000000800d419       0x32 ../../DaisyExamples/libdaisy/build/libdaisy.a(hid_switch.o)
 .ARM.attributes
                0x000000000800d44b       0x32 ../../DaisyExamples/libdaisy/build/libdaisy.a(util_hal_map.o)
 .ARM.attributes
                0x000000000800d47d       0x32 ../../DaisyExamples/libdaisy/build/libdaisy.a(stm32h7xx_hal_adc.o)
 .ARM.attributes
                0x000000000800d4af       0x32 ../../DaisyExamples/libdaisy/build/libdaisy.a(stm32h7xx_hal_adc_ex.o)
 .ARM.attributes
                0x000000000800d4e1       0x32 ../../DaisyExamples/libdaisy/build/libdaisy.a(stm32h7xx_hal_cortex.o)
 .ARM.attributes
                0x000000000800d513       0x32 ../../DaisyExamples/libdaisy/build/libdaisy.a(stm32h7xx_hal_dac.o)
 .ARM.attributes
                0x000000000800d545       0x32 ../../DaisyExamples/libdaisy/build/libdaisy.a(stm32h7xx_hal_sdram.o)
 .ARM.attributes
                0x000000000800d577       0x32 ../../DaisyExamples/libdaisy/build/libdaisy.a(stm32h7xx_hal_i2c.o)
 .ARM.attributes
                0x000000000800d5a9       0x32 ../../DaisyExamples/libdaisy/build/libdaisy.a(stm32h7xx_hal_i2c_ex.o)
 .ARM.attributes
                0x000000000800d5db       0x32 ../../DaisyExamples/libdaisy/build/libdaisy.a(stm32h7xx_hal_qspi.o)
 .ARM.attributes
                0x000000000800d60d       0x32 ../../DaisyExamples/libdaisy/build/libdaisy.a(stm32h7xx_hal_sai.o)
 .ARM.attributes
                0x000000000800d63f       0x32 ../../DaisyExamples/libdaisy/build/libdaisy.a(stm32h7xx_hal_tim.o)
 .ARM.attributes
                0x000000000800d671       0x32 ../../DaisyExamples/libdaisy/build/libdaisy.a(stm32h7xx_hal_tim_ex.o)
 .ARM.attributes
                0x000000000800d6a3       0x32 ../../DaisyExamples/libdaisy/build/libdaisy.a(stm32h7xx_hal_rcc.o)
 .ARM.attributes
                0x000000000800d6d5       0x32 ../../DaisyExamples/libdaisy/build/libdaisy.a(stm32h7xx_hal_rcc_ex.o)
 .ARM.attributes
                0x000000000800d707       0x32 ../../DaisyExamples/libdaisy/build/libdaisy.a(stm32h7xx_hal_gpio.o)
 .ARM.attributes
                0x000000000800d739       0x32 ../../DaisyExamples/libdaisy/build/libdaisy.a(stm32h7xx_hal_dma.o)
 .ARM.attributes
                0x000000000800d76b       0x32 ../../DaisyExamples/libdaisy/build/libdaisy.a(stm32h7xx_hal_mdma.o)
 .ARM.attributes
                0x000000000800d79d       0x32 ../../DaisyExamples/libdaisy/build/libdaisy.a(stm32h7xx_hal_pwr_ex.o)
 .ARM.attributes
                0x000000000800d7cf       0x32 ../../DaisyExamples/libdaisy/build/libdaisy.a(stm32h7xx_hal.o)
 .ARM.attributes
                0x000000000800d801       0x32 ../../DaisyExamples/libdaisy/build/libdaisy.a(dev_codec_pcm3060.o)
 .ARM.attributes
                0x000000000800d833       0x32 ../../DaisyExamples/libdaisy/build/libdaisy.a(dev_codec_wm8731.o)
 .ARM.attributes
                0x000000000800d865       0x32 ../../DaisyExamples/libdaisy/build/libdaisy.a(dev_codec_ak4556.o)
 .ARM.attributes
                0x000000000800d897       0x32 ../../DaisyExamples/libdaisy/build/libdaisy.a(sys_dma.o)
 .ARM.attributes
                0x000000000800d8c9       0x32 ../../DaisyExamples/libdaisy/build/libdaisy.a(per_spi.o)
 .ARM.attributes
                0x000000000800d8fb       0x32 ../../DaisyExamples/libdaisy/build/libdaisy.a(per_uart.o)
 .ARM.attributes
                0x000000000800d92d       0x32 ../../DaisyExamples/libdaisy/build/libdaisy.a(stm32h7xx_ll_fmc.o)
 .ARM.attributes
                0x000000000800d95f       0x32 ../../DaisyExamples/libdaisy/build/libdaisy.a(stm32h7xx_hal_spi.o)
 .ARM.attributes
                0x000000000800d991       0x32 ../../DaisyExamples/libdaisy/build/libdaisy.a(stm32h7xx_hal_uart.o)
 .ARM.attributes
                0x000000000800d9c3       0x32 ../../DaisyExamples/libdaisy/build/libdaisy.a(stm32h7xx_hal_uart_ex.o)
 .ARM.attributes
                0x000000000800d9f5       0x32 ../../DaisyExamples/DaisySP/build/libdaisysp.a(oscillator.o)
 .ARM.attributes
                0x000000000800da27       0x32 /usr/local/Cellar/arm-none-eabi-gcc/9-2019-q4-major/gcc/bin/../lib/gcc/arm-none-eabi/9.2.1/../../../../arm-none-eabi/lib/thumb/v7e-m+dp/hard/libstdc++_nano.a(atexit_arm.o)
 .ARM.attributes
                0x000000000800da59       0x32 /usr/local/Cellar/arm-none-eabi-gcc/9-2019-q4-major/gcc/bin/../lib/gcc/arm-none-eabi/9.2.1/../../../../arm-none-eabi/lib/thumb/v7e-m+dp/hard/libm.a(lib_a-sf_exp.o)
 .ARM.attributes
                0x000000000800da8b       0x30 /usr/local/Cellar/arm-none-eabi-gcc/9-2019-q4-major/gcc/bin/../lib/gcc/arm-none-eabi/9.2.1/../../../../arm-none-eabi/lib/thumb/v7e-m+dp/hard/libm.a(lib_a-sf_exp2_data.o)
 .ARM.attributes
                0x000000000800dabb       0x32 /usr/local/Cellar/arm-none-eabi-gcc/9-2019-q4-major/gcc/bin/../lib/gcc/arm-none-eabi/9.2.1/../../../../arm-none-eabi/lib/thumb/v7e-m+dp/hard/libm.a(lib_a-sf_log.o)
 .ARM.attributes
                0x000000000800daed       0x30 /usr/local/Cellar/arm-none-eabi-gcc/9-2019-q4-major/gcc/bin/../lib/gcc/arm-none-eabi/9.2.1/../../../../arm-none-eabi/lib/thumb/v7e-m+dp/hard/libm.a(lib_a-sf_log_data.o)
 .ARM.attributes
                0x000000000800db1d       0x32 /usr/local/Cellar/arm-none-eabi-gcc/9-2019-q4-major/gcc/bin/../lib/gcc/arm-none-eabi/9.2.1/../../../../arm-none-eabi/lib/thumb/v7e-m+dp/hard/libm.a(lib_a-sinf.o)
 .ARM.attributes
                0x000000000800db4f       0x32 /usr/local/Cellar/arm-none-eabi-gcc/9-2019-q4-major/gcc/bin/../lib/gcc/arm-none-eabi/9.2.1/../../../../arm-none-eabi/lib/thumb/v7e-m+dp/hard/libm.a(lib_a-wf_fmod.o)
 .ARM.attributes
                0x000000000800db81       0x32 /usr/local/Cellar/arm-none-eabi-gcc/9-2019-q4-major/gcc/bin/../lib/gcc/arm-none-eabi/9.2.1/../../../../arm-none-eabi/lib/thumb/v7e-m+dp/hard/libm.a(lib_a-ef_fmod.o)
 .ARM.attributes
                0x000000000800dbb3       0x32 /usr/local/Cellar/arm-none-eabi-gcc/9-2019-q4-major/gcc/bin/../lib/gcc/arm-none-eabi/9.2.1/../../../../arm-none-eabi/lib/thumb/v7e-m+dp/hard/libm.a(lib_a-math_errf.o)
 .ARM.attributes
                0x000000000800dbe5       0x30 /usr/local/Cellar/arm-none-eabi-gcc/9-2019-q4-major/gcc/bin/../lib/gcc/arm-none-eabi/9.2.1/../../../../arm-none-eabi/lib/thumb/v7e-m+dp/hard/libm.a(lib_a-s_lib_ver.o)
 .ARM.attributes
                0x000000000800dc15       0x32 /usr/local/Cellar/arm-none-eabi-gcc/9-2019-q4-major/gcc/bin/../lib/gcc/arm-none-eabi/9.2.1/../../../../arm-none-eabi/lib/thumb/v7e-m+dp/hard/libm.a(lib_a-s_matherr.o)
 .ARM.attributes
                0x000000000800dc47       0x30 /usr/local/Cellar/arm-none-eabi-gcc/9-2019-q4-major/gcc/bin/../lib/gcc/arm-none-eabi/9.2.1/../../../../arm-none-eabi/lib/thumb/v7e-m+dp/hard/libm.a(lib_a-sincosf_data.o)
 .ARM.attributes
                0x000000000800dc77       0x32 /usr/local/Cellar/arm-none-eabi-gcc/9-2019-q4-major/gcc/bin/../lib/gcc/arm-none-eabi/9.2.1/../../../../arm-none-eabi/lib/thumb/v7e-m+dp/hard/libc_nano.a(lib_a-cxa_atexit.o)
 .ARM.attributes
                0x000000000800dca9       0x32 /usr/local/Cellar/arm-none-eabi-gcc/9-2019-q4-major/gcc/bin/../lib/gcc/arm-none-eabi/9.2.1/../../../../arm-none-eabi/lib/thumb/v7e-m+dp/hard/libc_nano.a(lib_a-errno.o)
 .ARM.attributes
                0x000000000800dcdb       0x30 /usr/local/Cellar/arm-none-eabi-gcc/9-2019-q4-major/gcc/bin/../lib/gcc/arm-none-eabi/9.2.1/../../../../arm-none-eabi/lib/thumb/v7e-m+dp/hard/libc_nano.a(lib_a-impure.o)
 .ARM.attributes
                0x000000000800dd0b       0x32 /usr/local/Cellar/arm-none-eabi-gcc/9-2019-q4-major/gcc/bin/../lib/gcc/arm-none-eabi/9.2.1/../../../../arm-none-eabi/lib/thumb/v7e-m+dp/hard/libc_nano.a(lib_a-init.o)
 .ARM.attributes
                0x000000000800dd3d       0x32 /usr/local/Cellar/arm-none-eabi-gcc/9-2019-q4-major/gcc/bin/../lib/gcc/arm-none-eabi/9.2.1/../../../../arm-none-eabi/lib/thumb/v7e-m+dp/hard/libc_nano.a(lib_a-memcpy-stub.o)
 .ARM.attributes
                0x000000000800dd6f       0x32 /usr/local/Cellar/arm-none-eabi-gcc/9-2019-q4-major/gcc/bin/../lib/gcc/arm-none-eabi/9.2.1/../../../../arm-none-eabi/lib/thumb/v7e-m+dp/hard/libc_nano.a(lib_a-memset.o)
 .ARM.attributes
                0x000000000800dda1       0x1e /usr/local/Cellar/arm-none-eabi-gcc/9-2019-q4-major/gcc/bin/../lib/gcc/arm-none-eabi/9.2.1/thumb/v7e-m+dp/hard/libgcc.a(_arm_addsubdf3.o)
 .ARM.attributes
                0x000000000800ddbf       0x1e /usr/local/Cellar/arm-none-eabi-gcc/9-2019-q4-major/gcc/bin/../lib/gcc/arm-none-eabi/9.2.1/thumb/v7e-m+dp/hard/libgcc.a(_aeabi_uldivmod.o)
 .ARM.attributes
                0x000000000800dddd       0x32 /usr/local/Cellar/arm-none-eabi-gcc/9-2019-q4-major/gcc/bin/../lib/gcc/arm-none-eabi/9.2.1/thumb/v7e-m+dp/hard/libgcc.a(_udivmoddi4.o)
 .ARM.attributes
                0x000000000800de0f       0x1e /usr/local/Cellar/arm-none-eabi-gcc/9-2019-q4-major/gcc/bin/../lib/gcc/arm-none-eabi/9.2.1/thumb/v7e-m+dp/hard/libgcc.a(_dvmd_tls.o)
 .ARM.attributes
                0x000000000800de2d       0x1e /usr/local/Cellar/arm-none-eabi-gcc/9-2019-q4-major/gcc/bin/../lib/gcc/arm-none-eabi/9.2.1/thumb/v7e-m+dp/hard/crtn.o

.preinit_array  0x000000000800cfc0        0x0
                0x000000000800cfc0                PROVIDE (__preinit_array_start = .)
 *(.preinit_array*)
                0x000000000800cfc0                PROVIDE (__preinit_array_end = .)

.init_array     0x000000000800cfc0        0xc
                0x000000000800cfc0                PROVIDE (__init_array_start = .)
 *(SORT_BY_NAME(.init_array.*))
 *(.init_array*)
 .init_array    0x000000000800cfc0        0x4 /usr/local/Cellar/arm-none-eabi-gcc/9-2019-q4-major/gcc/bin/../lib/gcc/arm-none-eabi/9.2.1/thumb/v7e-m+dp/hard/crtbegin.o
 .init_array    0x000000000800cfc4        0x4 build/QuadFO.o
 .init_array    0x000000000800cfc8        0x4 ../../DaisyExamples/libdaisy/build/libdaisy.a(hid_oled_display.o)
                0x000000000800cfcc                PROVIDE (__init_array_end = .)

.fini_array     0x000000000800cfcc        0x4
                [!provide]                        PROVIDE (__fini_array_start = .)
 *(.fini_array*)
 .fini_array    0x000000000800cfcc        0x4 /usr/local/Cellar/arm-none-eabi-gcc/9-2019-q4-major/gcc/bin/../lib/gcc/arm-none-eabi/9.2.1/thumb/v7e-m+dp/hard/crtbegin.o
 *(SORT_BY_NAME(.fini_array.*))
                [!provide]                        PROVIDE (__fini_array_end = .)

.data           0x0000000024000000       0x90 load address 0x000000000800cfd0
                0x0000000024000000                . = ALIGN (0x4)
                0x0000000024000000                _sdata = .
                [!provide]                        PROVIDE (__data_start__ = _sdata)
 *(.data)
 .data          0x0000000024000000        0x4 /usr/local/Cellar/arm-none-eabi-gcc/9-2019-q4-major/gcc/bin/../lib/gcc/arm-none-eabi/9.2.1/thumb/v7e-m+dp/hard/crtbegin.o
                0x0000000024000000                __dso_handle
 *(.data*)
 .data.SystemCoreClock
                0x0000000024000004        0x4 build/system_stm32h7xx.o
                0x0000000024000004                SystemCoreClock
 .data.SystemD2Clock
                0x0000000024000008        0x4 build/system_stm32h7xx.o
                0x0000000024000008                SystemD2Clock
 .data.factors  0x000000002400000c       0x10 build/QuadFO.o
                0x000000002400000c                factors
 .data.lfo_waveforms
                0x000000002400001c        0x4 build/QuadFO.o
                0x000000002400001c                lfo_waveforms
 .data.uwTickFreq
                0x0000000024000020        0x1 ../../DaisyExamples/libdaisy/build/libdaisy.a(stm32h7xx_hal.o)
 *fill*         0x0000000024000021        0x3 
 .data.uwTickPrio
                0x0000000024000024        0x4 ../../DaisyExamples/libdaisy/build/libdaisy.a(stm32h7xx_hal.o)
 .data.__fdlib_version
                0x0000000024000028        0x1 /usr/local/Cellar/arm-none-eabi-gcc/9-2019-q4-major/gcc/bin/../lib/gcc/arm-none-eabi/9.2.1/../../../../arm-none-eabi/lib/thumb/v7e-m+dp/hard/libm.a(lib_a-s_lib_ver.o)
                0x0000000024000028                __fdlib_version
 *fill*         0x0000000024000029        0x3 
 .data._impure_ptr
                0x000000002400002c        0x4 /usr/local/Cellar/arm-none-eabi-gcc/9-2019-q4-major/gcc/bin/../lib/gcc/arm-none-eabi/9.2.1/../../../../arm-none-eabi/lib/thumb/v7e-m+dp/hard/libc_nano.a(lib_a-impure.o)
                0x000000002400002c                _impure_ptr
 .data.impure_data
                0x0000000024000030       0x60 /usr/local/Cellar/arm-none-eabi-gcc/9-2019-q4-major/gcc/bin/../lib/gcc/arm-none-eabi/9.2.1/../../../../arm-none-eabi/lib/thumb/v7e-m+dp/hard/libc_nano.a(lib_a-impure.o)
                0x0000000024000090                . = ALIGN (0x4)
                0x0000000024000090                _edata = .
                [!provide]                        PROVIDE (__data_end__ = _edata)
                0x000000000800cfd0                _sidata = LOADADDR (.data)

.igot.plt       0x0000000024000090        0x0 load address 0x000000000800d060
 .igot.plt      0x0000000024000090        0x0 /usr/local/Cellar/arm-none-eabi-gcc/9-2019-q4-major/gcc/bin/../lib/gcc/arm-none-eabi/9.2.1/thumb/v7e-m+dp/hard/crtbegin.o

.bss            0x0000000024000090     0x2214 load address 0x000000000800d060
                0x0000000024000090                . = ALIGN (0x4)
                0x0000000024000090                _sbss = .
                0x0000000024000090                PROVIDE (__bss_start__ = _sbss)
 *(.bss)
 .bss           0x0000000024000090       0x1c /usr/local/Cellar/arm-none-eabi-gcc/9-2019-q4-major/gcc/bin/../lib/gcc/arm-none-eabi/9.2.1/thumb/v7e-m+dp/hard/crtbegin.o
 *(.bss*)
 .bss.LFOS      0x00000000240000ac       0x90 build/QuadFO.o
                0x00000000240000ac                LFOS
 .bss.freqctrl  0x000000002400013c       0x34 build/QuadFO.o
                0x000000002400013c                freqctrl
 .bss.hw        0x0000000024000170      0x198 build/QuadFO.o
                0x0000000024000170                hw
 .bss.lfo_amp   0x0000000024000308        0x4 build/QuadFO.o
                0x0000000024000308                lfo_amp
 .bss.lfo_freq  0x000000002400030c        0x4 build/QuadFO.o
                0x000000002400030c                lfo_freq
 .bss.lfo_kr_amp
                0x0000000024000310        0x4 build/QuadFO.o
                0x0000000024000310                lfo_kr_amp
 .bss.phasectrl
                0x0000000024000314       0x34 build/QuadFO.o
                0x0000000024000314                phasectrl
 .bss.wavectrl  0x0000000024000348       0x34 build/QuadFO.o
                0x0000000024000348                wavectrl
 *fill*         0x000000002400037c        0x4 
 .bss._ZL3adc   0x0000000024000380      0x200 ../../DaisyExamples/libdaisy/build/libdaisy.a(per_adc.o)
 .bss.audio_handle
                0x0000000024000580      0x828 ../../DaisyExamples/libdaisy/build/libdaisy.a(hid_audio.o)
 .bss.audio_handle_ext
                0x0000000024000da8      0x828 ../../DaisyExamples/libdaisy/build/libdaisy.a(hid_audio.o)
 .bss.using_new_callbacks
                0x00000000240015d0        0x1 ../../DaisyExamples/libdaisy/build/libdaisy.a(hid_audio.o)
 *fill*         0x00000000240015d1        0x3 
 .bss.qspi_handle
                0x00000000240015d4       0x54 ../../DaisyExamples/libdaisy/build/libdaisy.a(per_qspi.o)
 .bss.FMC_Initialized
                0x0000000024001628        0x4 ../../DaisyExamples/libdaisy/build/libdaisy.a(dev_sdram.o)
 *fill*         0x000000002400162c        0x4 
 .bss.dsy_sdram
                0x0000000024001630       0x3c ../../DaisyExamples/libdaisy/build/libdaisy.a(dev_sdram.o)
 .bss.i2c1_handler
                0x000000002400166c        0x6 ../../DaisyExamples/libdaisy/build/libdaisy.a(per_i2c.o)
 *fill*         0x0000000024001672        0x2 
 .bss.i2c2_handler
                0x0000000024001674        0x6 ../../DaisyExamples/libdaisy/build/libdaisy.a(per_i2c.o)
 *fill*         0x000000002400167a        0x2 
 .bss.i2c3_handler
                0x000000002400167c        0x6 ../../DaisyExamples/libdaisy/build/libdaisy.a(per_i2c.o)
 *fill*         0x0000000024001682        0x2 
 .bss.i2c4_handler
                0x0000000024001684        0x6 ../../DaisyExamples/libdaisy/build/libdaisy.a(per_i2c.o)
 *fill*         0x000000002400168a        0x2 
 .bss.SAI1_client
                0x000000002400168c        0x4 ../../DaisyExamples/libdaisy/build/libdaisy.a(per_sai.o)
 .bss.SAI2_client
                0x0000000024001690        0x4 ../../DaisyExamples/libdaisy/build/libdaisy.a(per_sai.o)
 .bss.sai_handle
                0x0000000024001694       0x21 ../../DaisyExamples/libdaisy/build/libdaisy.a(per_sai.o)
 *fill*         0x00000000240016b5        0x3 
 .bss.dac       0x00000000240016b8       0x1c ../../DaisyExamples/libdaisy/build/libdaisy.a(per_dac.o)
 *fill*         0x00000000240016d4        0x4 
 .bss.tim       0x00000000240016d8       0x4c ../../DaisyExamples/libdaisy/build/libdaisy.a(per_tim.o)
 .bss._ZL14SSD1309_Buffer
                0x0000000024001724      0x400 ../../DaisyExamples/libdaisy/build/libdaisy.a(hid_oled_display.o)
 .bss._ZL5h_spi
                0x0000000024001b24        0x1 ../../DaisyExamples/libdaisy/build/libdaisy.a(hid_oled_display.o)
 *fill*         0x0000000024001b25        0x3 
 .bss._ZL6pin_dc
                0x0000000024001b28        0x4 ../../DaisyExamples/libdaisy/build/libdaisy.a(hid_oled_display.o)
 .bss._ZL7SSD1309
                0x0000000024001b2c        0x6 ../../DaisyExamples/libdaisy/build/libdaisy.a(hid_oled_display.o)
 *fill*         0x0000000024001b32        0x2 
 .bss._ZL9pin_reset
                0x0000000024001b34        0x4 ../../DaisyExamples/libdaisy/build/libdaisy.a(hid_oled_display.o)
 .bss.uwTick    0x0000000024001b38        0x4 ../../DaisyExamples/libdaisy/build/libdaisy.a(stm32h7xx_hal.o)
 .bss._ZL5hspi1
                0x0000000024001b3c       0x88 ../../DaisyExamples/libdaisy/build/libdaisy.a(per_spi.o)
 .bss._ZL7uhandle
                0x0000000024001bc4      0x15c ../../DaisyExamples/libdaisy/build/libdaisy.a(per_uart.o)
 *(COMMON)
 COMMON         0x0000000024001d20      0x440 ../../DaisyExamples/libdaisy/build/libdaisy.a(per_sai.o)
                0x0000000024001d20                hsai_BlockB2
                0x0000000024001db8                hdma_sai2_b
                0x0000000024001e30                hsai_BlockA2
                0x0000000024001ec8                hsai_BlockB1
                0x0000000024001f60                hdma_sai1_a
                0x0000000024001fd8                hdma_sai1_b
                0x0000000024002050                hdma_sai2_a
                0x00000000240020c8                hsai_BlockA1